FSYM(FSYM(FSYM(FSYM(FSYM(nil,229).nil,231).FSYM(FSYM(nil,229).nil,231).nil,234).FSYM(FSYM(INT(3).nil,201).nil,232).nil,234).FSYM(FSYM(FSYM(FSYM(FSYM(INT(6).nil,201).nil,232).FSYM(FSYM(nil,229).nil,231).nil,234).FSYM(FSYM(FSYM(FSYM(INT(2).nil,201).nil,232).FSYM(FSYM(nil,228).nil,231).nil,234).FSYM(FSYM(nil,228).nil,231).nil,233).nil,233).FSYM(FSYM(nil,228).nil,231).nil,234).nil,233)
