Identifiers
66:"B".
70:"F".
72:"H".
73:"I".
74:"J".
78:"N".
80:"P".
81:"Q".
82:"R".
88:"X".
89:"Y".
90:"Z".
97:"a".
98:"b".
99:"c".
100:"d".
101:"e".
105:"i".
106:"j".
108:"l".
110:"n".
111:"o".
112:"p".
115:"s".
116:"t".
118:"v".
120:"x".
121:"y".
132:"AC".
139:"HC".
143:"IF".
157:"l1".
158:"l2".
159:"n1".
164:"s1".
165:"t1".
166:"SS".
198:"cc".
199:"dc".
202:"ee".
205:"id".
207:"dk".
211:"AND".
213:"of".
214:"eq".
215:"END".
219:"by".
220:"th".
225:"or".
226:"vl".
227:"to".
228:"vn".
231:"FOR".
232:"LPL".
247:"cc1".
259:"s_1".
260:"t_1".
261:"t_2".
273:"EACH".
295:"META".
300:"Fss".
305:"THAT".
306:"Ops".
307:"SUCH".
311:"end".
320:"mod".
322:"one".
323:"div".
324:"neq".
327:"for".
329:"var".
330:"new".
331:"pri".
337:"not".
351:"try".
354:"ANDIF".
376:"s2".
377:"t2".
402:"head".
411:"code".
412:"fail".
414:"jane".
418:"if".
419:"elem".
420:"oocc".
423:"elim".
424:"bs".
426:"self".
428:"bool".
429:"tall".
430:"btoi".
431:"then".
433:"atom".
435:"cons".
437:"dont".
438:"tone".
439:"part".
440:"term".
441:"umin".
443:"size".
444:"with".
446:"rest".
447:"know".
448:"true".
452:"plus".
454:"toto".
456:"sort".
471:"s_2".
489:"dcOne".
510:"check".
513:"atomP".
518:"and".
522:"alias".
523:"local".
525:"match".
529:"sigma".
531:"cmp".
532:"ident".
534:"nil".
537:"nvocc".
539:"where".
540:"occur".
542:"int".
549:"isvar".
550:"apply".
552:"tsome".
554:"spart".
555:"rules".
556:"minus".
558:"start".
561:"subst".
564:"pplus".
566:"query".
578:"sigma1".
579:"sigma2".
611:"dccall".
619:"dkcall".
621:"eqPass".
622:"care".
623:"call".
625:"global".
627:"delete".
632:"append".
635:"at".
636:"second".
637:"in".
639:"public".
640:"eq_int".
641:"repeat".
642:"time".
646:"module".
648:"ispair".
649:"love".
650:"less".
653:"lesseq".
654:"tt".
655:"list".
657:"source".
658:"switch".
659:"normin".
665:"varnum".
667:"import".
668:"pminus".
670:"unifys".
671:"result".
674:"export".
677:"system".
719:"defined".
720:"declare".
721:"Preds".
722:"valueOf".
730:"Epsilon".
732:"replace".
734:"false".
735:"sldStep".
737:"eq_bool".
742:"eq_atom".
745:"trueadd".
746:"greater".
749:"eq_term".
750:"iterate".
751:"size_of".
754:"new_var".
759:"builtin".
763:"first".
766:"unify".
770:"rewrite".
773:"varlist".
781:"stratop".
788:"normout".
831:"coalesce".
833:"ccat".
834:"case".
835:"handline".
836:"beer".
837:"occCheck2".
838:"variable".
841:"eq_ident".
842:"firstOne".
843:"rename".
846:"nil_pair".
847:"neq_bool".
849:"dcconcur".
850:"inline".
851:"nil_atom".
852:"choose".
853:"john".
856:"btoi_int".
857:"dkconcur".
859:"implicit".
861:"cons_int".
865:"less_int".
866:"explicit".
870:"prolog".
871:"trueelim".
874:"identity".
877:"queryend".
878:"lovers".
883:"strategy".
887:"truepass".
899:"definedAs".
900:"inOccRule".
905:"hardAlias".
930:"VarStop".
931:"Clauses".
932:"assocLeft".
937:"sldSucces".
951:"neq_ident".
953:"variables".
956:"theta".
958:"cons_pair".
959:"decompose".
960:"greatereq".
961:"neq_int".
962:"less_bool".
963:"cons_atom".
967:"less_atom".
970:"normalise".
972:"oneconcur".
974:"private".
977:"normalize".
981:"subterm".
984:"mergePass1".
985:"mergePass2".
986:"otherwise".
991:"operators".
999:"system_to".
1001:"eliminate1".
1002:"eliminate2".
1016:"matchClash".
1019:"mergeClash".
1024:"topOccRule".
1028:"Predicates".
1045:"Vars".
1046:"anyInteger".
1047:"assocRight".
1052:"delete_new".
1057:"eval".
1058:"builtinInt".
1059:"identifier".
1061:"pair".
1062:"matchs".
1063:"itob".
1064:"is".
1067:"itob_int".
1070:"neq_term".
1077:"occurs".
1079:"lesseq_int".
1081:"equation".
1083:"strategies".
1097:"truepropag".
1147:"eq_variable".
1171:"nil_int".
1172:"greater_int".
1175:"listExtract".
1176:"lesseq_bool".
1177:"size_of_int".
1181:"sigSyntax".
1183:"prologMinus".
1185:"less_term".
1188:"description".
1197:"mergePass3".
1236:"mergingClash".
1252:"extractrule1".
1253:"extractrule2".
1256:"nil_variable".
1257:"neq_variable".
1258:"sldState".
1268:"applySubstOn".
1269:"greater_bool".
1272:"new_var_elim".
1273:"prologNequal".
1274:"size_of_pair".
1279:"size_of_atom".
1280:"varlist_Vars".
1281:"greater_term".
1288:"rename_subst".
1290:"prologPlus".
1341:"substitution".
1355:"anyIdentifier".
1367:"eq_builtinInt".
1368:"eq_identifier".
1372:"less_variable".
1377:"specification".
1383:"termCommons".
1386:"greatereq_int".
1392:"lesseq_atom".
1399:"lesseq_term".
1469:"occCheck1".
1477:"neq_builtinInt".
1478:"neq_identifier".
1480:"prologIs".
1483:"greatereq_bool".
1485:"neq_atom".
1488:"greatereq_atom".
1492:"eqSystem".
1495:"greatereq_term".
1501:"prologBuiltins".
1560:"chooseOccurence".
1579:"cons_variable".
1583:"btoi_builtinInt".
1586:"lesseq_variable".
1589:"cons_identifier".
1592:"less_builtinInt".
1593:"less_identifier".
1594:"umin_builtinInt".
1610:"sldResolution".
1655:"system_to_subst".
1679:"greater_variable".
1684:"size_of_variable".
1688:"nil_identifier".
1691:"hornClauseSyntax".
1694:"conflict".
1696:"greater_atom".
1703:"unfold".
1712:"prologConstant".
1716:"size_of_int_list".
1794:"itob_builtinInt".
1805:"varnum_Vars".
1806:"lesseq_builtinInt".
1807:"lesseq_identifier".
1818:"size_of_atom_list".
1893:"greatereq_variable".
1899:"greater_builtinInt".
1900:"greater_identifier".
1905:"size_of_identifier".
2016:"falsepropag".
2100:"delete_new_variables".
2113:"greatereq_builtinInt".
2114:"greatereq_identifier".
2123:"syntacticUnification".
2223:"size_of_variable_list".
2444:"size_of_identifier_list".
nil
end

Sorts
19:"intern int".
29:"<pair[atom,list[atom]]->pair[atom,list[atom]]>".
32:"ident".
46:"pair[identifier,int]".
58:"builtinInt".
59:"identifier".
61:"list[atom]".
95:"<atom->atom>".
147:"<list[int]->list[int]>".
150:"pair[atom,list[atom]]".
174:"list[pair[identifier,int]]".
187:"list[identifier]".
220:"intern ident".
278:"list[pair[atom,list[atom]]]".
321:"<pair[identifier,int]->pair[identifier,int]>".
331:"int".
336:"sldState".
338:"variable".
341:"substitution".
347:"<identifier->identifier>".
351:"intern string".
359:"eqSystem".
370:"equation".
390:"builtinString".
391:"<int->int>".
401:"<sldState->sldState>".
405:"<variable->variable>".
428:"bool".
433:"atom".
440:"term".
447:"<eqSystem->eqSystem>".
459:"list[int]".
466:"list[variable]".
nil
end

Modules
5:"eqSystem[Ops,Vars]".
12:"Vars".
21:"prolog.lgi".
28:"bool".
31:"eq[atom]".
33:"replace[term,atom]".
36:"eq[variable]".
37:"hornClauseSyntax[Ops,Vars]".
38:"eq[term]".
39:"Predicates".
40:"replace[term,term]".
46:"anyInteger".
47:"prologBuiltins[Ops,Vars]".
55:"occur[bool,eqSystem]".
57:"eq[identifier]".
58:"builtinInt".
59:"identifier".
61:"list[atom]".
65:"occur[variable,eqSystem]".
66:"list[variable]".
68:"pair[identifier,int]".
69:"syntacticUnification[Ops,Vars]".
70:"replace[term,eqSystem]".
72:"replace[term,list[atom]]".
74:"list[pair[identifier,int]]".
79:"occur[variable,term]".
87:"list[identifier]".
91:"applySubstOn[Ops,Vars,atom]".
98:"applySubstOn[Ops,Vars,term]".
106:"Ops".
117:"applySubstOn[Ops,Vars,eqSystem]".
118:"termCommons[Ops,Vars]".
119:"VarStop".
120:"Clauses".
130:"applySubstOn[Ops,Vars,list[atom]]".
131:"int".
132:"ident".
137:"cmp[atom]".
141:"substitution".
142:"cmp[variable]".
144:"cmp[term]".
150:"pair[atom,list[atom]]".
153:"atomP[Ops,Vars,Predicates]".
155:"anyIdentifier".
159:"anyString".
163:"cmp[identifier]".
166:"sldResolution[Ops,Vars,Predicates,Clauses,VarStop]".
170:"sigSyntax".
178:"list[pair[atom,list[atom]]]".
179:"atom[Ops,Vars]".
181:"anyQuotedIdentifier".
192:"list[int]".
nil
end

RuleNames
14:"truepropag:eqSystem".
41:"topOccRule:list[int]".
89:"falsepropag:eqSystem".
148:"extractrule1:variable".
149:"extractrule2:variable".
189:"new_var_elim:eqSystem".
221:"new_var_elim:eqSystem/eqSystem[Ops,Vars]!GL".
265:"extractrule1:pair[identifier,int]/list[pair[identifier,int]]!LO".
266:"extractrule2:pair[identifier,int]/list[pair[identifier,int]]!LO".
270:"inOccRule:list[int]/termCommons[Ops,Vars]!LO".
291:"extractrule1:identifier/list[identifier]!LO".
292:"extractrule2:identifier/list[identifier]!LO".
369:"extractrule1:identifier".
370:"extractrule2:identifier".
394:"topOccRule:list[int]/termCommons[Ops,Vars]!LO".
473:"extractrule1:pair[atom,list[atom]]/list[pair[atom,list[atom]]]!LO".
474:"extractrule2:pair[atom,list[atom]]/list[pair[atom,list[atom]]]!LO".
808:"sldStep:sldState/sldResolution[Ops,Vars,Predicates,Clauses,VarStop]!LO".
835:"extractrule1:int/list[int]!LO".
836:"extractrule2:int/list[int]!LO".
840:"delete:eqSystem/syntacticUnification[Ops,Vars]!GL".
958:"trueadd:eqSystem/syntacticUnification[Ops,Vars]!GL".
1010:"sldSucces:sldState/sldResolution[Ops,Vars,Predicates,Clauses,VarStop]!LO".
1039:"extractrule1:atom/list[atom]!LO".
1040:"extractrule2:atom/list[atom]!LO".
1044:"coalesce:eqSystem/syntacticUnification[Ops,Vars]!GL".
1049:"occCheck1:eqSystem/syntacticUnification[Ops,Vars]!GL".
1050:"occCheck2:eqSystem/syntacticUnification[Ops,Vars]!GL".
1063:"conflict:eqSystem/syntacticUnification[Ops,Vars]!GL".
1084:"trueelim:eqSystem/syntacticUnification[Ops,Vars]!GL".
1100:"truepass:eqSystem/syntacticUnification[Ops,Vars]!GL".
1180:"decompose:eqSystem/syntacticUnification[Ops,Vars]!LO".
1197:"mergePass1:eqSystem/syntacticUnification[Ops,Vars]!GL".
1198:"mergePass2:eqSystem/syntacticUnification[Ops,Vars]!GL".
1199:"mergePass3:eqSystem/syntacticUnification[Ops,Vars]!GL".
1214:"eliminate1:eqSystem/syntacticUnification[Ops,Vars]!GL".
1215:"eliminate2:eqSystem/syntacticUnification[Ops,Vars]!GL".
1229:"matchClash:eqSystem/syntacticUnification[Ops,Vars]!GL".
1232:"mergeClash:eqSystem/syntacticUnification[Ops,Vars]!GL".
1310:"truepropag:eqSystem/syntacticUnification[Ops,Vars]!GL".
1356:"extractrule1:pair[identifier,int]".
1357:"extractrule2:pair[identifier,int]".
1385:"falsepropag:eqSystem/syntacticUnification[Ops,Vars]!GL".
1460:"extractrule1:pair[atom,list[atom]]".
1461:"extractrule2:pair[atom,list[atom]]".
1538:"eqPass:eqSystem".
1544:"delete:eqSystem".
1565:"unfold:eqSystem".
1570:"eqPass:eqSystem/eqSystem[Ops,Vars]!GL".
1597:"unfold:eqSystem/eqSystem[Ops,Vars]!GL".
1629:"sldStep:sldState".
1641:"extractrule1:int".
1642:"extractrule2:int".
1662:"trueadd:eqSystem".
1743:"extractrule1:atom".
1744:"extractrule2:atom".
1748:"coalesce:eqSystem".
1753:"occCheck1:eqSystem".
1754:"occCheck2:eqSystem".
1767:"conflict:eqSystem".
1788:"trueelim:eqSystem".
1804:"truepass:eqSystem".
1831:"sldSucces:sldState".
1849:"extractrule1:variable/list[variable]!LO".
1850:"extractrule2:variable/list[variable]!LO".
1876:"decompose:eqSystem".
1901:"mergePass1:eqSystem".
1902:"mergePass2:eqSystem".
1903:"mergePass3:eqSystem".
1917:"inOccRule:list[int]".
1918:"eliminate1:eqSystem".
1919:"eliminate2:eqSystem".
1933:"matchClash:eqSystem".
1936:"mergeClash:eqSystem".
nil
end

StrategyNames
0:"listExtract:pair[identifier,int]/list[pair[identifier,int]]".
26:"listExtract:identifier/list[identifier]".
58:"match:eqSystem/syntacticUnification[Ops,Vars]".
70:"listExtract:int/list[int]".
84:"listExtract:variable/list[variable]".
88:"unify:eqSystem/syntacticUnification[Ops,Vars]".
173:"matchs:eqSystem/syntacticUnification[Ops,Vars]".
203:"unifys:eqSystem/syntacticUnification[Ops,Vars]".
208:"listExtract:pair[atom,list[atom]]/list[pair[atom,list[atom]]]".
242:"chooseOccurence:list[int]/termCommons[Ops,Vars]".
274:"listExtract:atom/list[atom]".
284:"sldResolution:sldState/sldResolution[Ops,Vars,Predicates,Clauses,VarStop]".
369:"delete_new_variables:eqSystem/eqSystem[Ops,Vars]".
nil
end

GrammarForSort 29:0:
3:403:0:12:0:0:0:Ident(1175).nil:nil.
nil end
GrammarForSort 46:0:
3:328:0:8:0:0:0:Char(91).Type(59).Char(44).Type(331).Char(93).nil:nil.
3:335:0:8:0:0:0:Ident(419).Char(40).Type(174).Char(41).nil:nil.
3:336:0:8:0:0:0:Type(331).Char(45).Ident(220).Ident(419).Char(40).Type(174).Char(41).nil:nil.
nil end
GrammarForSort 58:1:
3:3:500:1:3:0:0:Type(58).Char(43).Type(58).nil:nil.
3:4:600:1:4:0:0:Type(58).Char(45).Type(58).nil:nil.
3:5:700:1:5:0:0:Type(58).Char(42).Type(58).nil:nil.
3:6:800:1:6:0:0:Type(58).Char(47).Type(58).nil:nil.
3:27:800:1:27:0:0:Type(58).Char(37).Type(58).nil:nil.
3:28:800:1:28:0:0:Type(58).Char(38).Type(58).nil:nil.
3:29:800:1:29:0:0:Type(58).Char(124).Type(58).nil:nil.
3:20:900:0:20:0:0:Char(45).Type(58).nil:nil.
3:3:500:1:3:0:0:Char(40).Type(58).Char(43).Type(58).Char(41).nil:nil.
3:4:600:1:4:0:0:Char(40).Type(58).Char(45).Type(58).Char(41).nil:nil.
3:5:700:1:5:0:0:Char(40).Type(58).Char(42).Type(58).Char(41).nil:nil.
3:6:800:1:6:0:0:Char(40).Type(58).Char(47).Type(58).Char(41).nil:nil.
3:27:800:1:27:0:0:Char(40).Type(58).Char(37).Type(58).Char(41).nil:nil.
3:28:800:1:28:0:0:Char(40).Type(58).Char(38).Type(58).Char(41).nil:nil.
3:29:800:1:29:0:0:Char(40).Type(58).Char(124).Type(58).Char(41).nil:nil.
3:20:900:0:20:0:0:Char(40).Char(45).Type(58).Char(41).nil:nil.
3:3:0:8:3:0:0:Ident(452).Char(40).Type(58).Char(44).Type(58).Char(41).nil:nil.
3:4:0:8:4:0:0:Ident(556).Char(40).Type(58).Char(44).Type(58).Char(41).nil:nil.
3:5:0:8:5:0:0:Ident(642).Char(40).Type(58).Char(44).Type(58).Char(41).nil:nil.
3:6:0:8:6:0:0:Ident(323).Char(40).Type(58).Char(44).Type(58).Char(41).nil:nil.
3:27:0:8:27:0:0:Ident(320).Char(40).Type(58).Char(44).Type(58).Char(41).nil:nil.
3:28:0:8:28:0:0:Ident(518).Char(40).Type(58).Char(44).Type(58).Char(41).nil:nil.
3:29:0:8:29:0:0:Ident(225).Char(40).Type(58).Char(44).Type(58).Char(41).nil:nil.
3:20:0:0:20:0:0:Ident(441).Char(40).Type(58).Char(41).nil:nil.
3:20:0:8:20:0:0:Ident(1594).Char(40).Type(58).Char(41).nil:nil.
3:25:900:0:25:0:0:Ident(430).Char(40).Type(428).Char(41).nil:nil.
3:25:900:8:25:0:0:Ident(1583).Char(40).Type(428).Char(41).nil:nil.
3:317:900:8:0:0:0:Ident(722).Char(40).Type(331).Char(41).nil:nil.
nil end
GrammarForSort 59:0:
3:319:0:8:0:0:0:Type(32).nil:nil.
3:329:0:0:0:0:0:Ident(763).Char(40).Type(46).Char(41).nil:nil.
3:329:0:8:0:0:0:Num(1).Char(45).Ident(220).Char(40).Type(46).Char(41).nil:nil.
3:364:0:8:0:0:0:Ident(402).Char(40).Type(440).Char(41).nil:nil.
3:389:0:8:0:0:0:Ident(402).Char(40).Type(433).Char(41).nil:nil.
nil end
GrammarForSort 61:0:
3:381:0:0:0:0:0:Ident(851).nil:nil.
3:381:0:8:0:0:0:Ident(534).nil:nil.
3:382:0:0:0:0:0:Type(433).Char(46).Type(61).nil:nil.
3:382:0:0:0:0:0:Type(433).Type(61).nil:nil.
3:382:0:0:0:0:0:Type(433).Char(44).Type(61).nil:nil.
3:382:0:0:0:0:0:Ident(435).Char(40).Type(433).Char(44).Type(61).Char(41).nil:nil.
3:382:0:8:0:0:0:Ident(963).Char(40).Type(433).Char(44).Type(61).Char(41).nil:nil.
3:383:0:0:0:0:0:Ident(632).Char(40).Type(61).Char(44).Type(61).Char(41).nil:nil.
3:383:0:8:0:0:0:Type(61).Char(64).Type(61).nil:nil.
3:387:0:0:0:0:0:Ident(833).Char(40).Type(331).Char(42).Type(61).Char(41).nil:nil.
3:387:0:8:0:0:0:Ident(833).Char(40).Type(331).Char(44).Type(61).Char(41).nil:nil.
3:394:0:0:0:0:0:Ident(636).Char(40).Type(150).Char(41).nil:nil.
3:394:0:8:0:0:0:Num(2).Char(45).Ident(220).Char(40).Type(150).Char(41).nil:nil.
3:381:0:0:0:0:0:Char(46).nil:nil.
3:382:0:0:0:0:0:Type(433).Char(44).Type(61).nil:nil.
3:422:0:0:0:0:0:Type(341).Char(40).Type(61).Char(41).nil:nil.
3:422:0:8:0:0:0:Ident(550).Char(40).Type(341).Char(44).Type(61).Char(41).nil:nil.
nil end
GrammarForSort 95:0:
3:388:0:12:0:0:0:Ident(1175).nil:nil.
nil end
GrammarForSort 147:0:
3:380:0:12:0:0:0:Ident(1560).nil:nil.
nil end
GrammarForSort 150:0:
3:392:0:8:0:0:0:Char(91).Type(433).Char(44).Type(61).Char(93).nil:nil.
3:399:0:8:0:0:0:Ident(419).Char(40).Type(278).Char(41).nil:nil.
3:400:0:8:0:0:0:Type(331).Char(45).Ident(220).Ident(419).Char(40).Type(278).Char(41).nil:nil.
3:392:0:0:0:0:0:Type(433).Type(61).nil:nil.
3:392:0:0:0:0:0:Type(433).Char(58).Char(45).Type(61).nil:nil.
nil end
GrammarForSort 174:0:
3:332:0:0:0:0:0:Ident(846).Char(91).Ident(1059).Char(44).Ident(542).Char(93).nil:nil.
3:332:0:8:0:0:0:Ident(534).nil:nil.
3:333:0:0:0:0:0:Type(46).Char(46).Type(174).nil:nil.
3:333:0:0:0:0:0:Type(46).Type(174).nil:nil.
3:333:0:0:0:0:0:Type(46).Char(44).Type(174).nil:nil.
3:333:0:0:0:0:0:Ident(435).Char(40).Type(46).Char(44).Type(174).Char(41).nil:nil.
3:333:0:8:0:0:0:Ident(958).Char(91).Ident(1059).Char(44).Ident(542).Char(93).Char(40).Type(46).Char(44).Type(174).Char(41).nil:nil.
3:334:0:0:0:0:0:Ident(632).Char(40).Type(174).Char(44).Type(174).Char(41).nil:nil.
3:334:0:8:0:0:0:Type(174).Char(64).Type(174).nil:nil.
3:338:0:0:0:0:0:Ident(833).Char(40).Type(331).Char(42).Type(174).Char(41).nil:nil.
3:338:0:8:0:0:0:Ident(833).Char(40).Type(331).Char(44).Type(174).Char(41).nil:nil.
3:342:0:8:0:0:0:Ident(1028).nil:nil.
nil end
GrammarForSort 187:0:
nil end
GrammarForSort 278:0:
3:396:0:0:0:0:0:Ident(846).Char(91).Ident(433).Char(44).Ident(655).Char(91).Ident(433).Char(93).Char(93).nil:nil.
3:396:0:8:0:0:0:Ident(534).nil:nil.
3:397:0:0:0:0:0:Type(150).Char(46).Type(278).nil:nil.
3:397:0:0:0:0:0:Type(150).Type(278).nil:nil.
3:397:0:0:0:0:0:Type(150).Char(44).Type(278).nil:nil.
3:397:0:0:0:0:0:Ident(435).Char(40).Type(150).Char(44).Type(278).Char(41).nil:nil.
3:397:0:8:0:0:0:Ident(958).Char(91).Ident(433).Char(44).Ident(655).Char(91).Ident(433).Char(93).Char(93).Char(40).Type(150).Char(44).Type(278).Char(41).nil:nil.
3:398:0:0:0:0:0:Ident(632).Char(40).Type(278).Char(44).Type(278).Char(41).nil:nil.
3:398:0:8:0:0:0:Type(278).Char(64).Type(278).nil:nil.
3:402:0:0:0:0:0:Ident(833).Char(40).Type(331).Char(42).Type(278).Char(41).nil:nil.
3:402:0:8:0:0:0:Ident(833).Char(40).Type(331).Char(44).Type(278).Char(41).nil:nil.
3:396:0:0:0:0:0:Blank.nil:nil.
3:397:0:0:0:0:0:Type(150).Type(278).nil:nil.
3:409:0:8:0:0:0:Ident(931).nil:nil.
nil end
GrammarForSort 321:0:
3:339:0:12:0:0:0:Ident(1175).nil:nil.
nil end
GrammarForSort 331:0:
3:300:1000:0:0:0:0:Type(58).nil:nil.
3:300:1000:0:0:0:0:Char(91).Type(58).Char(93).nil:nil.
3:301:500:1:0:0:0:Type(331).Char(43).Type(331).nil:nil.
3:302:600:1:0:0:0:Type(331).Char(45).Type(331).nil:nil.
3:303:700:1:0:0:0:Type(331).Char(42).Type(331).nil:nil.
3:304:800:1:0:0:0:Type(331).Char(37).Type(331).nil:nil.
3:305:800:1:0:0:0:Type(331).Char(38).Type(331).nil:nil.
3:306:800:1:0:0:0:Type(331).Char(47).Type(331).nil:nil.
3:307:800:1:0:0:0:Type(331).Char(124).Type(331).nil:nil.
3:308:900:0:0:0:0:Char(45).Type(331).nil:nil.
3:301:500:0:0:0:0:Char(40).Type(331).Char(43).Type(331).Char(41).nil:nil.
3:302:600:0:0:0:0:Char(40).Type(331).Char(45).Type(331).Char(41).nil:nil.
3:303:700:0:0:0:0:Char(40).Type(331).Char(42).Type(331).Char(41).nil:nil.
3:306:800:0:0:0:0:Char(40).Type(331).Char(47).Type(331).Char(41).nil:nil.
3:304:800:0:0:0:0:Char(40).Type(331).Char(37).Type(331).Char(41).nil:nil.
3:305:800:0:0:0:0:Char(40).Type(331).Char(38).Type(331).Char(41).nil:nil.
3:307:800:0:0:0:0:Char(40).Type(331).Char(124).Type(331).Char(41).nil:nil.
3:308:900:0:0:0:0:Char(40).Char(45).Type(331).Char(41).nil:nil.
3:301:500:8:0:0:0:Ident(452).Char(40).Type(331).Char(44).Type(331).Char(41).nil:nil.
3:302:600:8:0:0:0:Ident(556).Char(40).Type(331).Char(44).Type(331).Char(41).nil:nil.
3:303:700:8:0:0:0:Ident(642).Char(40).Type(331).Char(44).Type(331).Char(41).nil:nil.
3:306:800:8:0:0:0:Ident(323).Char(40).Type(331).Char(44).Type(331).Char(41).nil:nil.
3:304:800:8:0:0:0:Ident(320).Char(40).Type(331).Char(44).Type(331).Char(41).nil:nil.
3:305:800:8:0:0:0:Ident(518).Char(40).Type(331).Char(44).Type(331).Char(41).nil:nil.
3:307:800:8:0:0:0:Ident(225).Char(40).Type(331).Char(44).Type(331).Char(41).nil:nil.
3:308:900:8:0:0:0:Ident(441).Char(40).Type(331).Char(41).nil:nil.
3:315:900:0:0:0:0:Ident(430).Char(40).Type(428).Char(41).nil:nil.
3:315:900:8:0:0:0:Ident(856).Char(40).Type(428).Char(41).nil:nil.
3:300:1000:8:0:0:0:Type(58).nil:nil.
3:318:0:8:0:0:0:Ident(930).nil:nil.
3:330:0:0:0:0:0:Ident(636).Char(40).Type(46).Char(41).nil:nil.
3:330:0:8:0:0:0:Num(2).Char(45).Ident(220).Char(40).Type(46).Char(41).nil:nil.
3:337:0:0:0:0:0:Ident(443).Char(40).Type(174).Char(41).nil:nil.
3:337:0:8:0:0:0:Ident(1274).Char(91).Ident(1059).Char(44).Ident(542).Char(93).Char(95).Ident(655).Char(40).Type(174).Char(41).nil:nil.
3:379:0:8:0:0:0:Ident(1805).nil:nil.
3:386:0:0:0:0:0:Ident(443).Char(40).Type(61).Char(41).nil:nil.
3:386:0:8:0:0:0:Ident(1818).Char(40).Type(61).Char(41).nil:nil.
3:401:0:0:0:0:0:Ident(443).Char(40).Type(278).Char(41).nil:nil.
3:401:0:8:0:0:0:Ident(1274).Char(91).Ident(433).Char(44).Ident(655).Char(91).Ident(433).Char(93).Char(93).Char(95).Ident(655).Char(40).Type(278).Char(41).nil:nil.
nil end
GrammarForSort 336:0:
3:425:0:8:0:0:0:Char(40).Type(61).Char(124).Type(331).Char(124).Type(359).Char(41).nil:nil.
nil end
GrammarForSort 338:0:
3:362:0:8:0:0:0:Ident(329).Char(40).Type(331).Char(41).nil:nil.
3:375:0:8:0:0:0:Ident(88).nil:nil.
3:376:0:8:0:0:0:Ident(89).nil:nil.
3:377:0:8:0:0:0:Ident(90).nil:nil.
nil end
GrammarForSort 341:0:
3:343:0:8:0:0:0:Ident(874).nil:nil.
3:344:0:8:0:0:0:Type(338).Char(45).Char(62).Type(440).nil:nil.
3:345:0:9:0:0:0:Type(341).Ident(111).Type(341).nil:nil.
3:370:0:8:0:0:0:Ident(1288).Char(40).Type(466).Char(44).Type(331).Char(41).nil:nil.
3:415:0:8:0:0:0:Ident(1655).Char(40).Type(359).Char(41).nil:nil.
nil end
GrammarForSort 347:0:
nil end
GrammarForSort 359:0:
3:410:0:0:0:0:0:Type(341).Char(40).Type(359).Char(41).nil:nil.
3:410:0:8:0:0:0:Ident(550).Char(40).Type(341).Char(44).Type(359).Char(41).nil:nil.
3:412:0:8:0:0:0:Type(428).nil:nil.
3:413:0:0:0:0:0:Type(370).nil:nil.
3:414:0:1:0:0:0:Type(359).Char(38).Type(359).nil:nil.
3:414:0:8:0:0:0:Char(40).Type(359).Char(38).Type(359).Char(41).nil:nil.
3:413:0:8:0:0:0:Type(370).nil:nil.
nil end
GrammarForSort 370:0:
3:411:0:0:0:0:0:Type(440).Char(61).Type(440).nil:nil.
3:411:0:8:0:0:0:Type(440).Char(61).Type(440).nil:nil.
nil end
GrammarForSort 391:0:
nil end
GrammarForSort 401:0:
3:427:0:12:0:0:0:Ident(1610).nil:nil.
nil end
GrammarForSort 405:0:
nil end
GrammarForSort 428:1:
3:1:0:8:0:0:0:Ident(448).nil:nil.
3:0:0:8:0:0:0:Ident(734).nil:nil.
3:21:100:1:21:0:0:Type(428).Ident(518).Type(428).nil:nil.
3:22:100:1:22:0:0:Type(428).Ident(225).Type(428).nil:nil.
3:21:100:9:21:0:0:Char(40).Type(428).Ident(518).Type(428).Char(41).nil:nil.
3:22:100:9:22:0:0:Char(40).Type(428).Ident(225).Type(428).Char(41).nil:nil.
3:24:200:0:24:0:0:Ident(337).Char(40).Type(428).Char(41).nil:nil.
3:24:200:0:24:0:0:Ident(337).Type(428).nil:nil.
3:24:200:0:24:0:0:Char(40).Ident(337).Type(428).Char(41).nil:nil.
3:24:200:8:24:0:0:Char(40).Ident(337).Char(40).Type(428).Char(41).Char(41).nil:nil.
3:8:200:1:8:0:0:Type(428).Char(61).Char(61).Type(428).nil:nil.
3:9:200:1:9:0:0:Type(428).Char(33).Char(61).Type(428).nil:nil.
3:10:200:1:10:0:0:Type(428).Char(60).Type(428).nil:nil.
3:11:200:1:11:0:0:Type(428).Char(60).Char(61).Type(428).nil:nil.
3:12:200:1:12:0:0:Type(428).Char(62).Type(428).nil:nil.
3:13:200:1:13:0:0:Type(428).Char(62).Char(61).Type(428).nil:nil.
3:8:200:8:8:0:0:Ident(737).Char(40).Type(428).Char(44).Type(428).Char(41).nil:nil.
3:9:200:8:9:0:0:Ident(847).Char(40).Type(428).Char(44).Type(428).Char(41).nil:nil.
3:10:200:8:10:0:0:Ident(962).Char(40).Type(428).Char(44).Type(428).Char(41).nil:nil.
3:11:200:8:11:0:0:Ident(1176).Char(40).Type(428).Char(44).Type(428).Char(41).nil:nil.
3:12:200:8:12:0:0:Ident(1269).Char(40).Type(428).Char(44).Type(428).Char(41).nil:nil.
3:13:200:8:13:0:0:Ident(1483).Char(40).Type(428).Char(44).Type(428).Char(41).nil:nil.
3:8:300:0:8:0:0:Type(58).Char(61).Char(61).Type(58).nil:nil.
3:9:300:0:9:0:0:Type(58).Char(33).Char(61).Type(58).nil:nil.
3:10:300:0:10:0:0:Type(58).Char(60).Type(58).nil:nil.
3:11:300:0:11:0:0:Type(58).Char(60).Char(61).Type(58).nil:nil.
3:12:300:0:12:0:0:Type(58).Char(62).Type(58).nil:nil.
3:13:300:0:13:0:0:Type(58).Char(62).Char(61).Type(58).nil:nil.
3:8:300:0:8:0:0:Ident(1367).Char(40).Type(58).Char(44).Type(58).Char(41).nil:nil.
3:9:300:0:9:0:0:Ident(1477).Char(40).Type(58).Char(44).Type(58).Char(41).nil:nil.
3:10:300:0:10:0:0:Ident(1592).Char(40).Type(58).Char(44).Type(58).Char(41).nil:nil.
3:11:300:0:11:0:0:Ident(1806).Char(40).Type(58).Char(44).Type(58).Char(41).nil:nil.
3:12:300:0:12:0:0:Ident(1899).Char(40).Type(58).Char(44).Type(58).Char(41).nil:nil.
3:13:300:0:13:0:0:Ident(2113).Char(40).Type(58).Char(44).Type(58).Char(41).nil:nil.
3:26:900:0:26:0:0:Ident(1063).Char(40).Type(58).Char(41).nil:nil.
3:26:900:8:26:0:0:Ident(1794).Char(40).Type(58).Char(41).nil:nil.
3:309:300:0:0:0:0:Type(331).Char(61).Char(61).Type(331).nil:nil.
3:310:300:0:0:0:0:Type(331).Char(33).Char(61).Type(331).nil:nil.
3:311:300:0:0:0:0:Type(331).Char(62).Type(331).nil:nil.
3:312:300:0:0:0:0:Type(331).Char(62).Char(61).Type(331).nil:nil.
3:313:300:0:0:0:0:Type(331).Char(60).Char(61).Type(331).nil:nil.
3:314:300:0:0:0:0:Type(331).Char(60).Type(331).nil:nil.
3:309:300:8:0:0:0:Ident(640).Char(40).Type(331).Char(44).Type(331).Char(41).nil:nil.
3:310:300:8:0:0:0:Ident(961).Char(40).Type(331).Char(44).Type(331).Char(41).nil:nil.
3:314:300:8:0:0:0:Ident(865).Char(40).Type(331).Char(44).Type(331).Char(41).nil:nil.
3:313:300:8:0:0:0:Ident(1079).Char(40).Type(331).Char(44).Type(331).Char(41).nil:nil.
3:311:300:8:0:0:0:Ident(1172).Char(40).Type(331).Char(44).Type(331).Char(41).nil:nil.
3:312:300:8:0:0:0:Ident(1386).Char(40).Type(331).Char(44).Type(331).Char(41).nil:nil.
3:316:900:0:0:0:0:Ident(1063).Char(40).Type(331).Char(41).nil:nil.
3:316:900:8:0:0:0:Ident(1067).Char(40).Type(331).Char(41).nil:nil.
3:14:0:0:14:0:0:Type(32).Char(61).Char(61).Type(32).nil:nil.
3:15:0:0:15:0:0:Type(32).Char(33).Char(61).Type(32).nil:nil.
3:14:0:8:14:0:0:Ident(841).Char(40).Type(32).Char(44).Type(32).Char(41).nil:nil.
3:15:0:8:15:0:0:Ident(951).Char(40).Type(32).Char(44).Type(32).Char(41).nil:nil.
3:18:0:0:18:0:0:Type(59).Char(61).Char(61).Type(59).nil:nil.
3:19:0:0:19:0:0:Type(59).Char(33).Char(61).Type(59).nil:nil.
3:18:0:8:18:0:0:Ident(1368).Char(40).Type(59).Char(44).Type(59).Char(41).nil:nil.
3:19:0:8:19:0:0:Ident(1478).Char(40).Type(59).Char(44).Type(59).Char(41).nil:nil.
3:331:0:8:0:0:0:Ident(648).Char(40).Type(46).Char(41).nil:nil.
3:18:0:0:18:0:0:Type(440).Char(61).Char(61).Type(440).nil:nil.
3:19:0:0:19:0:0:Type(440).Char(33).Char(61).Type(440).nil:nil.
3:18:0:0:18:0:0:Ident(749).Char(40).Type(440).Char(44).Type(440).Char(41).nil:nil.
3:19:0:0:19:0:0:Ident(1070).Char(40).Type(440).Char(44).Type(440).Char(41).nil:nil.
3:18:0:0:18:0:0:Type(338).Char(61).Char(61).Type(338).nil:nil.
3:19:0:0:19:0:0:Type(338).Char(33).Char(61).Type(338).nil:nil.
3:18:0:0:18:0:0:Ident(1147).Char(40).Type(338).Char(44).Type(338).Char(41).nil:nil.
3:19:0:0:19:0:0:Ident(1257).Char(40).Type(338).Char(44).Type(338).Char(41).nil:nil.
3:366:0:8:0:0:0:Ident(549).Char(40).Type(440).Char(41).nil:nil.
3:18:0:0:18:0:0:Type(433).Char(61).Char(61).Type(433).nil:nil.
3:19:0:0:19:0:0:Type(433).Char(33).Char(61).Type(433).nil:nil.
3:18:0:0:18:0:0:Ident(742).Char(40).Type(433).Char(44).Type(433).Char(41).nil:nil.
3:19:0:0:19:0:0:Ident(1485).Char(40).Type(433).Char(44).Type(433).Char(41).nil:nil.
3:395:0:8:0:0:0:Ident(648).Char(40).Type(150).Char(41).nil:nil.
nil end
GrammarForSort 433:0:
3:384:0:8:0:0:0:Ident(419).Char(40).Type(61).Char(41).nil:nil.
3:385:0:8:0:0:0:Type(331).Char(45).Ident(220).Ident(419).Char(40).Type(61).Char(41).nil:nil.
3:391:0:0:0:0:0:Ident(649).Char(40).Type(440).Char(44).Type(440).Char(41).nil:nil.
3:391:0:0:0:0:0:Ident(649).Char(40).Char(44).Type(440).Char(44).Type(440).Char(41).nil:nil.
3:391:0:0:0:0:0:Ident(649).Char(40).Type(440).Char(44).Type(440).Char(44).Char(41).nil:nil.
3:391:0:8:0:0:0:Ident(649).Char(40).Char(44).Type(440).Char(44).Type(440).Char(44).Char(41).nil:nil.
3:393:0:0:0:0:0:Ident(763).Char(40).Type(150).Char(41).nil:nil.
3:393:0:8:0:0:0:Num(1).Char(45).Ident(220).Char(40).Type(150).Char(41).nil:nil.
3:404:0:8:0:0:0:Type(440).Char(92).Char(61).Type(440).nil:nil.
3:405:0:8:0:0:0:Type(440).Ident(1064).Type(440).nil:nil.
3:423:0:0:0:0:0:Type(341).Char(40).Type(433).Char(41).nil:nil.
3:423:0:8:0:0:0:Ident(550).Char(40).Type(341).Char(44).Type(433).Char(41).nil:nil.
nil end
GrammarForSort 440:0:
3:363:1000:8:0:0:0:Type(338).nil:nil.
3:365:0:8:0:0:0:Type(331).Char(45).Ident(220).Ident(981).Char(40).Type(440).Char(41).nil:nil.
3:368:0:8:0:0:0:Type(440).Ident(635).Type(459).nil:nil.
3:369:0:8:0:0:0:Type(440).Char(91).Type(440).Char(93).Ident(635).Type(459).nil:nil.
3:371:0:0:0:0:0:Ident(414).Char(40).Char(41).nil:nil.
3:371:0:8:0:0:0:Ident(414).nil:nil.
3:372:0:0:0:0:0:Ident(853).Char(40).Char(41).nil:nil.
3:372:0:8:0:0:0:Ident(853).nil:nil.
3:373:0:0:0:0:0:Ident(836).Char(40).Char(41).nil:nil.
3:373:0:8:0:0:0:Ident(836).nil:nil.
3:374:0:0:0:0:0:Ident(454).Char(40).Char(44).Type(440).Char(41).nil:nil.
3:374:0:0:0:0:0:Ident(454).Char(40).Type(440).Char(44).Char(41).nil:nil.
3:374:0:0:0:0:0:Ident(454).Char(40).Char(44).Type(440).Char(44).Char(41).nil:nil.
3:374:0:8:0:0:0:Ident(454).Char(40).Type(440).Char(41).nil:nil.
3:390:0:8:0:0:0:Type(331).Char(45).Ident(220).Ident(981).Char(40).Type(433).Char(41).nil:nil.
3:406:0:8:0:0:0:Type(331).nil:nil.
3:407:0:8:0:0:0:Type(440).Char(43).Type(440).nil:nil.
3:408:0:8:0:0:0:Type(440).Char(45).Type(440).nil:nil.
3:424:0:0:0:0:0:Type(341).Char(40).Type(440).Char(41).nil:nil.
3:424:0:8:0:0:0:Ident(550).Char(40).Type(341).Char(44).Type(440).Char(41).nil:nil.
nil end
GrammarForSort 447:0:
3:416:0:12:0:0:0:Ident(2100).nil:nil.
3:418:0:12:0:0:0:Ident(766).nil:nil.
3:419:0:12:0:0:0:Ident(670).nil:nil.
3:420:0:12:0:0:0:Ident(525).nil:nil.
3:421:0:12:0:0:0:Ident(1062).nil:nil.
nil end
GrammarForSort 459:0:
3:367:0:8:0:0:0:Ident(537).Char(40).Type(440).Char(41).nil:nil.
nil end
GrammarForSort 466:0:
3:378:0:8:0:0:0:Ident(1280).nil:nil.
nil end
EndDef end
GrammarForSort 29:0:
nil end
GrammarForSort 46:0:
2:328:0:0:0:0:0:Type(59).Char(58).Type(331).nil:nil.
nil end
GrammarForSort 58:1:
nil end
GrammarForSort 59:0:
2:323:0:8:0:0:0:Ident(419).Char(40).Type(187).Char(41).nil:nil.
2:324:0:8:0:0:0:Type(331).Char(45).Ident(220).Ident(419).Char(40).Type(187).Char(41).nil:nil.
nil end
GrammarForSort 61:0:
2:16:0:0:16:0:0:Ident(732).Type(440).Ident(219).Type(440).Ident(637).Type(61).nil:nil.
2:16:0:0:16:0:0:Ident(732).Char(40).Type(440).Char(41).Ident(219).Char(40).Type(440).Char(41).Ident(637).Char(40).Type(61).Char(41).nil:nil.
2:16:0:0:16:0:0:Ident(732).Char(40).Type(440).Char(44).Type(440).Char(44).Type(61).Char(41).nil:nil.
nil end
GrammarForSort 95:0:
nil end
GrammarForSort 147:0:
nil end
GrammarForSort 150:0:
nil end
GrammarForSort 174:0:
2:332:0:0:0:0:0:Blank.nil:nil.
2:333:0:0:0:0:0:Type(46).Type(174).nil:nil.
2:341:0:8:0:0:0:Ident(306).nil:nil.
nil end
GrammarForSort 187:0:
2:320:0:0:0:0:0:Ident(1688).nil:nil.
2:320:0:8:0:0:0:Ident(534).nil:nil.
2:321:0:0:0:0:0:Type(59).Char(46).Type(187).nil:nil.
2:321:0:0:0:0:0:Type(59).Type(187).nil:nil.
2:321:0:0:0:0:0:Type(59).Char(44).Type(187).nil:nil.
2:321:0:0:0:0:0:Ident(435).Char(40).Type(59).Char(44).Type(187).Char(41).nil:nil.
2:321:0:8:0:0:0:Ident(1589).Char(40).Type(59).Char(44).Type(187).Char(41).nil:nil.
2:322:0:0:0:0:0:Ident(632).Char(40).Type(187).Char(44).Type(187).Char(41).nil:nil.
2:322:0:8:0:0:0:Type(187).Char(64).Type(187).nil:nil.
2:326:0:0:0:0:0:Ident(833).Char(40).Type(331).Char(42).Type(187).Char(41).nil:nil.
2:326:0:8:0:0:0:Ident(833).Char(40).Type(331).Char(44).Type(187).Char(41).nil:nil.
2:320:0:0:0:0:0:Blank.nil:nil.
2:321:0:0:0:0:0:Type(59).Type(187).nil:nil.
2:340:0:8:0:0:0:Ident(1045).nil:nil.
nil end
GrammarForSort 278:0:
nil end
GrammarForSort 321:0:
nil end
GrammarForSort 331:0:
2:325:0:0:0:0:0:Ident(443).Char(40).Type(187).Char(41).nil:nil.
2:325:0:8:0:0:0:Ident(2444).Char(40).Type(187).Char(41).nil:nil.
2:349:0:8:0:0:0:Ident(419).Char(40).Type(459).Char(41).nil:nil.
2:350:0:8:0:0:0:Type(331).Char(45).Ident(220).Ident(419).Char(40).Type(459).Char(41).nil:nil.
2:351:0:0:0:0:0:Ident(443).Char(40).Type(459).Char(41).nil:nil.
2:351:0:8:0:0:0:Ident(1716).Char(40).Type(459).Char(41).nil:nil.
2:359:0:0:0:0:0:Ident(443).Char(40).Type(466).Char(41).nil:nil.
2:359:0:8:0:0:0:Ident(2223).Char(40).Type(466).Char(41).nil:nil.
nil end
GrammarForSort 336:0:
nil end
GrammarForSort 338:0:
2:357:0:8:0:0:0:Ident(419).Char(40).Type(466).Char(41).nil:nil.
2:358:0:8:0:0:0:Type(331).Char(45).Ident(220).Ident(419).Char(40).Type(466).Char(41).nil:nil.
nil end
GrammarForSort 341:0:
nil end
GrammarForSort 347:0:
2:327:0:12:0:0:0:Ident(1175).nil:nil.
nil end
GrammarForSort 359:0:
2:16:0:0:16:0:0:Ident(732).Type(440).Ident(219).Type(440).Ident(637).Type(359).nil:nil.
2:16:0:0:16:0:0:Ident(732).Char(40).Type(440).Char(41).Ident(219).Char(40).Type(440).Char(41).Ident(637).Char(40).Type(359).Char(41).nil:nil.
2:16:0:0:16:0:0:Ident(732).Char(40).Type(440).Char(44).Type(440).Char(44).Type(359).Char(41).nil:nil.
nil end
GrammarForSort 370:0:
nil end
GrammarForSort 391:0:
2:353:0:12:0:0:0:Ident(1175).nil:nil.
nil end
GrammarForSort 401:0:
nil end
GrammarForSort 405:0:
2:361:0:12:0:0:0:Ident(1175).nil:nil.
nil end
GrammarForSort 428:1:
2:18:0:0:18:0:0:Type(59).Char(61).Char(61).Type(59).nil:nil.
2:19:0:0:19:0:0:Type(59).Char(33).Char(61).Type(59).nil:nil.
2:30:0:0:30:0:0:Type(59).Char(60).Type(59).nil:nil.
2:31:0:0:31:0:0:Type(59).Char(60).Char(61).Type(59).nil:nil.
2:32:0:0:32:0:0:Type(59).Char(62).Type(59).nil:nil.
2:33:0:0:33:0:0:Type(59).Char(62).Char(61).Type(59).nil:nil.
2:18:0:0:18:0:0:Ident(1368).Char(40).Type(59).Char(44).Type(59).Char(41).nil:nil.
2:19:0:0:19:0:0:Ident(1478).Char(40).Type(59).Char(44).Type(59).Char(41).nil:nil.
2:30:0:0:30:0:0:Ident(1593).Char(40).Type(59).Char(44).Type(59).Char(41).nil:nil.
2:31:0:0:31:0:0:Ident(1807).Char(40).Type(59).Char(44).Type(59).Char(41).nil:nil.
2:32:0:0:32:0:0:Ident(1900).Char(40).Type(59).Char(44).Type(59).Char(41).nil:nil.
2:33:0:0:33:0:0:Ident(2114).Char(40).Type(59).Char(44).Type(59).Char(41).nil:nil.
2:18:0:0:18:0:0:Type(440).Char(61).Char(61).Type(440).nil:nil.
2:19:0:0:19:0:0:Type(440).Char(33).Char(61).Type(440).nil:nil.
2:30:0:0:30:0:0:Type(440).Char(60).Type(440).nil:nil.
2:31:0:0:31:0:0:Type(440).Char(60).Char(61).Type(440).nil:nil.
2:32:0:0:32:0:0:Type(440).Char(62).Type(440).nil:nil.
2:33:0:0:33:0:0:Type(440).Char(62).Char(61).Type(440).nil:nil.
2:18:0:0:18:0:0:Ident(749).Char(40).Type(440).Char(44).Type(440).Char(41).nil:nil.
2:19:0:0:19:0:0:Ident(1070).Char(40).Type(440).Char(44).Type(440).Char(41).nil:nil.
2:30:0:0:30:0:0:Ident(1185).Char(40).Type(440).Char(44).Type(440).Char(41).nil:nil.
2:31:0:0:31:0:0:Ident(1399).Char(40).Type(440).Char(44).Type(440).Char(41).nil:nil.
2:32:0:0:32:0:0:Ident(1281).Char(40).Type(440).Char(44).Type(440).Char(41).nil:nil.
2:33:0:0:33:0:0:Ident(1495).Char(40).Type(440).Char(44).Type(440).Char(41).nil:nil.
2:18:0:0:18:0:0:Type(338).Char(61).Char(61).Type(338).nil:nil.
2:19:0:0:19:0:0:Type(338).Char(33).Char(61).Type(338).nil:nil.
2:30:0:0:30:0:0:Type(338).Char(60).Type(338).nil:nil.
2:31:0:0:31:0:0:Type(338).Char(60).Char(61).Type(338).nil:nil.
2:32:0:0:32:0:0:Type(338).Char(62).Type(338).nil:nil.
2:33:0:0:33:0:0:Type(338).Char(62).Char(61).Type(338).nil:nil.
2:18:0:0:18:0:0:Ident(1147).Char(40).Type(338).Char(44).Type(338).Char(41).nil:nil.
2:19:0:0:19:0:0:Ident(1257).Char(40).Type(338).Char(44).Type(338).Char(41).nil:nil.
2:30:0:0:30:0:0:Ident(1372).Char(40).Type(338).Char(44).Type(338).Char(41).nil:nil.
2:31:0:0:31:0:0:Ident(1586).Char(40).Type(338).Char(44).Type(338).Char(41).nil:nil.
2:32:0:0:32:0:0:Ident(1679).Char(40).Type(338).Char(44).Type(338).Char(41).nil:nil.
2:33:0:0:33:0:0:Ident(1893).Char(40).Type(338).Char(44).Type(338).Char(41).nil:nil.
2:18:0:0:18:0:0:Type(433).Char(61).Char(61).Type(433).nil:nil.
2:19:0:0:19:0:0:Type(433).Char(33).Char(61).Type(433).nil:nil.
2:30:0:0:30:0:0:Type(433).Char(60).Type(433).nil:nil.
2:31:0:0:31:0:0:Type(433).Char(60).Char(61).Type(433).nil:nil.
2:32:0:0:32:0:0:Type(433).Char(62).Type(433).nil:nil.
2:33:0:0:33:0:0:Type(433).Char(62).Char(61).Type(433).nil:nil.
2:18:0:0:18:0:0:Ident(742).Char(40).Type(433).Char(44).Type(433).Char(41).nil:nil.
2:19:0:0:19:0:0:Ident(1485).Char(40).Type(433).Char(44).Type(433).Char(41).nil:nil.
2:30:0:8:30:0:0:Ident(967).Char(40).Type(433).Char(44).Type(433).Char(41).nil:nil.
2:31:0:8:31:0:0:Ident(1392).Char(40).Type(433).Char(44).Type(433).Char(41).nil:nil.
2:32:0:8:32:0:0:Ident(1696).Char(40).Type(433).Char(44).Type(433).Char(41).nil:nil.
2:33:0:8:33:0:0:Ident(1488).Char(40).Type(433).Char(44).Type(433).Char(41).nil:nil.
2:17:0:0:17:0:0:Ident(1077).Type(338).Ident(637).Type(440).nil:nil.
2:17:0:0:17:0:0:Ident(1077).Char(40).Type(338).Char(44).Type(440).Char(41).nil:nil.
2:17:0:0:17:0:0:Ident(1077).Type(338).Ident(637).Type(359).nil:nil.
2:17:0:0:17:0:0:Ident(1077).Char(40).Type(338).Char(44).Type(359).Char(41).nil:nil.
2:17:0:0:17:0:0:Ident(1077).Type(428).Ident(637).Type(359).nil:nil.
2:17:0:8:17:0:0:Ident(1077).Char(40).Type(428).Char(44).Type(359).Char(41).nil:nil.
2:417:0:8:0:0:0:Ident(1236).Char(40).Type(359).Char(44).Type(338).Char(44).Type(440).Char(41).nil:nil.
nil end
GrammarForSort 433:0:
2:16:0:0:16:0:0:Ident(732).Type(440).Ident(219).Type(440).Ident(637).Type(433).nil:nil.
2:16:0:0:16:0:0:Ident(732).Char(40).Type(440).Char(41).Ident(219).Char(40).Type(440).Char(41).Ident(637).Char(40).Type(433).Char(41).nil:nil.
2:16:0:0:16:0:0:Ident(732).Char(40).Type(440).Char(44).Type(440).Char(44).Type(433).Char(41).nil:nil.
nil end
GrammarForSort 440:0:
2:16:0:0:16:0:0:Ident(732).Type(440).Ident(219).Type(440).Ident(637).Type(440).nil:nil.
2:16:0:0:16:0:0:Ident(732).Char(40).Type(440).Char(41).Ident(219).Char(40).Type(440).Char(41).Ident(637).Char(40).Type(440).Char(41).nil:nil.
2:16:0:8:16:0:0:Ident(732).Char(40).Type(440).Char(44).Type(440).Char(44).Type(440).Char(41).nil:nil.
2:407:0:0:0:0:0:Ident(564).Char(40).Type(440).Char(44).Type(440).Char(41).nil:nil.
2:408:0:0:0:0:0:Ident(668).Char(40).Type(440).Char(44).Type(440).Char(41).nil:nil.
2:426:0:8:0:0:0:Ident(1057).Char(40).Type(440).Char(41).nil:nil.
nil end
GrammarForSort 447:0:
nil end
GrammarForSort 459:0:
2:346:0:0:0:0:0:Ident(1171).nil:nil.
2:346:0:8:0:0:0:Ident(534).nil:nil.
2:347:0:0:0:0:0:Type(331).Char(46).Type(459).nil:nil.
2:347:0:0:0:0:0:Type(331).Type(459).nil:nil.
2:347:0:0:0:0:0:Type(331).Char(44).Type(459).nil:nil.
2:347:0:0:0:0:0:Ident(435).Char(40).Type(331).Char(44).Type(459).Char(41).nil:nil.
2:347:0:8:0:0:0:Ident(861).Char(40).Type(331).Char(44).Type(459).Char(41).nil:nil.
2:348:0:0:0:0:0:Ident(632).Char(40).Type(459).Char(44).Type(459).Char(41).nil:nil.
2:348:0:8:0:0:0:Type(459).Char(64).Type(459).nil:nil.
2:352:0:0:0:0:0:Ident(833).Char(40).Type(331).Char(42).Type(459).Char(41).nil:nil.
2:352:0:8:0:0:0:Ident(833).Char(40).Type(331).Char(44).Type(459).Char(41).nil:nil.
nil end
GrammarForSort 466:0:
2:354:0:0:0:0:0:Ident(1256).nil:nil.
2:354:0:8:0:0:0:Ident(534).nil:nil.
2:355:0:0:0:0:0:Type(338).Char(46).Type(466).nil:nil.
2:355:0:0:0:0:0:Type(338).Type(466).nil:nil.
2:355:0:0:0:0:0:Type(338).Char(44).Type(466).nil:nil.
2:355:0:0:0:0:0:Ident(435).Char(40).Type(338).Char(44).Type(466).Char(41).nil:nil.
2:355:0:8:0:0:0:Ident(1579).Char(40).Type(338).Char(44).Type(466).Char(41).nil:nil.
2:356:0:0:0:0:0:Ident(632).Char(40).Type(466).Char(44).Type(466).Char(41).nil:nil.
2:356:0:8:0:0:0:Type(466).Char(64).Type(466).nil:nil.
2:360:0:0:0:0:0:Ident(833).Char(40).Type(331).Char(42).Type(466).Char(41).nil:nil.
2:360:0:8:0:0:0:Ident(833).Char(40).Type(331).Char(44).Type(466).Char(41).nil:nil.
nil end
EndDef end
GrammarForSort 19:0:
nil end
GrammarForSort 29:0:
nil end
GrammarForSort 32:1:
1:68:4000:8:0:0:0:Type(220).nil:nil.
nil end
GrammarForSort 46:0:
nil end
GrammarForSort 58:1:
1:67:4000:8:0:0:0:Type(19).nil:nil.
1:79:4000:8:0:0:0:Char(45).Type(19).nil:nil.
nil end
GrammarForSort 59:0:
nil end
GrammarForSort 61:0:
nil end
GrammarForSort 95:0:
nil end
GrammarForSort 147:0:
nil end
GrammarForSort 150:0:
nil end
GrammarForSort 174:0:
nil end
GrammarForSort 220:0:
nil end
GrammarForSort 278:0:
nil end
GrammarForSort 321:0:
nil end
GrammarForSort 331:0:
nil end
GrammarForSort 336:0:
nil end
GrammarForSort 338:0:
nil end
GrammarForSort 341:0:
nil end
GrammarForSort 351:0:
nil end
GrammarForSort 359:0:
nil end
GrammarForSort 370:0:
nil end
GrammarForSort 401:0:
nil end
GrammarForSort 428:1:
nil end
GrammarForSort 433:0:
nil end
GrammarForSort 440:0:
nil end
GrammarForSort 447:0:
nil end
GrammarForSort 459:0:
nil end
GrammarForSort 466:0:
nil end
EndDef end
/*14 truepropag:eqSystem*/
RULE(
1310,359,69,1,1,1,FSYM( FSYM( nil, 1).nil, 412),
FSYM( FSYM( nil, 1).nil, 412),
nil)

 end
/*41 topOccRule:list[int]*/
RULE(
394,459,118,2,1,1,FSYM(  VAR(0,440).nil, 367),
FSYM( nil, 346),
IFF(FSYM( FSYM(  VAR(0,440).nil, 366).nil, 24)).
nil)

 end
/*89 falsepropag:eqSystem*/
RULE(
1385,359,69,1,1,1,FSYM( FSYM( nil, 0).nil, 412),
FSYM( FSYM( nil, 0).nil, 412),
nil)

 end
/*148 extractrule1:variable*/
RULE(
1849,338,66,2,1,2,FSYM( FSYM(  VAR(0,338). VAR(1,466).nil, 355).nil, 357),
 VAR(0,338),
nil)

 end
/*149 extractrule2:variable*/
RULE(
1850,338,66,2,1,2,FSYM( FSYM(  VAR(0,338). VAR(1,466).nil, 355).nil, 357),
FSYM(  VAR(1,466).nil, 357),
nil)

 end
/*189 new_var_elim:eqSystem*/
RULE(
221,359,5,1,1,3,FSYM(  VAR(0,359).FSYM( FSYM( FSYM( FSYM(  VAR(1,331).nil, 362).nil, 363). VAR(2,440).nil, 411).nil, 413).nil, 414),
FSYM( FSYM( FSYM(  VAR(1,331).nil, 362). VAR(2,440).nil, 344). VAR(0,359).nil, 410),
nil)

 end
/*369 extractrule1:identifier*/
RULE(
291,59,87,2,1,2,FSYM( FSYM(  VAR(0,59). VAR(1,187).nil, 321).nil, 323),
 VAR(0,59),
nil)

 end
/*370 extractrule2:identifier*/
RULE(
292,59,87,2,1,2,FSYM( FSYM(  VAR(0,59). VAR(1,187).nil, 321).nil, 323),
FSYM(  VAR(1,187).nil, 323),
nil)

 end
/*1356 extractrule1:pair[identifier,int]*/
RULE(
265,46,74,2,1,2,FSYM( FSYM(  VAR(0,46). VAR(1,174).nil, 333).nil, 335),
 VAR(0,46),
nil)

 end
/*1357 extractrule2:pair[identifier,int]*/
RULE(
266,46,74,2,1,2,FSYM( FSYM(  VAR(0,46). VAR(1,174).nil, 333).nil, 335),
FSYM(  VAR(1,174).nil, 335),
nil)

 end
/*1460 extractrule1:pair[atom,list[atom]]*/
RULE(
473,150,178,2,1,2,FSYM( FSYM(  VAR(0,150). VAR(1,278).nil, 397).nil, 399),
 VAR(0,150),
nil)

 end
/*1461 extractrule2:pair[atom,list[atom]]*/
RULE(
474,150,178,2,1,2,FSYM( FSYM(  VAR(0,150). VAR(1,278).nil, 397).nil, 399),
FSYM(  VAR(1,278).nil, 399),
nil)

 end
/*1538 eqPass:eqSystem*/
RULE(
1570,359,5,1,1,2,FSYM(  VAR(0,359).FSYM(  VAR(1,370).nil, 413).nil, 414),
FSYM( FSYM(  VAR(1,370).nil, 413). VAR(0,359).nil, 414),
nil)

 end
/*1544 delete:eqSystem*/
RULE(
840,359,69,1,1,3,FSYM(  VAR(0,359).FSYM( FSYM( FSYM(  VAR(1,338).nil, 363).FSYM(  VAR(2,338).nil, 363).nil, 411).nil, 413).nil, 414),
 VAR(0,359),
IFF(FSYM(  VAR(1,338). VAR(2,338).nil, 18)).
nil)

 end
/*1544 delete:eqSystem*/
RULE(
840,359,69,1,1,1,FSYM(  VAR(0,359).FSYM( FSYM( nil, 1).nil, 412).nil, 414),
 VAR(0,359),
IFF(FSYM( FSYM( nil, 1). VAR(0,359).nil, 17)).
nil)

 end
/*1565 unfold:eqSystem*/
RULE(
1597,359,5,1,1,3,FSYM(  VAR(0,359).FSYM(  VAR(1,359). VAR(2,359).nil, 414).nil, 414),
FSYM( FSYM(  VAR(0,359). VAR(1,359).nil, 414). VAR(2,359).nil, 414),
nil)

 end
/*1629 sldStep:sldState*/
RULE(
808,336,166,2,1,7,FSYM( FSYM( FSYM(  VAR(0,440). VAR(1,440).nil, 391). VAR(2,61).nil, 382). VAR(3,331). VAR(4,359).nil, 425),
FSYM( FSYM( FSYM(  VAR(5,341).FSYM( nil, 381).nil, 422). VAR(2,61).nil, 383).FSYM(  VAR(3,331).FSYM( nil, 379).nil, 301). VAR(6,359).nil, 425),
IFF(FSYM(  VAR(3,331).FSYM( nil, 318).nil, 313)).
WHERE(VAR(5,341),-1,FSYM( FSYM( nil, 378). VAR(3,331).nil, 370)).
WHERE(VAR(6,359),203,FSYM( FSYM(  VAR(4,359).FSYM( FSYM(  VAR(0,440).FSYM(  VAR(5,341).FSYM( nil, 371).nil, 424).nil, 411).nil, 413).nil, 414).FSYM( FSYM(  VAR(1,440).FSYM(  VAR(5,341).FSYM( nil, 372).nil, 424).nil, 411).nil, 413).nil, 414)).
nil)

 end
/*1629 sldStep:sldState*/
RULE(
808,336,166,2,1,7,FSYM( FSYM( FSYM(  VAR(0,440). VAR(1,440).nil, 391). VAR(2,61).nil, 382). VAR(3,331). VAR(4,359).nil, 425),
FSYM( FSYM( FSYM(  VAR(5,341).FSYM( nil, 381).nil, 422). VAR(2,61).nil, 383).FSYM(  VAR(3,331).FSYM( nil, 379).nil, 301). VAR(6,359).nil, 425),
IFF(FSYM(  VAR(3,331).FSYM( nil, 318).nil, 313)).
WHERE(VAR(5,341),-1,FSYM( FSYM( nil, 378). VAR(3,331).nil, 370)).
WHERE(VAR(6,359),203,FSYM( FSYM(  VAR(4,359).FSYM( FSYM(  VAR(0,440).FSYM(  VAR(5,341).FSYM( nil, 372).nil, 424).nil, 411).nil, 413).nil, 414).FSYM( FSYM(  VAR(1,440).FSYM(  VAR(5,341).FSYM( nil, 373).nil, 424).nil, 411).nil, 413).nil, 414)).
nil)

 end
/*1629 sldStep:sldState*/
RULE(
808,336,166,2,1,7,FSYM( FSYM( FSYM(  VAR(0,440). VAR(1,440).nil, 391). VAR(2,61).nil, 382). VAR(3,331). VAR(4,359).nil, 425),
FSYM( FSYM( FSYM(  VAR(5,341).FSYM( FSYM( FSYM( FSYM( nil, 375).nil, 363).FSYM( FSYM( nil, 377).nil, 363).nil, 391).FSYM( FSYM( FSYM( FSYM( nil, 377).nil, 363).FSYM( FSYM( nil, 376).nil, 363).nil, 391).FSYM( nil, 381).nil, 382).nil, 382).nil, 422). VAR(2,61).nil, 383).FSYM(  VAR(3,331).FSYM( nil, 379).nil, 301). VAR(6,359).nil, 425),
IFF(FSYM(  VAR(3,331).FSYM( nil, 318).nil, 313)).
WHERE(VAR(5,341),-1,FSYM( FSYM( nil, 378). VAR(3,331).nil, 370)).
WHERE(VAR(6,359),203,FSYM( FSYM(  VAR(4,359).FSYM( FSYM(  VAR(0,440).FSYM(  VAR(5,341).FSYM( FSYM( nil, 375).nil, 363).nil, 424).nil, 411).nil, 413).nil, 414).FSYM( FSYM(  VAR(1,440).FSYM(  VAR(5,341).FSYM( FSYM( nil, 376).nil, 363).nil, 424).nil, 411).nil, 413).nil, 414)).
nil)

 end
/*1629 sldStep:sldState*/
RULE(
808,336,166,2,1,6,FSYM( FSYM( FSYM( FSYM(  VAR(0,338).nil, 363). VAR(1,440).nil, 405). VAR(2,61).nil, 382). VAR(3,331). VAR(4,359).nil, 425),
FSYM(  VAR(2,61). VAR(3,331).FSYM(  VAR(4,359).FSYM( FSYM( FSYM(  VAR(0,338).nil, 363).FSYM( FSYM(  VAR(5,341). VAR(1,440).nil, 424).nil, 426).nil, 411).nil, 413).nil, 414).nil, 425),
WHERE(VAR(5,341),-1,FSYM(  VAR(4,359).nil, 415)).
nil)

 end
/*1629 sldStep:sldState*/
RULE(
808,336,166,2,1,6,FSYM( FSYM( FSYM(  VAR(0,440). VAR(1,440).nil, 404). VAR(2,61).nil, 382). VAR(3,331). VAR(4,359).nil, 425),
FSYM(  VAR(2,61). VAR(3,331). VAR(4,359).nil, 425),
WHERE(VAR(5,341),-1,FSYM(  VAR(4,359).nil, 415)).
IFF(FSYM( FSYM(  VAR(5,341). VAR(0,440).nil, 424).FSYM(  VAR(5,341). VAR(1,440).nil, 424).nil, 19)).
nil)

 end
/*1641 extractrule1:int*/
RULE(
835,331,192,2,1,2,FSYM( FSYM(  VAR(0,331). VAR(1,459).nil, 347).nil, 349),
 VAR(0,331),
nil)

 end
/*1642 extractrule2:int*/
RULE(
836,331,192,2,1,2,FSYM( FSYM(  VAR(0,331). VAR(1,459).nil, 347).nil, 349),
FSYM(  VAR(1,459).nil, 349),
nil)

 end
/*1662 trueadd:eqSystem*/
RULE(
958,359,69,1,1,1, VAR(0,359),
FSYM( FSYM( FSYM( nil, 1).nil, 412). VAR(0,359).nil, 414),
nil)

 end
/*1743 extractrule1:atom*/
RULE(
1039,433,61,2,1,2,FSYM( FSYM(  VAR(0,433). VAR(1,61).nil, 382).nil, 384),
 VAR(0,433),
nil)

 end
/*1744 extractrule2:atom*/
RULE(
1040,433,61,2,1,2,FSYM( FSYM(  VAR(0,433). VAR(1,61).nil, 382).nil, 384),
FSYM(  VAR(1,61).nil, 384),
nil)

 end
/*1748 coalesce:eqSystem*/
RULE(
1044,359,69,1,1,3,FSYM(  VAR(0,359).FSYM( FSYM( FSYM(  VAR(1,338).nil, 363).FSYM(  VAR(2,338).nil, 363).nil, 411).nil, 413).nil, 414),
FSYM( FSYM( FSYM( FSYM(  VAR(1,338).nil, 363).FSYM(  VAR(2,338).nil, 363).nil, 411).nil, 413).FSYM( FSYM(  VAR(1,338).FSYM(  VAR(2,338).nil, 363).nil, 344). VAR(0,359).nil, 410).nil, 414),
IFF(FSYM(  VAR(1,338). VAR(2,338).nil, 19)).
nil)

 end
/*1753 occCheck1:eqSystem*/
RULE(
1049,359,69,1,1,3,FSYM(  VAR(0,359).FSYM( FSYM( FSYM(  VAR(1,338).nil, 363). VAR(2,440).nil, 411).nil, 413).nil, 414),
FSYM( FSYM( nil, 0).nil, 412),
IFF(FSYM( FSYM(  VAR(1,338). VAR(2,440).nil, 17).FSYM( FSYM(  VAR(2,440).nil, 366).nil, 24).nil, 21)).
nil)

 end
/*1754 occCheck2:eqSystem*/
RULE(
1050,359,69,1,1,3,FSYM(  VAR(0,359).FSYM( FSYM(  VAR(1,440).FSYM(  VAR(2,338).nil, 363).nil, 411).nil, 413).nil, 414),
FSYM( FSYM( nil, 0).nil, 412),
IFF(FSYM( FSYM(  VAR(2,338). VAR(1,440).nil, 17).FSYM( FSYM(  VAR(1,440).nil, 366).nil, 24).nil, 21)).
nil)

 end
/*1767 conflict:eqSystem*/
RULE(
1063,359,69,1,1,3,FSYM(  VAR(0,359).FSYM( FSYM(  VAR(1,440). VAR(2,440).nil, 411).nil, 413).nil, 414),
FSYM( FSYM( nil, 0).nil, 412),
IFF(FSYM( FSYM( FSYM( FSYM(  VAR(1,440).nil, 364).FSYM(  VAR(2,440).nil, 364).nil, 19).FSYM( FSYM(  VAR(1,440).nil, 366).nil, 24).nil, 21).FSYM( FSYM(  VAR(2,440).nil, 366).nil, 24).nil, 21)).
nil)

 end
/*1788 trueelim:eqSystem*/
RULE(
1084,359,69,1,1,1,FSYM(  VAR(0,359).FSYM( FSYM( nil, 1).nil, 412).nil, 414),
 VAR(0,359),
nil)

 end
/*1804 truepass:eqSystem*/
RULE(
1100,359,69,1,1,1,FSYM(  VAR(0,359).FSYM( FSYM( nil, 1).nil, 412).nil, 414),
FSYM( FSYM( FSYM( nil, 1).nil, 412). VAR(0,359).nil, 414),
nil)

 end
/*1831 sldSucces:sldState*/
RULE(
1010,336,166,2,1,3,FSYM( FSYM( nil, 381). VAR(0,331). VAR(1,359).nil, 425),
FSYM( FSYM( nil, 381).FSYM( INT(0).nil, 300). VAR(2,359).nil, 425),
WHERE(VAR(2,359),369, VAR(1,359)).
nil)

 end
/*1876 decompose:eqSystem*/
RULE(
1180,359,69,2,1,1,FSYM(  VAR(0,359).FSYM( FSYM( FSYM( nil, 371).FSYM( nil, 371).nil, 411).nil, 413).nil, 414),
 VAR(0,359),
nil)

 end
/*1876 decompose:eqSystem*/
RULE(
1180,359,69,2,1,1,FSYM(  VAR(0,359).FSYM( FSYM( FSYM( nil, 372).FSYM( nil, 372).nil, 411).nil, 413).nil, 414),
 VAR(0,359),
nil)

 end
/*1876 decompose:eqSystem*/
RULE(
1180,359,69,2,1,1,FSYM(  VAR(0,359).FSYM( FSYM( FSYM( nil, 373).FSYM( nil, 373).nil, 411).nil, 413).nil, 414),
 VAR(0,359),
nil)

 end
/*1876 decompose:eqSystem*/
RULE(
1180,359,69,2,1,3,FSYM(  VAR(0,359).FSYM( FSYM( FSYM(  VAR(1,440).nil, 374).FSYM(  VAR(2,440).nil, 374).nil, 411).nil, 413).nil, 414),
FSYM(  VAR(0,359).FSYM( FSYM(  VAR(1,440). VAR(2,440).nil, 411).nil, 413).nil, 414),
nil)

 end
/*1901 mergePass1:eqSystem*/
RULE(
1197,359,69,1,1,3,FSYM(  VAR(0,359).FSYM( FSYM( FSYM(  VAR(1,338).nil, 363). VAR(2,440).nil, 411).nil, 413).nil, 414),
FSYM( FSYM( FSYM( FSYM(  VAR(1,338).nil, 363). VAR(2,440).nil, 411).nil, 413). VAR(0,359).nil, 414),
nil)

 end
/*1902 mergePass2:eqSystem*/
RULE(
1198,359,69,1,1,5,FSYM(  VAR(0,359).FSYM( FSYM( FSYM(  VAR(1,338).nil, 363). VAR(2,440).nil, 411).nil, 413).nil, 414),
 VAR(3,359),
WHERE(VAR(4,428),-1,FSYM(  VAR(1,338). VAR(0,359).nil, 17)).
TRY(
IFF(FSYM(  VAR(4,428).nil, 24)).
WHERE(VAR(3,359),-1,FSYM( FSYM( FSYM( FSYM(  VAR(1,338).nil, 363). VAR(2,440).nil, 411).nil, 413). VAR(0,359).nil, 414)).
nil.IFF( VAR(4,428)).
WHERE(VAR(3,359),-1, VAR(0,359)).
nil.nil)
.
nil)

 end
/*1903 mergePass3:eqSystem*/
RULE(
1199,359,69,1,1,1, VAR(0,359),
 VAR(0,359),
IFF(FSYM( nil, 0)).
nil)

 end
/*1917 inOccRule:list[int]*/
RULE(
270,459,118,2,1,2,FSYM( FSYM(  VAR(0,440).nil, 374).nil, 367),
FSYM( FSYM( INT(1).nil, 300). VAR(1,459).nil, 347),
WHERE(VAR(1,459),242,FSYM(  VAR(0,440).nil, 367)).
nil)

 end
/*1918 eliminate1:eqSystem*/
RULE(
1214,359,69,1,1,3,FSYM(  VAR(0,359).FSYM( FSYM( FSYM(  VAR(1,338).nil, 363). VAR(2,440).nil, 411).nil, 413).nil, 414),
FSYM( FSYM( FSYM( FSYM(  VAR(1,338).nil, 363). VAR(2,440).nil, 411).nil, 413).FSYM( FSYM(  VAR(1,338). VAR(2,440).nil, 344). VAR(0,359).nil, 410).nil, 414),
IFF(FSYM( FSYM(  VAR(1,338). VAR(2,440).nil, 17).nil, 24)).
nil)

 end
/*1919 eliminate2:eqSystem*/
RULE(
1215,359,69,1,1,3,FSYM(  VAR(0,359).FSYM( FSYM(  VAR(1,440).FSYM(  VAR(2,338).nil, 363).nil, 411).nil, 413).nil, 414),
FSYM( FSYM( FSYM( FSYM(  VAR(2,338).nil, 363). VAR(1,440).nil, 411).nil, 413).FSYM( FSYM(  VAR(2,338). VAR(1,440).nil, 344). VAR(0,359).nil, 410).nil, 414),
IFF(FSYM( FSYM(  VAR(2,338). VAR(1,440).nil, 17).nil, 24)).
nil)

 end
/*1933 matchClash:eqSystem*/
RULE(
1229,359,69,1,1,3,FSYM(  VAR(0,359).FSYM( FSYM(  VAR(1,440).FSYM(  VAR(2,338).nil, 363).nil, 411).nil, 413).nil, 414),
FSYM( FSYM( nil, 0).nil, 412),
IFF(FSYM( FSYM(  VAR(1,440).nil, 366).nil, 24)).
nil)

 end
/*1936 mergeClash:eqSystem*/
RULE(
1232,359,69,1,1,3,FSYM(  VAR(0,359).FSYM( FSYM( FSYM(  VAR(1,338).nil, 363). VAR(2,440).nil, 411).nil, 413).nil, 414),
FSYM( FSYM( nil, 0).nil, 412),
IFF(FSYM(  VAR(0,359). VAR(1,338). VAR(2,440).nil, 417)).
nil)

 end

RULE(
-1,
331,131,1,1,3,FSYM( FSYM(  VAR(0,58).nil, 300).FSYM(  VAR(1,58).nil, 300).nil, 301),
FSYM(  VAR(2,58).nil, 300),
WHERE(VAR(2,58),-1,FSYM(  VAR(0,58). VAR(1,58).nil, 3)).
nil)

 end

RULE(
-1,
331,131,1,1,3,FSYM( FSYM(  VAR(0,58).nil, 300).FSYM(  VAR(1,58).nil, 300).nil, 302),
FSYM(  VAR(2,58).nil, 300),
WHERE(VAR(2,58),-1,FSYM(  VAR(0,58). VAR(1,58).nil, 4)).
nil)

 end

RULE(
-1,
331,131,1,1,3,FSYM( FSYM(  VAR(0,58).nil, 300).FSYM(  VAR(1,58).nil, 300).nil, 303),
FSYM(  VAR(2,58).nil, 300),
WHERE(VAR(2,58),-1,FSYM(  VAR(0,58). VAR(1,58).nil, 5)).
nil)

 end

RULE(
-1,
331,131,1,1,3,FSYM( FSYM(  VAR(0,58).nil, 300).FSYM(  VAR(1,58).nil, 300).nil, 304),
FSYM(  VAR(2,58).nil, 300),
WHERE(VAR(2,58),-1,FSYM(  VAR(0,58). VAR(1,58).nil, 27)).
nil)

 end

RULE(
-1,
331,131,1,1,3,FSYM( FSYM(  VAR(0,58).nil, 300).FSYM(  VAR(1,58).nil, 300).nil, 305),
FSYM(  VAR(2,58).nil, 300),
WHERE(VAR(2,58),-1,FSYM(  VAR(0,58). VAR(1,58).nil, 28)).
nil)

 end

RULE(
-1,
331,131,1,1,3,FSYM( FSYM(  VAR(0,58).nil, 300).FSYM(  VAR(1,58).nil, 300).nil, 306),
FSYM(  VAR(2,58).nil, 300),
WHERE(VAR(2,58),-1,FSYM(  VAR(0,58). VAR(1,58).nil, 6)).
nil)

 end

RULE(
-1,
331,131,1,1,3,FSYM( FSYM(  VAR(0,58).nil, 300).FSYM(  VAR(1,58).nil, 300).nil, 307),
FSYM(  VAR(2,58).nil, 300),
WHERE(VAR(2,58),-1,FSYM(  VAR(0,58). VAR(1,58).nil, 29)).
nil)

 end

RULE(
-1,
331,131,1,1,2,FSYM( FSYM(  VAR(0,58).nil, 300).nil, 308),
FSYM(  VAR(1,58).nil, 300),
WHERE(VAR(1,58),-1,FSYM(  VAR(0,58).nil, 20)).
nil)

 end

RULE(
-1,
428,131,1,1,2,FSYM( FSYM(  VAR(0,58).nil, 300).FSYM(  VAR(1,58).nil, 300).nil, 309),
FSYM(  VAR(0,58). VAR(1,58).nil, 8),
nil)

 end

RULE(
-1,
428,131,1,1,2,FSYM( FSYM(  VAR(0,58).nil, 300).FSYM(  VAR(1,58).nil, 300).nil, 310),
FSYM(  VAR(0,58). VAR(1,58).nil, 9),
nil)

 end

RULE(
-1,
428,131,1,1,2,FSYM( FSYM(  VAR(0,58).nil, 300).FSYM(  VAR(1,58).nil, 300).nil, 311),
FSYM(  VAR(0,58). VAR(1,58).nil, 12),
nil)

 end

RULE(
-1,
428,131,1,1,2,FSYM( FSYM(  VAR(0,58).nil, 300).FSYM(  VAR(1,58).nil, 300).nil, 312),
FSYM(  VAR(0,58). VAR(1,58).nil, 13),
nil)

 end

RULE(
-1,
428,131,1,1,2,FSYM( FSYM(  VAR(0,58).nil, 300).FSYM(  VAR(1,58).nil, 300).nil, 313),
FSYM(  VAR(0,58). VAR(1,58).nil, 11),
nil)

 end

RULE(
-1,
428,131,1,1,2,FSYM( FSYM(  VAR(0,58).nil, 300).FSYM(  VAR(1,58).nil, 300).nil, 314),
FSYM(  VAR(0,58). VAR(1,58).nil, 10),
nil)

 end

RULE(
-1,
331,131,1,1,2,FSYM(  VAR(0,428).nil, 315),
FSYM(  VAR(1,58).nil, 300),
WHERE(VAR(1,58),-1,FSYM(  VAR(0,428).nil, 25)).
nil)

 end

RULE(
-1,
428,131,1,1,1,FSYM( FSYM(  VAR(0,58).nil, 300).nil, 316),
FSYM(  VAR(0,58).nil, 26),
nil)

 end

RULE(
-1,
58,131,1,1,1,FSYM( FSYM(  VAR(0,58).nil, 300).nil, 317),
 VAR(0,58),
nil)

 end

RULE(
-1,
331,119,1,1,0,FSYM( nil, 318),
FSYM( INT(20).nil, 300),
nil)

 end

RULE(
-1,
187,87,1,1,1,FSYM( FSYM( nil, 320). VAR(0,187).nil, 322),
 VAR(0,187),
nil)

 end

RULE(
-1,
187,87,1,1,3,FSYM( FSYM(  VAR(0,59). VAR(1,187).nil, 321). VAR(2,187).nil, 322),
FSYM(  VAR(0,59).FSYM(  VAR(1,187). VAR(2,187).nil, 322).nil, 321),
nil)

 end

RULE(
-1,
59,87,1,1,2,FSYM( FSYM( INT(1).nil, 300).FSYM(  VAR(0,59). VAR(1,187).nil, 321).nil, 324),
 VAR(0,59),
nil)

 end

RULE(
-1,
59,87,1,1,4,FSYM(  VAR(0,331).FSYM(  VAR(1,59). VAR(2,187).nil, 321).nil, 324),
FSYM(  VAR(3,331). VAR(2,187).nil, 324),
WHERE(VAR(3,331),-1,FSYM(  VAR(0,331).FSYM( INT(1).nil, 300).nil, 302)).
nil)

 end

RULE(
-1,
331,87,1,1,1,FSYM( FSYM( nil, 320).nil, 325),
FSYM( INT(0).nil, 300),
nil)

 end

RULE(
-1,
331,87,1,1,2,FSYM( FSYM(  VAR(0,59). VAR(1,187).nil, 321).nil, 325),
FSYM( FSYM( INT(1).nil, 300).FSYM(  VAR(1,187).nil, 325).nil, 301),
nil)

 end

RULE(
-1,
187,87,1,1,1,FSYM( FSYM( INT(0).nil, 300). VAR(0,187).nil, 326),
FSYM( nil, 320),
nil)

 end

RULE(
-1,
187,87,1,1,2,FSYM(  VAR(0,331). VAR(1,187).nil, 326),
FSYM(  VAR(1,187).FSYM( FSYM(  VAR(0,331).FSYM( INT(1).nil, 300).nil, 302). VAR(1,187).nil, 326).nil, 322),
IFF(FSYM(  VAR(0,331).FSYM( INT(0).nil, 300).nil, 311)).
nil)

 end

RULE(
-1,
59,68,1,1,2,FSYM( FSYM(  VAR(0,59). VAR(1,331).nil, 328).nil, 329),
 VAR(0,59),
nil)

 end

RULE(
-1,
331,68,1,1,2,FSYM( FSYM(  VAR(0,59). VAR(1,331).nil, 328).nil, 330),
 VAR(1,331),
nil)

 end

RULE(
-1,
428,68,1,1,2,FSYM( FSYM(  VAR(0,59). VAR(1,331).nil, 328).nil, 331),
FSYM( nil, 1),
nil)

 end

RULE(
-1,
428,68,1,1,1,FSYM(  VAR(0,46).nil, 331),
FSYM( nil, 0),
nil)

 end

RULE(
-1,
174,74,1,1,1,FSYM( FSYM( nil, 332). VAR(0,174).nil, 334),
 VAR(0,174),
nil)

 end

RULE(
-1,
174,74,1,1,3,FSYM( FSYM(  VAR(0,46). VAR(1,174).nil, 333). VAR(2,174).nil, 334),
FSYM(  VAR(0,46).FSYM(  VAR(1,174). VAR(2,174).nil, 334).nil, 333),
nil)

 end

RULE(
-1,
46,74,1,1,2,FSYM( FSYM( INT(1).nil, 300).FSYM(  VAR(0,46). VAR(1,174).nil, 333).nil, 336),
 VAR(0,46),
nil)

 end

RULE(
-1,
46,74,1,1,4,FSYM(  VAR(0,331).FSYM(  VAR(1,46). VAR(2,174).nil, 333).nil, 336),
FSYM(  VAR(3,331). VAR(2,174).nil, 336),
WHERE(VAR(3,331),-1,FSYM(  VAR(0,331).FSYM( INT(1).nil, 300).nil, 302)).
nil)

 end

RULE(
-1,
331,74,1,1,1,FSYM( FSYM( nil, 332).nil, 337),
FSYM( INT(0).nil, 300),
nil)

 end

RULE(
-1,
331,74,1,1,2,FSYM( FSYM(  VAR(0,46). VAR(1,174).nil, 333).nil, 337),
FSYM( FSYM( INT(1).nil, 300).FSYM(  VAR(1,174).nil, 337).nil, 301),
nil)

 end

RULE(
-1,
174,74,1,1,1,FSYM( FSYM( INT(0).nil, 300). VAR(0,174).nil, 338),
FSYM( nil, 332),
nil)

 end

RULE(
-1,
174,74,1,1,2,FSYM(  VAR(0,331). VAR(1,174).nil, 338),
FSYM(  VAR(1,174).FSYM( FSYM(  VAR(0,331).FSYM( INT(1).nil, 300).nil, 302). VAR(1,174).nil, 338).nil, 334),
IFF(FSYM(  VAR(0,331).FSYM( INT(0).nil, 300).nil, 311)).
nil)

 end

RULE(
-1,
187,12,1,1,0,FSYM( nil, 340),
FSYM( FSYM( IDENT(88).nil, 319).FSYM( FSYM( IDENT(89).nil, 319).FSYM( FSYM( IDENT(90).nil, 319).FSYM( nil, 320).nil, 321).nil, 321).nil, 321),
nil)

 end

RULE(
-1,
174,106,1,1,0,FSYM( nil, 341),
FSYM( FSYM( FSYM( IDENT(414).nil, 319).FSYM( INT(0).nil, 300).nil, 328).FSYM( FSYM( FSYM( IDENT(853).nil, 319).FSYM( INT(0).nil, 300).nil, 328).FSYM( FSYM( FSYM( IDENT(836).nil, 319).FSYM( INT(0).nil, 300).nil, 328).FSYM( FSYM( FSYM( IDENT(454).nil, 319).FSYM( INT(1).nil, 300).nil, 328).FSYM( nil, 332).nil, 333).nil, 333).nil, 333).nil, 333),
nil)

 end

RULE(
-1,
174,39,1,1,0,FSYM( nil, 342),
FSYM( FSYM( FSYM( IDENT(649).nil, 319).FSYM( INT(2).nil, 300).nil, 328).FSYM( nil, 332).nil, 333),
nil)

 end

RULE(
-1,
459,192,1,1,1,FSYM( FSYM( nil, 346). VAR(0,459).nil, 348),
 VAR(0,459),
nil)

 end

RULE(
-1,
459,192,1,1,3,FSYM( FSYM(  VAR(0,331). VAR(1,459).nil, 347). VAR(2,459).nil, 348),
FSYM(  VAR(0,331).FSYM(  VAR(1,459). VAR(2,459).nil, 348).nil, 347),
nil)

 end

RULE(
-1,
331,192,1,1,2,FSYM( FSYM( INT(1).nil, 300).FSYM(  VAR(0,331). VAR(1,459).nil, 347).nil, 350),
 VAR(0,331),
nil)

 end

RULE(
-1,
331,192,1,1,4,FSYM(  VAR(0,331).FSYM(  VAR(1,331). VAR(2,459).nil, 347).nil, 350),
FSYM(  VAR(3,331). VAR(2,459).nil, 350),
WHERE(VAR(3,331),-1,FSYM(  VAR(0,331).FSYM( INT(1).nil, 300).nil, 302)).
nil)

 end

RULE(
-1,
331,192,1,1,1,FSYM( FSYM( nil, 346).nil, 351),
FSYM( INT(0).nil, 300),
nil)

 end

RULE(
-1,
331,192,1,1,2,FSYM( FSYM(  VAR(0,331). VAR(1,459).nil, 347).nil, 351),
FSYM( FSYM( INT(1).nil, 300).FSYM(  VAR(1,459).nil, 351).nil, 301),
nil)

 end

RULE(
-1,
459,192,1,1,1,FSYM( FSYM( INT(0).nil, 300). VAR(0,459).nil, 352),
FSYM( nil, 346),
nil)

 end

RULE(
-1,
459,192,1,1,2,FSYM(  VAR(0,331). VAR(1,459).nil, 352),
FSYM(  VAR(1,459).FSYM( FSYM(  VAR(0,331).FSYM( INT(1).nil, 300).nil, 302). VAR(1,459).nil, 352).nil, 348),
IFF(FSYM(  VAR(0,331).FSYM( INT(0).nil, 300).nil, 311)).
nil)

 end

RULE(
-1,
466,66,1,1,1,FSYM( FSYM( nil, 354). VAR(0,466).nil, 356),
 VAR(0,466),
nil)

 end

RULE(
-1,
466,66,1,1,3,FSYM( FSYM(  VAR(0,338). VAR(1,466).nil, 355). VAR(2,466).nil, 356),
FSYM(  VAR(0,338).FSYM(  VAR(1,466). VAR(2,466).nil, 356).nil, 355),
nil)

 end

RULE(
-1,
338,66,1,1,2,FSYM( FSYM( INT(1).nil, 300).FSYM(  VAR(0,338). VAR(1,466).nil, 355).nil, 358),
 VAR(0,338),
nil)

 end

RULE(
-1,
338,66,1,1,4,FSYM(  VAR(0,331).FSYM(  VAR(1,338). VAR(2,466).nil, 355).nil, 358),
FSYM(  VAR(3,331). VAR(2,466).nil, 358),
WHERE(VAR(3,331),-1,FSYM(  VAR(0,331).FSYM( INT(1).nil, 300).nil, 302)).
nil)

 end

RULE(
-1,
331,66,1,1,1,FSYM( FSYM( nil, 354).nil, 359),
FSYM( INT(0).nil, 300),
nil)

 end

RULE(
-1,
331,66,1,1,2,FSYM( FSYM(  VAR(0,338). VAR(1,466).nil, 355).nil, 359),
FSYM( FSYM( INT(1).nil, 300).FSYM(  VAR(1,466).nil, 359).nil, 301),
nil)

 end

RULE(
-1,
466,66,1,1,1,FSYM( FSYM( INT(0).nil, 300). VAR(0,466).nil, 360),
FSYM( nil, 354),
nil)

 end

RULE(
-1,
466,66,1,1,2,FSYM(  VAR(0,331). VAR(1,466).nil, 360),
FSYM(  VAR(1,466).FSYM( FSYM(  VAR(0,331).FSYM( INT(1).nil, 300).nil, 302). VAR(1,466).nil, 360).nil, 356),
IFF(FSYM(  VAR(0,331).FSYM( INT(0).nil, 300).nil, 311)).
nil)

 end

RULE(
-1,
59,118,1,1,1,FSYM( FSYM( nil, 371).nil, 364),
FSYM( IDENT(414).nil, 319),
nil)

 end

RULE(
-1,
59,118,1,1,1,FSYM( FSYM( nil, 372).nil, 364),
FSYM( IDENT(853).nil, 319),
nil)

 end

RULE(
-1,
59,118,1,1,1,FSYM( FSYM( nil, 373).nil, 364),
FSYM( IDENT(836).nil, 319),
nil)

 end

RULE(
-1,
59,118,1,1,1,FSYM( FSYM(  VAR(0,440).nil, 374).nil, 364),
FSYM( IDENT(454).nil, 319),
nil)

 end

RULE(
-1,
59,118,1,1,1,FSYM( FSYM(  VAR(0,338).nil, 363).nil, 364),
FSYM( IDENT(329).nil, 319),
nil)

 end

RULE(
-1,
59,47,1,1,1,FSYM( FSYM(  VAR(0,331).nil, 406).nil, 364),
FSYM( IDENT(1712).nil, 319),
nil)

 end

RULE(
-1,
59,47,1,1,2,FSYM( FSYM(  VAR(0,440). VAR(1,440).nil, 407).nil, 364),
FSYM( IDENT(1290).nil, 319),
nil)

 end

RULE(
-1,
59,47,1,1,2,FSYM( FSYM(  VAR(0,440). VAR(1,440).nil, 408).nil, 364),
FSYM( IDENT(1183).nil, 319),
nil)

 end

RULE(
-1,
440,118,1,1,1,FSYM( FSYM( INT(1).nil, 300).FSYM(  VAR(0,440).nil, 374).nil, 365),
 VAR(0,440),
nil)

 end

RULE(
-1,
428,118,1,1,1,FSYM( FSYM(  VAR(0,338).nil, 363).nil, 366),
FSYM( nil, 1),
nil)

 end

RULE(
-1,
428,118,1,1,1,FSYM(  VAR(0,440).nil, 366),
FSYM( nil, 0),
nil)

 end

RULE(
-1,
428,47,1,1,1,FSYM( FSYM(  VAR(0,331).nil, 406).nil, 366),
FSYM( nil, 0),
nil)

 end

RULE(
-1,
428,47,1,1,2,FSYM( FSYM(  VAR(0,440). VAR(1,440).nil, 407).nil, 366),
FSYM( nil, 0),
nil)

 end

RULE(
-1,
428,47,1,1,2,FSYM( FSYM(  VAR(0,440). VAR(1,440).nil, 408).nil, 366),
FSYM( nil, 0),
nil)

 end

RULE(
-1,
440,118,1,1,1,FSYM(  VAR(0,440).FSYM( nil, 346).nil, 368),
 VAR(0,440),
nil)

 end

RULE(
-1,
440,118,1,1,3,FSYM(  VAR(0,440).FSYM(  VAR(1,331). VAR(2,459).nil, 347).nil, 368),
FSYM( FSYM(  VAR(1,331). VAR(0,440).nil, 365). VAR(2,459).nil, 368),
nil)

 end

RULE(
-1,
440,118,1,1,3,FSYM( FSYM(  VAR(0,440).nil, 374). VAR(1,440).FSYM( FSYM( INT(1).nil, 300). VAR(2,459).nil, 347).nil, 369),
FSYM( FSYM(  VAR(0,440). VAR(1,440). VAR(2,459).nil, 369).nil, 374),
nil)

 end

RULE(
-1,
440,118,1,1,2,FSYM(  VAR(0,440). VAR(1,440).FSYM( nil, 346).nil, 369),
 VAR(1,440),
nil)

 end

RULE(
-1,
341,118,1,1,1,FSYM( FSYM( nil, 354). VAR(0,331).nil, 370),
FSYM( nil, 343),
nil)

 end

RULE(
-1,
341,118,1,1,3,FSYM( FSYM(  VAR(0,338). VAR(1,466).nil, 355). VAR(2,331).nil, 370),
FSYM( FSYM(  VAR(0,338).FSYM( FSYM(  VAR(2,331).nil, 362).nil, 363).nil, 344).FSYM(  VAR(1,466).FSYM(  VAR(2,331).FSYM( INT(1).nil, 300).nil, 301).nil, 370).nil, 345),
nil)

 end

RULE(
-1,
466,118,1,1,1,FSYM( nil, 378),
FSYM( FSYM( nil, 375).FSYM( FSYM( nil, 376).FSYM( FSYM( nil, 377).FSYM( nil, 354).nil, 355).nil, 355).nil, 355),
nil)

 end

RULE(
-1,
331,118,1,1,1,FSYM( nil, 379),
FSYM( INT(3).nil, 300),
nil)

 end

RULE(
-1,
61,61,1,1,1,FSYM( FSYM( nil, 381). VAR(0,61).nil, 383),
 VAR(0,61),
nil)

 end

RULE(
-1,
61,61,1,1,3,FSYM( FSYM(  VAR(0,433). VAR(1,61).nil, 382). VAR(2,61).nil, 383),
FSYM(  VAR(0,433).FSYM(  VAR(1,61). VAR(2,61).nil, 383).nil, 382),
nil)

 end

RULE(
-1,
433,61,1,1,2,FSYM( FSYM( INT(1).nil, 300).FSYM(  VAR(0,433). VAR(1,61).nil, 382).nil, 385),
 VAR(0,433),
nil)

 end

RULE(
-1,
433,61,1,1,4,FSYM(  VAR(0,331).FSYM(  VAR(1,433). VAR(2,61).nil, 382).nil, 385),
FSYM(  VAR(3,331). VAR(2,61).nil, 385),
WHERE(VAR(3,331),-1,FSYM(  VAR(0,331).FSYM( INT(1).nil, 300).nil, 302)).
nil)

 end

RULE(
-1,
331,61,1,1,1,FSYM( FSYM( nil, 381).nil, 386),
FSYM( INT(0).nil, 300),
nil)

 end

RULE(
-1,
331,61,1,1,2,FSYM( FSYM(  VAR(0,433). VAR(1,61).nil, 382).nil, 386),
FSYM( FSYM( INT(1).nil, 300).FSYM(  VAR(1,61).nil, 386).nil, 301),
nil)

 end

RULE(
-1,
61,61,1,1,1,FSYM( FSYM( INT(0).nil, 300). VAR(0,61).nil, 387),
FSYM( nil, 381),
nil)

 end

RULE(
-1,
61,61,1,1,2,FSYM(  VAR(0,331). VAR(1,61).nil, 387),
FSYM(  VAR(1,61).FSYM( FSYM(  VAR(0,331).FSYM( INT(1).nil, 300).nil, 302). VAR(1,61).nil, 387).nil, 383),
IFF(FSYM(  VAR(0,331).FSYM( INT(0).nil, 300).nil, 311)).
nil)

 end

RULE(
-1,
59,153,1,1,2,FSYM( FSYM(  VAR(0,440). VAR(1,440).nil, 391).nil, 389),
FSYM( IDENT(649).nil, 319),
nil)

 end

RULE(
-1,
59,47,1,1,2,FSYM( FSYM(  VAR(0,440). VAR(1,440).nil, 404).nil, 389),
FSYM( IDENT(1273).nil, 319),
nil)

 end

RULE(
-1,
59,47,1,1,2,FSYM( FSYM( FSYM(  VAR(0,338).nil, 363). VAR(1,440).nil, 405).nil, 389),
FSYM( IDENT(1480).nil, 319),
nil)

 end

RULE(
-1,
440,153,1,1,2,FSYM( FSYM( INT(1).nil, 300).FSYM(  VAR(0,440). VAR(1,440).nil, 391).nil, 390),
 VAR(0,440),
nil)

 end

RULE(
-1,
440,153,1,1,2,FSYM( FSYM( INT(2).nil, 300).FSYM(  VAR(0,440). VAR(1,440).nil, 391).nil, 390),
 VAR(1,440),
nil)

 end

RULE(
-1,
433,150,1,1,2,FSYM( FSYM(  VAR(0,433). VAR(1,61).nil, 392).nil, 393),
 VAR(0,433),
nil)

 end

RULE(
-1,
61,150,1,1,2,FSYM( FSYM(  VAR(0,433). VAR(1,61).nil, 392).nil, 394),
 VAR(1,61),
nil)

 end

RULE(
-1,
428,150,1,1,2,FSYM( FSYM(  VAR(0,433). VAR(1,61).nil, 392).nil, 395),
FSYM( nil, 1),
nil)

 end

RULE(
-1,
428,150,1,1,1,FSYM(  VAR(0,150).nil, 395),
FSYM( nil, 0),
nil)

 end

RULE(
-1,
278,178,1,1,1,FSYM( FSYM( nil, 396). VAR(0,278).nil, 398),
 VAR(0,278),
nil)

 end

RULE(
-1,
278,178,1,1,3,FSYM( FSYM(  VAR(0,150). VAR(1,278).nil, 397). VAR(2,278).nil, 398),
FSYM(  VAR(0,150).FSYM(  VAR(1,278). VAR(2,278).nil, 398).nil, 397),
nil)

 end

RULE(
-1,
150,178,1,1,2,FSYM( FSYM( INT(1).nil, 300).FSYM(  VAR(0,150). VAR(1,278).nil, 397).nil, 400),
 VAR(0,150),
nil)

 end

RULE(
-1,
150,178,1,1,4,FSYM(  VAR(0,331).FSYM(  VAR(1,150). VAR(2,278).nil, 397).nil, 400),
FSYM(  VAR(3,331). VAR(2,278).nil, 400),
WHERE(VAR(3,331),-1,FSYM(  VAR(0,331).FSYM( INT(1).nil, 300).nil, 302)).
nil)

 end

RULE(
-1,
331,178,1,1,1,FSYM( FSYM( nil, 396).nil, 401),
FSYM( INT(0).nil, 300),
nil)

 end

RULE(
-1,
331,178,1,1,2,FSYM( FSYM(  VAR(0,150). VAR(1,278).nil, 397).nil, 401),
FSYM( FSYM( INT(1).nil, 300).FSYM(  VAR(1,278).nil, 401).nil, 301),
nil)

 end

RULE(
-1,
278,178,1,1,1,FSYM( FSYM( INT(0).nil, 300). VAR(0,278).nil, 402),
FSYM( nil, 396),
nil)

 end

RULE(
-1,
278,178,1,1,2,FSYM(  VAR(0,331). VAR(1,278).nil, 402),
FSYM(  VAR(1,278).FSYM( FSYM(  VAR(0,331).FSYM( INT(1).nil, 300).nil, 302). VAR(1,278).nil, 402).nil, 398),
IFF(FSYM(  VAR(0,331).FSYM( INT(0).nil, 300).nil, 311)).
nil)

 end

RULE(
-1,
278,120,1,1,0,FSYM( nil, 409),
FSYM( FSYM( FSYM( FSYM( nil, 371).FSYM( nil, 372).nil, 391).FSYM( nil, 381).nil, 392).FSYM( FSYM( FSYM( FSYM( nil, 372).FSYM( nil, 373).nil, 391).FSYM( nil, 381).nil, 392).FSYM( FSYM( FSYM( FSYM( FSYM( nil, 375).nil, 363).FSYM( FSYM( nil, 376).nil, 363).nil, 391).FSYM( FSYM( FSYM( FSYM( nil, 375).nil, 363).FSYM( FSYM( nil, 377).nil, 363).nil, 391).FSYM( FSYM( FSYM( FSYM( nil, 377).nil, 363).FSYM( FSYM( nil, 376).nil, 363).nil, 391).FSYM( nil, 381).nil, 382).nil, 382).nil, 392).FSYM( nil, 396).nil, 397).nil, 397).nil, 397),
nil)

 end

RULE(
-1,
359,117,1,1,1,FSYM( FSYM( nil, 343). VAR(0,359).nil, 410),
 VAR(0,359),
nil)

 end

RULE(
-1,
359,117,1,1,3,FSYM( FSYM(  VAR(0,341). VAR(1,341).nil, 345). VAR(2,359).nil, 410),
FSYM(  VAR(1,341).FSYM(  VAR(0,341). VAR(2,359).nil, 410).nil, 410),
nil)

 end

RULE(
-1,
359,117,1,1,3,FSYM( FSYM(  VAR(0,338). VAR(1,440).nil, 344). VAR(2,359).nil, 410),
FSYM( FSYM(  VAR(0,338).nil, 363). VAR(1,440). VAR(2,359).nil, 16),
nil)

 end

RULE(
-1,
341,5,1,1,1,FSYM( FSYM( FSYM( nil, 1).nil, 412).nil, 415),
FSYM( nil, 343),
nil)

 end

RULE(
-1,
341,5,1,1,2,FSYM( FSYM( FSYM( FSYM(  VAR(0,338).nil, 363). VAR(1,440).nil, 411).nil, 413).nil, 415),
FSYM(  VAR(0,338). VAR(1,440).nil, 344),
nil)

 end

RULE(
-1,
341,5,1,1,2,FSYM( FSYM(  VAR(0,359). VAR(1,359).nil, 414).nil, 415),
FSYM( FSYM(  VAR(0,359).nil, 415).FSYM(  VAR(1,359).nil, 415).nil, 345),
nil)

 end

RULE(
-1,
428,69,1,1,2,FSYM( FSYM( FSYM( nil, 1).nil, 412). VAR(0,338). VAR(1,440).nil, 417),
FSYM( nil, 0),
nil)

 end

RULE(
-1,
428,69,1,1,4,FSYM( FSYM(  VAR(0,359). VAR(1,359).nil, 414). VAR(2,338). VAR(3,440).nil, 417),
FSYM( FSYM(  VAR(0,359). VAR(2,338). VAR(3,440).nil, 417).FSYM(  VAR(1,359). VAR(2,338). VAR(3,440).nil, 417).nil, 22),
nil)

 end

RULE(
-1,
428,69,1,1,4,FSYM( FSYM( FSYM( FSYM(  VAR(0,338).nil, 363). VAR(1,440).nil, 411).nil, 413). VAR(2,338). VAR(3,440).nil, 417),
FSYM( FSYM(  VAR(0,338). VAR(2,338).nil, 18).FSYM(  VAR(1,440). VAR(3,440).nil, 19).nil, 21),
nil)

 end

RULE(
-1,
61,130,1,1,1,FSYM( FSYM( nil, 343). VAR(0,61).nil, 422),
 VAR(0,61),
nil)

 end

RULE(
-1,
61,130,1,1,3,FSYM( FSYM(  VAR(0,341). VAR(1,341).nil, 345). VAR(2,61).nil, 422),
FSYM(  VAR(1,341).FSYM(  VAR(0,341). VAR(2,61).nil, 422).nil, 422),
nil)

 end

RULE(
-1,
61,130,1,1,3,FSYM( FSYM(  VAR(0,338). VAR(1,440).nil, 344). VAR(2,61).nil, 422),
FSYM( FSYM(  VAR(0,338).nil, 363). VAR(1,440). VAR(2,61).nil, 16),
nil)

 end

RULE(
-1,
433,91,1,1,1,FSYM( FSYM( nil, 343). VAR(0,433).nil, 423),
 VAR(0,433),
nil)

 end

RULE(
-1,
433,91,1,1,3,FSYM( FSYM(  VAR(0,341). VAR(1,341).nil, 345). VAR(2,433).nil, 423),
FSYM(  VAR(1,341).FSYM(  VAR(0,341). VAR(2,433).nil, 423).nil, 423),
nil)

 end

RULE(
-1,
433,91,1,1,3,FSYM( FSYM(  VAR(0,338). VAR(1,440).nil, 344). VAR(2,433).nil, 423),
FSYM( FSYM(  VAR(0,338).nil, 363). VAR(1,440). VAR(2,433).nil, 16),
nil)

 end

RULE(
-1,
440,98,1,1,1,FSYM( FSYM( nil, 343). VAR(0,440).nil, 424),
 VAR(0,440),
nil)

 end

RULE(
-1,
440,98,1,1,3,FSYM( FSYM(  VAR(0,341). VAR(1,341).nil, 345). VAR(2,440).nil, 424),
FSYM(  VAR(1,341).FSYM(  VAR(0,341). VAR(2,440).nil, 424).nil, 424),
nil)

 end

RULE(
-1,
440,98,1,1,3,FSYM( FSYM(  VAR(0,338). VAR(1,440).nil, 344). VAR(2,440).nil, 424),
FSYM( FSYM(  VAR(0,338).nil, 363). VAR(1,440). VAR(2,440).nil, 16),
nil)

 end

RULE(
-1,
440,166,1,1,2,FSYM( FSYM( FSYM(  VAR(0,331).nil, 406).FSYM(  VAR(1,331).nil, 406).nil, 407).nil, 426),
FSYM( FSYM(  VAR(0,331). VAR(1,331).nil, 301).nil, 406),
nil)

 end

RULE(
-1,
440,166,1,1,2,FSYM( FSYM( FSYM(  VAR(0,331).nil, 406).FSYM(  VAR(1,331).nil, 406).nil, 408).nil, 426),
FSYM( FSYM(  VAR(0,331). VAR(1,331).nil, 302).nil, 406),
nil)

 end
EndDef end
STRATEGY(0,46,74,iterate*(one(266.nil)) ; one(265.nil)) 
end
STRATEGY(26,59,87,iterate*(one(292.nil)) ; one(291.nil)) 
end
STRATEGY(58,359,69,one(958.nil) ; repeat*(one(1597.840.1180.1063.1229.1197.nil)) ; one(1100.1310.1385.nil) ; repeat*(one(1597.1232.1198.1199.nil)) ; one(1084.1310.1385.nil)) 
end
STRATEGY(70,331,192,iterate*(one(836.nil)) ; one(835.nil)) 
end
STRATEGY(84,338,66,iterate*(one(1850.nil)) ; one(1849.nil)) 
end
STRATEGY(88,359,69,one(958.nil) ; repeat*(one(1597.840.1180.1063.1044.1049.1050.1214.1215.nil)) ; one(1084.1310.1385.nil)) 
end
STRATEGY(173,359,69,repeat*(one(1597.840.1180.1063.1229.1197.nil)) ; one(1100.1310.nil) ; repeat*(one(1597.1232.1198.1199.nil)) ; one(1100.1310.nil)) 
end
STRATEGY(203,359,69,repeat*(one(1597.840.1180.1063.1044.1049.1050.1214.1215.nil)) ; one(1100.1310.nil)) 
end
STRATEGY(208,150,178,iterate*(one(474.nil)) ; one(473.nil)) 
end
STRATEGY(242,459,118,dk(394.270.nil)) 
end
STRATEGY(274,433,61,iterate*(one(1040.nil)) ; one(1039.nil)) 
end
STRATEGY(284,336,166,iterate*(dk(808.nil)) ; dc(1010.nil)) 
end
STRATEGY(369,359,5,repeat*(one(221.1597.1570.nil))) 
end
EndDef end
QUERY(433,336,284,FSYM( FSYM(  VAR(0,433).FSYM( nil, 381).nil, 382).FSYM( INT(0).nil, 300).FSYM( FSYM( nil, 1).nil, 412).nil, 425),FSYM( nil, 1)) end 
