Identifiers
70:"F".
73:"I".
74:"J".
78:"N".
80:"P".
81:"Q".
82:"R".
88:"X".
89:"Y".
97:"a".
98:"b".
99:"c".
100:"d".
101:"e".
105:"i".
108:"l".
110:"n".
111:"o".
112:"p".
115:"s".
116:"t".
118:"v".
120:"x".
121:"y".
132:"AC".
143:"IF".
157:"l1".
158:"l2".
159:"n1".
164:"s1".
165:"s2".
166:"SS".
199:"dc".
202:"ee".
205:"id".
207:"dk".
211:"AND".
213:"of".
214:"eq".
215:"END".
219:"by".
220:"th".
225:"or".
226:"vl".
227:"to".
228:"vn".
231:"FOR".
232:"LPL".
259:"s_1".
260:"t_1".
261:"t_2".
273:"EACH".
295:"META".
300:"Fss".
305:"THAT".
306:"Ops".
307:"SUCH".
309:"occ".
311:"end".
316:"Vss".
320:"cmp".
322:"one".
323:"div".
324:"neq".
327:"for".
329:"var".
331:"pri".
337:"not".
351:"try".
354:"ANDIF".
402:"head".
411:"code".
412:"fail".
418:"if".
419:"elem".
420:"oocc".
424:"bs".
426:"self".
428:"bool".
429:"tall".
430:"btoi".
431:"then".
435:"cons".
437:"dont".
438:"tone".
439:"part".
440:"term".
441:"umin".
443:"size".
444:"with".
447:"know".
448:"true".
452:"plus".
456:"sort".
471:"s_2".
489:"dcOne".
510:"check".
518:"and".
522:"alias".
523:"local".
531:"mod".
532:"ident".
534:"nil".
537:"nvocc".
539:"where".
540:"occur".
542:"int".
549:"isvar".
550:"apply".
552:"tsome".
554:"spart".
555:"rules".
556:"minus".
558:"start".
559:"check1".
560:"check2".
561:"subst".
566:"query".
611:"dccall".
619:"dkcall".
622:"care".
623:"call".
625:"global".
627:"delete".
632:"append".
635:"at".
636:"second".
637:"in".
639:"public".
640:"eq_int".
641:"repeat".
642:"time".
646:"module".
648:"ispair".
650:"less".
653:"lesseq".
654:"tt".
655:"list".
657:"source".
658:"switch".
659:"normin".
665:"varnum".
667:"import".
670:"unifys".
671:"result".
674:"export".
677:"system".
719:"defined".
720:"declare".
722:"valueOf".
730:"Epsilon".
732:"replace".
734:"false".
736:"boolean".
737:"eq_bool".
745:"trueadd".
746:"greater".
749:"eq_term".
750:"iterate".
751:"size_of".
759:"builtin".
763:"first".
766:"unify".
770:"rewrite".
773:"varlist".
781:"stratop".
788:"normout".
831:"coalesce".
833:"ccat".
834:"case".
835:"handline".
838:"variable".
841:"eq_ident".
842:"firstOne".
843:"rename".
846:"nil_pair".
847:"neq_bool".
849:"dcconcur".
850:"inline".
852:"choose".
856:"btoi_int".
857:"dkconcur".
859:"implicit".
861:"cons_int".
865:"less_int".
866:"explicit".
870:"equation".
871:"trueelim".
874:"identity".
877:"queryend".
883:"strategy".
899:"definedAs".
900:"inOccRule".
905:"hardAlias".
932:"assocLeft".
951:"neq_ident".
958:"cons_pair".
959:"decompose".
960:"greatereq".
961:"neq_int".
962:"less_bool".
963:"occ_check1".
964:"occ_check2".
970:"normalise".
972:"oneconcur".
974:"private".
977:"normalize".
981:"subterm".
986:"otherwise".
991:"operators".
999:"system_to".
1001:"eliminate1".
1002:"eliminate2".
1024:"topOccRule".
1045:"Vars".
1046:"anyInteger".
1047:"assocRight".
1058:"builtinInt".
1059:"identifier".
1061:"pair".
1063:"itob".
1067:"itob_int".
1070:"neq_term".
1077:"occurs".
1079:"lesseq_int".
1083:"strategies".
1093:"constraint".
1097:"truepropag".
1147:"eq_variable".
1171:"nil_int".
1172:"greater_int".
1175:"listExtract".
1176:"lesseq_bool".
1177:"unification".
1181:"sigSyntax".
1185:"less_term".
1188:"description".
1252:"extractrule1".
1253:"extractrule2".
1256:"nil_variable".
1257:"neq_variable".
1269:"greater_bool".
1272:"conflict".
1274:"size_of_pair".
1280:"varlist_Vars".
1281:"greater_term".
1288:"rename_subst".
1341:"substitution".
1355:"anyIdentifier".
1367:"eq_builtinInt".
1368:"eq_identifier".
1372:"less_variable".
1377:"specification".
1383:"termCommons".
1386:"greatereq_int".
1388:"size_of_int".
1399:"lesseq_term".
1477:"neq_builtinInt".
1478:"neq_identifier".
1483:"greatereq_bool".
1495:"greatereq_term".
1560:"chooseOccurence".
1579:"cons_variable".
1583:"btoi_builtinInt".
1586:"lesseq_variable".
1589:"cons_identifier".
1592:"less_builtinInt".
1593:"less_identifier".
1594:"umin_builtinInt".
1655:"system_to_subst".
1679:"greater_variable".
1684:"size_of_variable".
1688:"nil_identifier".
1716:"size_of_int_list".
1794:"itob_builtinInt".
1805:"varnum_Vars".
1806:"lesseq_builtinInt".
1807:"lesseq_identifier".
1893:"greatereq_variable".
1899:"greater_builtinInt".
1900:"greater_identifier".
1905:"size_of_identifier".
2113:"greatereq_builtinInt".
2114:"greatereq_identifier".
2223:"size_of_variable_list".
2444:"size_of_identifier_list".
nil
end

Sorts
19:"intern int".
32:"ident".
46:"pair[identifier,int]".
58:"builtinInt".
59:"identifier".
93:"constraint".
147:"<list[int]->list[int]>".
174:"list[pair[identifier,int]]".
187:"list[identifier]".
220:"intern ident".
321:"<pair[identifier,int]->pair[identifier,int]>".
331:"int".
338:"variable".
341:"substitution".
347:"<identifier->identifier>".
351:"intern string".
370:"equation".
390:"builtinString".
391:"<int->int>".
405:"<variable->variable>".
415:"<constraint->constraint>".
428:"bool".
440:"term".
459:"list[int]".
466:"list[variable]".
nil
end

Modules
12:"Vars".
28:"bool".
36:"eq[variable]".
38:"eq[term]".
39:"constraint[Ops,Vars]".
46:"anyInteger".
57:"eq[identifier]".
58:"builtinInt".
59:"identifier".
66:"list[variable]".
68:"pair[identifier,int]".
74:"list[pair[identifier,int]]".
79:"occur[variable,term]".
87:"list[identifier]".
93:"replace[term,constraint]".
99:"occur[variable,constraint]".
106:"Ops".
118:"termCommons[Ops,Vars]".
123:"unification[Vars,Ops]".
131:"int".
132:"ident".
139:"unification.lgi".
141:"substitution".
142:"cmp[variable]".
144:"cmp[term]".
151:"identity[constraint]".
155:"anyIdentifier".
159:"anyString".
163:"cmp[identifier]".
170:"sigSyntax".
181:"anyQuotedIdentifier".
192:"list[int]".
nil
end

RuleNames
1:"conflict:constraint".
22:"trueelim:constraint".
25:"identity:constraint".
41:"topOccRule:list[int]".
110:"decompose:constraint".
114:"occ_check1:constraint".
115:"occ_check2:constraint".
136:"delete:constraint/unification[Vars,Ops]!LO".
148:"extractrule1:variable".
149:"extractrule2:variable".
152:"eliminate1:constraint".
153:"eliminate2:constraint".
248:"truepropag:constraint".
254:"trueadd:constraint/unification[Vars,Ops]!LO".
265:"extractrule1:pair[identifier,int]/list[pair[identifier,int]]!LO".
266:"extractrule2:pair[identifier,int]/list[pair[identifier,int]]!LO".
270:"inOccRule:list[int]/termCommons[Ops,Vars]!LO".
291:"extractrule1:identifier/list[identifier]!LO".
292:"extractrule2:identifier/list[identifier]!LO".
340:"coalesce:constraint/unification[Vars,Ops]!LO".
359:"conflict:constraint/unification[Vars,Ops]!LO".
369:"extractrule1:identifier".
370:"extractrule2:identifier".
380:"trueelim:constraint/unification[Vars,Ops]!LO".
394:"topOccRule:list[int]/termCommons[Ops,Vars]!LO".
403:"identity:constraint/identity[constraint]!GL".
468:"decompose:constraint/unification[Vars,Ops]!LO".
472:"occ_check1:constraint/unification[Vars,Ops]!LO".
473:"occ_check2:constraint/unification[Vars,Ops]!LO".
510:"eliminate1:constraint/unification[Vars,Ops]!LO".
511:"eliminate2:constraint/unification[Vars,Ops]!LO".
606:"truepropag:constraint/unification[Vars,Ops]!LO".
835:"extractrule1:int/list[int]!LO".
836:"extractrule2:int/list[int]!LO".
1356:"extractrule1:pair[identifier,int]".
1357:"extractrule2:pair[identifier,int]".
1641:"extractrule1:int".
1642:"extractrule2:int".
1778:"delete:constraint".
1849:"extractrule1:variable/list[variable]!LO".
1850:"extractrule2:variable/list[variable]!LO".
1896:"trueadd:constraint".
1917:"inOccRule:list[int]".
1982:"coalesce:constraint".
nil
end

StrategyNames
0:"listExtract:pair[identifier,int]/list[pair[identifier,int]]".
26:"listExtract:identifier/list[identifier]".
70:"listExtract:int/list[int]".
84:"listExtract:variable/list[variable]".
242:"chooseOccurence:list[int]/termCommons[Ops,Vars]".
376:"unify:constraint/unification[Vars,Ops]".
491:"unifys:constraint/unification[Vars,Ops]".
nil
end

GrammarForSort 46:0:
3:327:0:8:0:0:0:Type(59).Char(58).Type(331).nil:nil.
nil end
GrammarForSort 58:1:
3:3:500:1:3:0:0:Type(58).Char(43).Type(58).nil:nil.
3:4:600:1:4:0:0:Type(58).Char(45).Type(58).nil:nil.
3:5:700:1:5:0:0:Type(58).Char(42).Type(58).nil:nil.
3:6:800:1:6:0:0:Type(58).Char(47).Type(58).nil:nil.
3:27:800:1:27:0:0:Type(58).Char(37).Type(58).nil:nil.
3:28:800:1:28:0:0:Type(58).Char(38).Type(58).nil:nil.
3:29:800:1:29:0:0:Type(58).Char(124).Type(58).nil:nil.
3:20:900:0:20:0:0:Char(45).Type(58).nil:nil.
3:3:500:1:3:0:0:Char(40).Type(58).Char(43).Type(58).Char(41).nil:nil.
3:4:600:1:4:0:0:Char(40).Type(58).Char(45).Type(58).Char(41).nil:nil.
3:5:700:1:5:0:0:Char(40).Type(58).Char(42).Type(58).Char(41).nil:nil.
3:6:800:1:6:0:0:Char(40).Type(58).Char(47).Type(58).Char(41).nil:nil.
3:27:800:1:27:0:0:Char(40).Type(58).Char(37).Type(58).Char(41).nil:nil.
3:28:800:1:28:0:0:Char(40).Type(58).Char(38).Type(58).Char(41).nil:nil.
3:29:800:1:29:0:0:Char(40).Type(58).Char(124).Type(58).Char(41).nil:nil.
3:20:900:0:20:0:0:Char(40).Char(45).Type(58).Char(41).nil:nil.
3:3:0:8:3:0:0:Ident(452).Char(40).Type(58).Char(44).Type(58).Char(41).nil:nil.
3:4:0:8:4:0:0:Ident(556).Char(40).Type(58).Char(44).Type(58).Char(41).nil:nil.
3:5:0:8:5:0:0:Ident(642).Char(40).Type(58).Char(44).Type(58).Char(41).nil:nil.
3:6:0:8:6:0:0:Ident(323).Char(40).Type(58).Char(44).Type(58).Char(41).nil:nil.
3:27:0:8:27:0:0:Ident(531).Char(40).Type(58).Char(44).Type(58).Char(41).nil:nil.
3:28:0:8:28:0:0:Ident(518).Char(40).Type(58).Char(44).Type(58).Char(41).nil:nil.
3:29:0:8:29:0:0:Ident(225).Char(40).Type(58).Char(44).Type(58).Char(41).nil:nil.
3:20:0:0:20:0:0:Ident(441).Char(40).Type(58).Char(41).nil:nil.
3:20:0:8:20:0:0:Ident(1594).Char(40).Type(58).Char(41).nil:nil.
3:25:900:0:25:0:0:Ident(430).Char(40).Type(428).Char(41).nil:nil.
3:25:900:8:25:0:0:Ident(1583).Char(40).Type(428).Char(41).nil:nil.
3:318:900:8:0:0:0:Ident(722).Char(40).Type(331).Char(41).nil:nil.
nil end
GrammarForSort 59:0:
3:300:0:8:0:0:0:Type(32).nil:nil.
3:362:0:8:0:0:0:Ident(402).Char(40).Type(440).Char(41).nil:nil.
nil end
GrammarForSort 93:0:
3:16:0:0:16:0:0:Ident(732).Type(440).Ident(219).Type(440).Ident(637).Type(93).nil:nil.
3:16:0:0:16:0:0:Ident(732).Char(40).Type(440).Char(41).Ident(219).Char(40).Type(440).Char(41).Ident(637).Char(40).Type(93).Char(41).nil:nil.
3:16:0:8:16:0:0:Ident(732).Char(40).Type(440).Char(44).Type(440).Char(44).Type(93).Char(41).nil:nil.
3:377:0:8:0:0:0:Type(428).nil:nil.
3:378:0:8:0:0:0:Type(370).nil:nil.
3:379:0:2:0:2:0:Type(93).Char(38).Type(93).nil:nil.
3:379:0:8:0:2:0:Char(40).Type(93).Char(38).Type(93).Char(41).nil:nil.
3:381:0:0:0:0:0:Type(341).Char(40).Type(93).Char(41).nil:nil.
3:381:0:8:0:0:0:Ident(550).Char(40).Type(341).Char(44).Type(93).Char(41).nil:nil.
3:378:0:0:0:0:0:Type(370).nil:nil.
nil end
GrammarForSort 147:0:
3:375:0:12:0:0:0:Ident(1560).nil:nil.
nil end
GrammarForSort 174:0:
3:331:0:8:0:0:0:Blank.nil:nil.
3:332:0:8:0:0:0:Type(46).Type(174).nil:nil.
nil end
GrammarForSort 187:0:
3:319:0:8:0:0:0:Blank.nil:nil.
3:320:0:8:0:0:0:Type(59).Type(187).nil:nil.
nil end
GrammarForSort 321:0:
nil end
GrammarForSort 331:0:
3:301:1000:0:0:0:0:Type(58).nil:nil.
3:301:1000:0:0:0:0:Char(91).Type(58).Char(93).nil:nil.
3:302:500:1:0:0:0:Type(331).Char(43).Type(331).nil:nil.
3:303:600:1:0:0:0:Type(331).Char(45).Type(331).nil:nil.
3:304:700:1:0:0:0:Type(331).Char(42).Type(331).nil:nil.
3:305:800:1:0:0:0:Type(331).Char(37).Type(331).nil:nil.
3:306:800:1:0:0:0:Type(331).Char(38).Type(331).nil:nil.
3:307:800:1:0:0:0:Type(331).Char(47).Type(331).nil:nil.
3:308:800:1:0:0:0:Type(331).Char(124).Type(331).nil:nil.
3:309:900:0:0:0:0:Char(45).Type(331).nil:nil.
3:302:500:0:0:0:0:Char(40).Type(331).Char(43).Type(331).Char(41).nil:nil.
3:303:600:0:0:0:0:Char(40).Type(331).Char(45).Type(331).Char(41).nil:nil.
3:304:700:0:0:0:0:Char(40).Type(331).Char(42).Type(331).Char(41).nil:nil.
3:307:800:0:0:0:0:Char(40).Type(331).Char(47).Type(331).Char(41).nil:nil.
3:305:800:0:0:0:0:Char(40).Type(331).Char(37).Type(331).Char(41).nil:nil.
3:306:800:0:0:0:0:Char(40).Type(331).Char(38).Type(331).Char(41).nil:nil.
3:308:800:0:0:0:0:Char(40).Type(331).Char(124).Type(331).Char(41).nil:nil.
3:309:900:0:0:0:0:Char(40).Char(45).Type(331).Char(41).nil:nil.
3:302:500:8:0:0:0:Ident(452).Char(40).Type(331).Char(44).Type(331).Char(41).nil:nil.
3:303:600:8:0:0:0:Ident(556).Char(40).Type(331).Char(44).Type(331).Char(41).nil:nil.
3:304:700:8:0:0:0:Ident(642).Char(40).Type(331).Char(44).Type(331).Char(41).nil:nil.
3:307:800:8:0:0:0:Ident(323).Char(40).Type(331).Char(44).Type(331).Char(41).nil:nil.
3:305:800:8:0:0:0:Ident(531).Char(40).Type(331).Char(44).Type(331).Char(41).nil:nil.
3:306:800:8:0:0:0:Ident(518).Char(40).Type(331).Char(44).Type(331).Char(41).nil:nil.
3:308:800:8:0:0:0:Ident(225).Char(40).Type(331).Char(44).Type(331).Char(41).nil:nil.
3:309:900:8:0:0:0:Ident(441).Char(40).Type(331).Char(41).nil:nil.
3:316:900:0:0:0:0:Ident(430).Char(40).Type(428).Char(41).nil:nil.
3:316:900:8:0:0:0:Ident(856).Char(40).Type(428).Char(41).nil:nil.
3:301:1000:8:0:0:0:Type(58).nil:nil.
3:374:0:8:0:0:0:Ident(1805).nil:nil.
nil end
GrammarForSort 338:0:
3:360:0:8:0:0:0:Ident(329).Char(40).Type(331).Char(41).nil:nil.
3:372:0:8:0:0:0:Ident(98).nil:nil.
nil end
GrammarForSort 341:0:
3:341:0:8:0:0:0:Ident(874).nil:nil.
3:342:0:8:0:0:0:Type(338).Char(45).Char(62).Type(440).nil:nil.
3:343:0:9:0:0:0:Type(341).Ident(111).Type(341).nil:nil.
3:368:0:8:0:0:0:Ident(1288).Char(40).Type(466).Char(44).Type(331).Char(41).nil:nil.
3:380:0:8:0:0:0:Ident(1655).Char(40).Type(93).Char(41).nil:nil.
nil end
GrammarForSort 347:0:
nil end
GrammarForSort 370:0:
3:376:0:8:0:0:0:Type(440).Char(61).Type(440).nil:nil.
3:376:0:0:0:0:0:Type(440).Char(61).Type(440).nil:nil.
nil end
GrammarForSort 391:0:
nil end
GrammarForSort 405:0:
nil end
GrammarForSort 415:0:
3:383:0:12:0:0:0:Ident(766).nil:nil.
3:384:0:12:0:0:0:Ident(670).nil:nil.
nil end
GrammarForSort 428:1:
3:1:0:8:0:0:0:Ident(448).nil:nil.
3:0:0:8:0:0:0:Ident(734).nil:nil.
3:21:100:1:21:0:0:Type(428).Ident(518).Type(428).nil:nil.
3:22:100:1:22:0:0:Type(428).Ident(225).Type(428).nil:nil.
3:21:100:9:21:0:0:Char(40).Type(428).Ident(518).Type(428).Char(41).nil:nil.
3:22:100:9:22:0:0:Char(40).Type(428).Ident(225).Type(428).Char(41).nil:nil.
3:24:200:0:24:0:0:Ident(337).Char(40).Type(428).Char(41).nil:nil.
3:24:200:0:24:0:0:Ident(337).Type(428).nil:nil.
3:24:200:0:24:0:0:Char(40).Ident(337).Type(428).Char(41).nil:nil.
3:24:200:8:24:0:0:Char(40).Ident(337).Char(40).Type(428).Char(41).Char(41).nil:nil.
3:8:200:1:8:0:0:Type(428).Char(61).Char(61).Type(428).nil:nil.
3:9:200:1:9:0:0:Type(428).Char(33).Char(61).Type(428).nil:nil.
3:10:200:1:10:0:0:Type(428).Char(60).Type(428).nil:nil.
3:11:200:1:11:0:0:Type(428).Char(60).Char(61).Type(428).nil:nil.
3:12:200:1:12:0:0:Type(428).Char(62).Type(428).nil:nil.
3:13:200:1:13:0:0:Type(428).Char(62).Char(61).Type(428).nil:nil.
3:8:200:8:8:0:0:Ident(737).Char(40).Type(428).Char(44).Type(428).Char(41).nil:nil.
3:9:200:8:9:0:0:Ident(847).Char(40).Type(428).Char(44).Type(428).Char(41).nil:nil.
3:10:200:8:10:0:0:Ident(962).Char(40).Type(428).Char(44).Type(428).Char(41).nil:nil.
3:11:200:8:11:0:0:Ident(1176).Char(40).Type(428).Char(44).Type(428).Char(41).nil:nil.
3:12:200:8:12:0:0:Ident(1269).Char(40).Type(428).Char(44).Type(428).Char(41).nil:nil.
3:13:200:8:13:0:0:Ident(1483).Char(40).Type(428).Char(44).Type(428).Char(41).nil:nil.
3:14:0:0:14:0:0:Type(32).Char(61).Char(61).Type(32).nil:nil.
3:15:0:0:15:0:0:Type(32).Char(33).Char(61).Type(32).nil:nil.
3:14:0:8:14:0:0:Ident(841).Char(40).Type(32).Char(44).Type(32).Char(41).nil:nil.
3:15:0:8:15:0:0:Ident(951).Char(40).Type(32).Char(44).Type(32).Char(41).nil:nil.
3:18:0:0:18:0:0:Type(59).Char(61).Char(61).Type(59).nil:nil.
3:19:0:0:19:0:0:Type(59).Char(33).Char(61).Type(59).nil:nil.
3:18:0:0:18:0:0:Ident(1368).Char(40).Type(59).Char(44).Type(59).Char(41).nil:nil.
3:19:0:0:19:0:0:Ident(1478).Char(40).Type(59).Char(44).Type(59).Char(41).nil:nil.
3:8:300:0:8:0:0:Type(58).Char(61).Char(61).Type(58).nil:nil.
3:9:300:0:9:0:0:Type(58).Char(33).Char(61).Type(58).nil:nil.
3:10:300:0:10:0:0:Type(58).Char(60).Type(58).nil:nil.
3:11:300:0:11:0:0:Type(58).Char(60).Char(61).Type(58).nil:nil.
3:12:300:0:12:0:0:Type(58).Char(62).Type(58).nil:nil.
3:13:300:0:13:0:0:Type(58).Char(62).Char(61).Type(58).nil:nil.
3:8:300:0:8:0:0:Ident(1367).Char(40).Type(58).Char(44).Type(58).Char(41).nil:nil.
3:9:300:0:9:0:0:Ident(1477).Char(40).Type(58).Char(44).Type(58).Char(41).nil:nil.
3:10:300:0:10:0:0:Ident(1592).Char(40).Type(58).Char(44).Type(58).Char(41).nil:nil.
3:11:300:0:11:0:0:Ident(1806).Char(40).Type(58).Char(44).Type(58).Char(41).nil:nil.
3:12:300:0:12:0:0:Ident(1899).Char(40).Type(58).Char(44).Type(58).Char(41).nil:nil.
3:13:300:0:13:0:0:Ident(2113).Char(40).Type(58).Char(44).Type(58).Char(41).nil:nil.
3:26:900:0:26:0:0:Ident(1063).Char(40).Type(58).Char(41).nil:nil.
3:26:900:8:26:0:0:Ident(1794).Char(40).Type(58).Char(41).nil:nil.
3:310:300:0:0:0:0:Type(331).Char(61).Char(61).Type(331).nil:nil.
3:311:300:0:0:0:0:Type(331).Char(33).Char(61).Type(331).nil:nil.
3:312:300:0:0:0:0:Type(331).Char(62).Type(331).nil:nil.
3:313:300:0:0:0:0:Type(331).Char(62).Char(61).Type(331).nil:nil.
3:314:300:0:0:0:0:Type(331).Char(60).Char(61).Type(331).nil:nil.
3:315:300:0:0:0:0:Type(331).Char(60).Type(331).nil:nil.
3:310:300:8:0:0:0:Ident(640).Char(40).Type(331).Char(44).Type(331).Char(41).nil:nil.
3:311:300:8:0:0:0:Ident(961).Char(40).Type(331).Char(44).Type(331).Char(41).nil:nil.
3:315:300:8:0:0:0:Ident(865).Char(40).Type(331).Char(44).Type(331).Char(41).nil:nil.
3:314:300:8:0:0:0:Ident(1079).Char(40).Type(331).Char(44).Type(331).Char(41).nil:nil.
3:312:300:8:0:0:0:Ident(1172).Char(40).Type(331).Char(44).Type(331).Char(41).nil:nil.
3:313:300:8:0:0:0:Ident(1386).Char(40).Type(331).Char(44).Type(331).Char(41).nil:nil.
3:317:900:0:0:0:0:Ident(1063).Char(40).Type(331).Char(41).nil:nil.
3:317:900:8:0:0:0:Ident(1067).Char(40).Type(331).Char(41).nil:nil.
3:18:0:0:18:0:0:Type(440).Char(61).Char(61).Type(440).nil:nil.
3:19:0:0:19:0:0:Type(440).Char(33).Char(61).Type(440).nil:nil.
3:18:0:0:18:0:0:Ident(749).Char(40).Type(440).Char(44).Type(440).Char(41).nil:nil.
3:19:0:0:19:0:0:Ident(1070).Char(40).Type(440).Char(44).Type(440).Char(41).nil:nil.
3:18:0:0:18:0:0:Type(338).Char(61).Char(61).Type(338).nil:nil.
3:19:0:0:19:0:0:Type(338).Char(33).Char(61).Type(338).nil:nil.
3:18:0:8:18:0:0:Ident(1147).Char(40).Type(338).Char(44).Type(338).Char(41).nil:nil.
3:19:0:8:19:0:0:Ident(1257).Char(40).Type(338).Char(44).Type(338).Char(41).nil:nil.
3:364:0:8:0:0:0:Ident(549).Char(40).Type(440).Char(41).nil:nil.
nil end
GrammarForSort 440:0:
3:361:1000:8:0:0:0:Type(338).nil:nil.
3:363:0:8:0:0:0:Type(331).Char(45).Ident(220).Ident(981).Char(40).Type(440).Char(41).nil:nil.
3:366:0:8:0:0:0:Type(440).Ident(635).Type(459).nil:nil.
3:367:0:8:0:0:0:Type(440).Char(91).Type(440).Char(93).Ident(635).Type(459).nil:nil.
3:369:0:0:0:0:0:Ident(448).Char(40).Char(41).nil:nil.
3:369:0:8:0:0:0:Ident(448).nil:nil.
3:370:0:0:0:0:0:Ident(734).Char(40).Char(41).nil:nil.
3:370:0:8:0:0:0:Ident(734).nil:nil.
3:371:0:0:0:0:0:Ident(225).Char(40).Char(44).Type(440).Char(44).Type(440).Char(41).nil:nil.
3:371:0:0:0:0:0:Ident(225).Char(40).Type(440).Char(44).Type(440).Char(44).Char(41).nil:nil.
3:371:0:0:0:0:0:Ident(225).Char(40).Char(44).Type(440).Char(44).Type(440).Char(44).Char(41).nil:nil.
3:371:0:8:0:0:0:Ident(225).Char(40).Type(440).Char(44).Type(440).Char(41).nil:nil.
nil end
GrammarForSort 459:0:
3:365:0:8:0:0:0:Ident(537).Char(40).Type(440).Char(41).nil:nil.
nil end
GrammarForSort 466:0:
3:373:0:8:0:0:0:Ident(1280).nil:nil.
nil end
EndDef end
GrammarForSort 46:0:
2:327:0:0:0:0:0:Char(91).Type(59).Char(44).Type(331).Char(93).nil:nil.
2:334:0:8:0:0:0:Ident(419).Char(40).Type(174).Char(41).nil:nil.
2:335:0:8:0:0:0:Type(331).Char(45).Ident(220).Ident(419).Char(40).Type(174).Char(41).nil:nil.
nil end
GrammarForSort 58:1:
nil end
GrammarForSort 59:0:
2:322:0:8:0:0:0:Ident(419).Char(40).Type(187).Char(41).nil:nil.
2:323:0:8:0:0:0:Type(331).Char(45).Ident(220).Ident(419).Char(40).Type(187).Char(41).nil:nil.
2:328:0:0:0:0:0:Ident(763).Char(40).Type(46).Char(41).nil:nil.
2:328:0:8:0:0:0:Num(1).Char(45).Ident(220).Char(40).Type(46).Char(41).nil:nil.
nil end
GrammarForSort 93:0:
2:382:0:8:0:0:0:Ident(874).Char(40).Type(93).Char(41).nil:nil.
nil end
GrammarForSort 147:0:
nil end
GrammarForSort 174:0:
2:331:0:0:0:0:0:Ident(846).Char(91).Ident(1059).Char(44).Ident(542).Char(93).nil:nil.
2:331:0:0:0:0:0:Ident(534).nil:nil.
2:332:0:0:0:0:0:Type(46).Char(46).Type(174).nil:nil.
2:332:0:0:0:0:0:Type(46).Type(174).nil:nil.
2:332:0:0:0:0:0:Type(46).Char(44).Type(174).nil:nil.
2:332:0:0:0:0:0:Ident(435).Char(40).Type(46).Char(44).Type(174).Char(41).nil:nil.
2:332:0:0:0:0:0:Ident(958).Char(91).Ident(1059).Char(44).Ident(542).Char(93).Char(40).Type(46).Char(44).Type(174).Char(41).nil:nil.
2:333:0:0:0:0:0:Ident(632).Char(40).Type(174).Char(44).Type(174).Char(41).nil:nil.
2:333:0:8:0:0:0:Type(174).Char(64).Type(174).nil:nil.
2:337:0:0:0:0:0:Ident(833).Char(40).Type(331).Char(42).Type(174).Char(41).nil:nil.
2:337:0:8:0:0:0:Ident(833).Char(40).Type(331).Char(44).Type(174).Char(41).nil:nil.
2:340:0:8:0:0:0:Ident(306).nil:nil.
nil end
GrammarForSort 187:0:
2:319:0:0:0:0:0:Ident(1688).nil:nil.
2:319:0:0:0:0:0:Ident(534).nil:nil.
2:320:0:0:0:0:0:Type(59).Char(46).Type(187).nil:nil.
2:320:0:0:0:0:0:Type(59).Type(187).nil:nil.
2:320:0:0:0:0:0:Type(59).Char(44).Type(187).nil:nil.
2:320:0:0:0:0:0:Ident(435).Char(40).Type(59).Char(44).Type(187).Char(41).nil:nil.
2:320:0:0:0:0:0:Ident(1589).Char(40).Type(59).Char(44).Type(187).Char(41).nil:nil.
2:321:0:0:0:0:0:Ident(632).Char(40).Type(187).Char(44).Type(187).Char(41).nil:nil.
2:321:0:8:0:0:0:Type(187).Char(64).Type(187).nil:nil.
2:325:0:0:0:0:0:Ident(833).Char(40).Type(331).Char(42).Type(187).Char(41).nil:nil.
2:325:0:8:0:0:0:Ident(833).Char(40).Type(331).Char(44).Type(187).Char(41).nil:nil.
2:339:0:8:0:0:0:Ident(1045).nil:nil.
nil end
GrammarForSort 321:0:
2:338:0:12:0:0:0:Ident(1175).nil:nil.
nil end
GrammarForSort 331:0:
2:324:0:0:0:0:0:Ident(443).Char(40).Type(187).Char(41).nil:nil.
2:324:0:8:0:0:0:Ident(2444).Char(40).Type(187).Char(41).nil:nil.
2:329:0:0:0:0:0:Ident(636).Char(40).Type(46).Char(41).nil:nil.
2:329:0:8:0:0:0:Num(2).Char(45).Ident(220).Char(40).Type(46).Char(41).nil:nil.
2:336:0:0:0:0:0:Ident(443).Char(40).Type(174).Char(41).nil:nil.
2:336:0:8:0:0:0:Ident(1274).Char(91).Ident(1059).Char(44).Ident(542).Char(93).Char(95).Ident(655).Char(40).Type(174).Char(41).nil:nil.
2:347:0:8:0:0:0:Ident(419).Char(40).Type(459).Char(41).nil:nil.
2:348:0:8:0:0:0:Type(331).Char(45).Ident(220).Ident(419).Char(40).Type(459).Char(41).nil:nil.
2:349:0:0:0:0:0:Ident(443).Char(40).Type(459).Char(41).nil:nil.
2:349:0:8:0:0:0:Ident(1716).Char(40).Type(459).Char(41).nil:nil.
2:357:0:0:0:0:0:Ident(443).Char(40).Type(466).Char(41).nil:nil.
2:357:0:8:0:0:0:Ident(2223).Char(40).Type(466).Char(41).nil:nil.
nil end
GrammarForSort 338:0:
2:355:0:8:0:0:0:Ident(419).Char(40).Type(466).Char(41).nil:nil.
2:356:0:8:0:0:0:Type(331).Char(45).Ident(220).Ident(419).Char(40).Type(466).Char(41).nil:nil.
nil end
GrammarForSort 341:0:
nil end
GrammarForSort 347:0:
2:326:0:12:0:0:0:Ident(1175).nil:nil.
nil end
GrammarForSort 370:0:
nil end
GrammarForSort 391:0:
2:351:0:12:0:0:0:Ident(1175).nil:nil.
nil end
GrammarForSort 405:0:
2:359:0:12:0:0:0:Ident(1175).nil:nil.
nil end
GrammarForSort 415:0:
nil end
GrammarForSort 428:1:
2:18:0:0:18:0:0:Type(59).Char(61).Char(61).Type(59).nil:nil.
2:19:0:0:19:0:0:Type(59).Char(33).Char(61).Type(59).nil:nil.
2:30:0:0:30:0:0:Type(59).Char(60).Type(59).nil:nil.
2:31:0:0:31:0:0:Type(59).Char(60).Char(61).Type(59).nil:nil.
2:32:0:0:32:0:0:Type(59).Char(62).Type(59).nil:nil.
2:33:0:0:33:0:0:Type(59).Char(62).Char(61).Type(59).nil:nil.
2:18:0:0:18:0:0:Ident(1368).Char(40).Type(59).Char(44).Type(59).Char(41).nil:nil.
2:19:0:0:19:0:0:Ident(1478).Char(40).Type(59).Char(44).Type(59).Char(41).nil:nil.
2:30:0:0:30:0:0:Ident(1593).Char(40).Type(59).Char(44).Type(59).Char(41).nil:nil.
2:31:0:0:31:0:0:Ident(1807).Char(40).Type(59).Char(44).Type(59).Char(41).nil:nil.
2:32:0:0:32:0:0:Ident(1900).Char(40).Type(59).Char(44).Type(59).Char(41).nil:nil.
2:33:0:0:33:0:0:Ident(2114).Char(40).Type(59).Char(44).Type(59).Char(41).nil:nil.
2:330:0:8:0:0:0:Ident(648).Char(40).Type(46).Char(41).nil:nil.
2:18:0:0:18:0:0:Type(440).Char(61).Char(61).Type(440).nil:nil.
2:19:0:0:19:0:0:Type(440).Char(33).Char(61).Type(440).nil:nil.
2:30:0:0:30:0:0:Type(440).Char(60).Type(440).nil:nil.
2:31:0:0:31:0:0:Type(440).Char(60).Char(61).Type(440).nil:nil.
2:32:0:0:32:0:0:Type(440).Char(62).Type(440).nil:nil.
2:33:0:0:33:0:0:Type(440).Char(62).Char(61).Type(440).nil:nil.
2:18:0:0:18:0:0:Ident(749).Char(40).Type(440).Char(44).Type(440).Char(41).nil:nil.
2:19:0:0:19:0:0:Ident(1070).Char(40).Type(440).Char(44).Type(440).Char(41).nil:nil.
2:30:0:0:30:0:0:Ident(1185).Char(40).Type(440).Char(44).Type(440).Char(41).nil:nil.
2:31:0:0:31:0:0:Ident(1399).Char(40).Type(440).Char(44).Type(440).Char(41).nil:nil.
2:32:0:0:32:0:0:Ident(1281).Char(40).Type(440).Char(44).Type(440).Char(41).nil:nil.
2:33:0:0:33:0:0:Ident(1495).Char(40).Type(440).Char(44).Type(440).Char(41).nil:nil.
2:18:0:0:18:0:0:Type(338).Char(61).Char(61).Type(338).nil:nil.
2:19:0:0:19:0:0:Type(338).Char(33).Char(61).Type(338).nil:nil.
2:30:0:0:30:0:0:Type(338).Char(60).Type(338).nil:nil.
2:31:0:0:31:0:0:Type(338).Char(60).Char(61).Type(338).nil:nil.
2:32:0:0:32:0:0:Type(338).Char(62).Type(338).nil:nil.
2:33:0:0:33:0:0:Type(338).Char(62).Char(61).Type(338).nil:nil.
2:18:0:0:18:0:0:Ident(1147).Char(40).Type(338).Char(44).Type(338).Char(41).nil:nil.
2:19:0:0:19:0:0:Ident(1257).Char(40).Type(338).Char(44).Type(338).Char(41).nil:nil.
2:30:0:8:30:0:0:Ident(1372).Char(40).Type(338).Char(44).Type(338).Char(41).nil:nil.
2:31:0:8:31:0:0:Ident(1586).Char(40).Type(338).Char(44).Type(338).Char(41).nil:nil.
2:32:0:8:32:0:0:Ident(1679).Char(40).Type(338).Char(44).Type(338).Char(41).nil:nil.
2:33:0:8:33:0:0:Ident(1893).Char(40).Type(338).Char(44).Type(338).Char(41).nil:nil.
2:17:0:0:17:0:0:Ident(1077).Type(338).Ident(637).Type(440).nil:nil.
2:17:0:0:17:0:0:Ident(1077).Char(40).Type(338).Char(44).Type(440).Char(41).nil:nil.
2:17:0:0:17:0:0:Ident(1077).Type(338).Ident(637).Type(93).nil:nil.
2:17:0:8:17:0:0:Ident(1077).Char(40).Type(338).Char(44).Type(93).Char(41).nil:nil.
nil end
GrammarForSort 440:0:
nil end
GrammarForSort 459:0:
2:344:0:0:0:0:0:Ident(1171).nil:nil.
2:344:0:8:0:0:0:Ident(534).nil:nil.
2:345:0:0:0:0:0:Type(331).Char(46).Type(459).nil:nil.
2:345:0:0:0:0:0:Type(331).Type(459).nil:nil.
2:345:0:0:0:0:0:Type(331).Char(44).Type(459).nil:nil.
2:345:0:0:0:0:0:Ident(435).Char(40).Type(331).Char(44).Type(459).Char(41).nil:nil.
2:345:0:8:0:0:0:Ident(861).Char(40).Type(331).Char(44).Type(459).Char(41).nil:nil.
2:346:0:0:0:0:0:Ident(632).Char(40).Type(459).Char(44).Type(459).Char(41).nil:nil.
2:346:0:8:0:0:0:Type(459).Char(64).Type(459).nil:nil.
2:350:0:0:0:0:0:Ident(833).Char(40).Type(331).Char(42).Type(459).Char(41).nil:nil.
2:350:0:8:0:0:0:Ident(833).Char(40).Type(331).Char(44).Type(459).Char(41).nil:nil.
nil end
GrammarForSort 466:0:
2:352:0:0:0:0:0:Ident(1256).nil:nil.
2:352:0:8:0:0:0:Ident(534).nil:nil.
2:353:0:0:0:0:0:Type(338).Char(46).Type(466).nil:nil.
2:353:0:0:0:0:0:Type(338).Type(466).nil:nil.
2:353:0:0:0:0:0:Type(338).Char(44).Type(466).nil:nil.
2:353:0:0:0:0:0:Ident(435).Char(40).Type(338).Char(44).Type(466).Char(41).nil:nil.
2:353:0:8:0:0:0:Ident(1579).Char(40).Type(338).Char(44).Type(466).Char(41).nil:nil.
2:354:0:0:0:0:0:Ident(632).Char(40).Type(466).Char(44).Type(466).Char(41).nil:nil.
2:354:0:8:0:0:0:Type(466).Char(64).Type(466).nil:nil.
2:358:0:0:0:0:0:Ident(833).Char(40).Type(331).Char(42).Type(466).Char(41).nil:nil.
2:358:0:8:0:0:0:Ident(833).Char(40).Type(331).Char(44).Type(466).Char(41).nil:nil.
nil end
EndDef end
GrammarForSort 19:0:
nil end
GrammarForSort 32:1:
1:68:4000:8:0:0:0:Type(220).nil:nil.
nil end
GrammarForSort 46:0:
nil end
GrammarForSort 58:1:
1:67:4000:8:0:0:0:Type(19).nil:nil.
1:79:4000:8:0:0:0:Char(45).Type(19).nil:nil.
nil end
GrammarForSort 59:0:
nil end
GrammarForSort 93:0:
nil end
GrammarForSort 147:0:
nil end
GrammarForSort 174:0:
nil end
GrammarForSort 187:0:
nil end
GrammarForSort 220:0:
nil end
GrammarForSort 331:0:
nil end
GrammarForSort 338:0:
nil end
GrammarForSort 341:0:
nil end
GrammarForSort 351:0:
nil end
GrammarForSort 370:0:
nil end
GrammarForSort 415:0:
nil end
GrammarForSort 428:1:
nil end
GrammarForSort 440:0:
nil end
GrammarForSort 459:0:
nil end
GrammarForSort 466:0:
nil end
EndDef end
/*1 conflict:constraint*/
RULE(
359,93,123,2,0,3,FSYM(  VAR(0,93).FSYM( FSYM(  VAR(1,440). VAR(2,440).nil, 376).nil, 378).nil, 379),
FSYM( FSYM( nil, 0).nil, 377),
IFF(FSYM( FSYM( FSYM( FSYM(  VAR(1,440).nil, 362).FSYM(  VAR(2,440).nil, 362).nil, 19).FSYM( FSYM(  VAR(1,440).nil, 364).nil, 24).nil, 21).FSYM( FSYM(  VAR(2,440).nil, 364).nil, 24).nil, 21)).
nil)

 end
/*22 trueelim:constraint*/
RULE(
380,93,123,2,0,1,FSYM(  VAR(0,93).FSYM( FSYM( nil, 1).nil, 377).nil, 379),
 VAR(0,93),
nil)

 end
/*25 identity:constraint*/
RULE(
403,93,151,1,1,1, VAR(0,93),
 VAR(0,93),
nil)

 end
/*41 topOccRule:list[int]*/
RULE(
394,459,118,2,1,1,FSYM(  VAR(0,440).nil, 365),
FSYM( nil, 344),
IFF(FSYM( FSYM(  VAR(0,440).nil, 364).nil, 24)).
nil)

 end
/*110 decompose:constraint*/
RULE(
468,93,123,2,0,1,FSYM(  VAR(0,93).FSYM( FSYM( FSYM( nil, 369).FSYM( nil, 369).nil, 376).nil, 378).nil, 379),
 VAR(0,93),
nil)

 end
/*110 decompose:constraint*/
RULE(
468,93,123,2,0,1,FSYM(  VAR(0,93).FSYM( FSYM( FSYM( nil, 370).FSYM( nil, 370).nil, 376).nil, 378).nil, 379),
 VAR(0,93),
nil)

 end
/*110 decompose:constraint*/
RULE(
468,93,123,2,0,5,FSYM(  VAR(0,93).FSYM( FSYM( FSYM(  VAR(1,440). VAR(2,440).nil, 371).FSYM(  VAR(3,440). VAR(4,440).nil, 371).nil, 376).nil, 378).nil, 379),
FSYM(  VAR(0,93).FSYM( FSYM( FSYM(  VAR(1,440). VAR(3,440).nil, 376).nil, 378).FSYM( FSYM(  VAR(2,440). VAR(4,440).nil, 376).nil, 378).nil, 379).nil, 379),
nil)

 end
/*114 occ_check1:constraint*/
RULE(
472,93,123,2,0,3,FSYM(  VAR(0,93).FSYM( FSYM( FSYM(  VAR(1,338).nil, 361). VAR(2,440).nil, 376).nil, 378).nil, 379),
FSYM( FSYM( nil, 0).nil, 377),
IFF(FSYM( FSYM(  VAR(1,338). VAR(2,440).nil, 17).FSYM( FSYM(  VAR(2,440).nil, 364).nil, 24).nil, 21)).
nil)

 end
/*115 occ_check2:constraint*/
RULE(
473,93,123,2,0,3,FSYM(  VAR(0,93).FSYM( FSYM(  VAR(1,440).FSYM(  VAR(2,338).nil, 361).nil, 376).nil, 378).nil, 379),
FSYM( FSYM( nil, 0).nil, 377),
IFF(FSYM( FSYM(  VAR(2,338). VAR(1,440).nil, 17).FSYM( FSYM(  VAR(1,440).nil, 364).nil, 24).nil, 21)).
nil)

 end
/*148 extractrule1:variable*/
RULE(
1849,338,66,2,1,2,FSYM( FSYM(  VAR(0,338). VAR(1,466).nil, 353).nil, 355),
 VAR(0,338),
nil)

 end
/*149 extractrule2:variable*/
RULE(
1850,338,66,2,1,2,FSYM( FSYM(  VAR(0,338). VAR(1,466).nil, 353).nil, 355),
FSYM(  VAR(1,466).nil, 355),
nil)

 end
/*152 eliminate1:constraint*/
RULE(
510,93,123,2,0,3,FSYM(  VAR(0,93).FSYM( FSYM( FSYM(  VAR(1,338).nil, 361). VAR(2,440).nil, 376).nil, 378).nil, 379),
FSYM( FSYM( FSYM( FSYM(  VAR(1,338).nil, 361). VAR(2,440).nil, 376).nil, 378).FSYM( FSYM(  VAR(1,338). VAR(2,440).nil, 342). VAR(0,93).nil, 381).nil, 379),
IFF(FSYM( FSYM( FSYM( FSYM(  VAR(1,338). VAR(2,440).nil, 17).nil, 24).FSYM(  VAR(1,338). VAR(0,93).nil, 17).nil, 21).FSYM( FSYM(  VAR(2,440).nil, 364).nil, 24).nil, 21)).
nil)

 end
/*153 eliminate2:constraint*/
RULE(
511,93,123,2,0,3,FSYM(  VAR(0,93).FSYM( FSYM(  VAR(1,440).FSYM(  VAR(2,338).nil, 361).nil, 376).nil, 378).nil, 379),
FSYM( FSYM( FSYM( FSYM(  VAR(2,338).nil, 361). VAR(1,440).nil, 376).nil, 378).FSYM( FSYM(  VAR(2,338). VAR(1,440).nil, 342). VAR(0,93).nil, 381).nil, 379),
IFF(FSYM( FSYM( FSYM( FSYM(  VAR(2,338). VAR(1,440).nil, 17).nil, 24).FSYM(  VAR(2,338). VAR(0,93).nil, 17).nil, 21).FSYM( FSYM(  VAR(1,440).nil, 364).nil, 24).nil, 21)).
nil)

 end
/*248 truepropag:constraint*/
RULE(
606,93,123,2,1,1,FSYM( FSYM( nil, 1).nil, 377),
FSYM( FSYM( nil, 1).nil, 377),
nil)

 end
/*369 extractrule1:identifier*/
RULE(
291,59,87,2,1,2,FSYM( FSYM(  VAR(0,59). VAR(1,187).nil, 320).nil, 322),
 VAR(0,59),
nil)

 end
/*370 extractrule2:identifier*/
RULE(
292,59,87,2,1,2,FSYM( FSYM(  VAR(0,59). VAR(1,187).nil, 320).nil, 322),
FSYM(  VAR(1,187).nil, 322),
nil)

 end
/*1356 extractrule1:pair[identifier,int]*/
RULE(
265,46,74,2,1,2,FSYM( FSYM(  VAR(0,46). VAR(1,174).nil, 332).nil, 334),
 VAR(0,46),
nil)

 end
/*1357 extractrule2:pair[identifier,int]*/
RULE(
266,46,74,2,1,2,FSYM( FSYM(  VAR(0,46). VAR(1,174).nil, 332).nil, 334),
FSYM(  VAR(1,174).nil, 334),
nil)

 end
/*1641 extractrule1:int*/
RULE(
835,331,192,2,1,2,FSYM( FSYM(  VAR(0,331). VAR(1,459).nil, 345).nil, 347),
 VAR(0,331),
nil)

 end
/*1642 extractrule2:int*/
RULE(
836,331,192,2,1,2,FSYM( FSYM(  VAR(0,331). VAR(1,459).nil, 345).nil, 347),
FSYM(  VAR(1,459).nil, 347),
nil)

 end
/*1778 delete:constraint*/
RULE(
136,93,123,2,0,3,FSYM(  VAR(0,93).FSYM( FSYM( FSYM(  VAR(1,338).nil, 361).FSYM(  VAR(2,338).nil, 361).nil, 376).nil, 378).nil, 379),
 VAR(0,93),
IFF(FSYM(  VAR(1,338). VAR(2,338).nil, 18)).
nil)

 end
/*1778 delete:constraint*/
RULE(
136,93,123,2,0,1,FSYM(  VAR(0,93).FSYM( FSYM( FSYM( nil, 1).nil, 377).FSYM( FSYM( nil, 1).nil, 377).nil, 379).nil, 379),
FSYM(  VAR(0,93).FSYM( FSYM( nil, 1).nil, 377).nil, 379),
nil)

 end
/*1778 delete:constraint*/
RULE(
136,93,123,2,0,1,FSYM(  VAR(0,93).FSYM( FSYM( nil, 0).nil, 377).nil, 379),
FSYM( FSYM( nil, 0).nil, 377),
nil)

 end
/*1896 trueadd:constraint*/
RULE(
254,93,123,2,1,1, VAR(0,93),
FSYM( FSYM( FSYM( nil, 1).nil, 377). VAR(0,93).nil, 379),
nil)

 end
/*1917 inOccRule:list[int]*/
RULE(
270,459,118,2,1,3,FSYM( FSYM(  VAR(0,440). VAR(1,440).nil, 371).nil, 365),
FSYM( FSYM( INT(1).nil, 301). VAR(2,459).nil, 345),
WHERE(VAR(2,459),242,FSYM(  VAR(0,440).nil, 365)).
nil)

 end
/*1917 inOccRule:list[int]*/
RULE(
270,459,118,2,1,3,FSYM( FSYM(  VAR(0,440). VAR(1,440).nil, 371).nil, 365),
FSYM( FSYM( INT(2).nil, 301). VAR(2,459).nil, 345),
WHERE(VAR(2,459),242,FSYM(  VAR(1,440).nil, 365)).
nil)

 end
/*1982 coalesce:constraint*/
RULE(
340,93,123,2,0,3,FSYM(  VAR(0,93).FSYM( FSYM( FSYM(  VAR(1,338).nil, 361).FSYM(  VAR(2,338).nil, 361).nil, 376).nil, 378).nil, 379),
FSYM( FSYM( FSYM( FSYM(  VAR(1,338).nil, 361).FSYM(  VAR(2,338).nil, 361).nil, 376).nil, 378).FSYM( FSYM(  VAR(1,338).FSYM(  VAR(2,338).nil, 361).nil, 342). VAR(0,93).nil, 381).nil, 379),
IFF(FSYM( FSYM( FSYM(  VAR(1,338). VAR(0,93).nil, 17).FSYM(  VAR(2,338). VAR(0,93).nil, 17).nil, 21).FSYM(  VAR(1,338). VAR(2,338).nil, 19).nil, 21)).
nil)

 end

RULE(
-1,
331,131,1,1,3,FSYM( FSYM(  VAR(0,58).nil, 301).FSYM(  VAR(1,58).nil, 301).nil, 302),
FSYM(  VAR(2,58).nil, 301),
WHERE(VAR(2,58),-1,FSYM(  VAR(0,58). VAR(1,58).nil, 3)).
nil)

 end

RULE(
-1,
331,131,1,1,3,FSYM( FSYM(  VAR(0,58).nil, 301).FSYM(  VAR(1,58).nil, 301).nil, 303),
FSYM(  VAR(2,58).nil, 301),
WHERE(VAR(2,58),-1,FSYM(  VAR(0,58). VAR(1,58).nil, 4)).
nil)

 end

RULE(
-1,
331,131,1,1,3,FSYM( FSYM(  VAR(0,58).nil, 301).FSYM(  VAR(1,58).nil, 301).nil, 304),
FSYM(  VAR(2,58).nil, 301),
WHERE(VAR(2,58),-1,FSYM(  VAR(0,58). VAR(1,58).nil, 5)).
nil)

 end

RULE(
-1,
331,131,1,1,3,FSYM( FSYM(  VAR(0,58).nil, 301).FSYM(  VAR(1,58).nil, 301).nil, 305),
FSYM(  VAR(2,58).nil, 301),
WHERE(VAR(2,58),-1,FSYM(  VAR(0,58). VAR(1,58).nil, 27)).
nil)

 end

RULE(
-1,
331,131,1,1,3,FSYM( FSYM(  VAR(0,58).nil, 301).FSYM(  VAR(1,58).nil, 301).nil, 306),
FSYM(  VAR(2,58).nil, 301),
WHERE(VAR(2,58),-1,FSYM(  VAR(0,58). VAR(1,58).nil, 28)).
nil)

 end

RULE(
-1,
331,131,1,1,3,FSYM( FSYM(  VAR(0,58).nil, 301).FSYM(  VAR(1,58).nil, 301).nil, 307),
FSYM(  VAR(2,58).nil, 301),
WHERE(VAR(2,58),-1,FSYM(  VAR(0,58). VAR(1,58).nil, 6)).
nil)

 end

RULE(
-1,
331,131,1,1,3,FSYM( FSYM(  VAR(0,58).nil, 301).FSYM(  VAR(1,58).nil, 301).nil, 308),
FSYM(  VAR(2,58).nil, 301),
WHERE(VAR(2,58),-1,FSYM(  VAR(0,58). VAR(1,58).nil, 29)).
nil)

 end

RULE(
-1,
331,131,1,1,2,FSYM( FSYM(  VAR(0,58).nil, 301).nil, 309),
FSYM(  VAR(1,58).nil, 301),
WHERE(VAR(1,58),-1,FSYM(  VAR(0,58).nil, 20)).
nil)

 end

RULE(
-1,
428,131,1,1,2,FSYM( FSYM(  VAR(0,58).nil, 301).FSYM(  VAR(1,58).nil, 301).nil, 310),
FSYM(  VAR(0,58). VAR(1,58).nil, 8),
nil)

 end

RULE(
-1,
428,131,1,1,2,FSYM( FSYM(  VAR(0,58).nil, 301).FSYM(  VAR(1,58).nil, 301).nil, 311),
FSYM(  VAR(0,58). VAR(1,58).nil, 9),
nil)

 end

RULE(
-1,
428,131,1,1,2,FSYM( FSYM(  VAR(0,58).nil, 301).FSYM(  VAR(1,58).nil, 301).nil, 312),
FSYM(  VAR(0,58). VAR(1,58).nil, 12),
nil)

 end

RULE(
-1,
428,131,1,1,2,FSYM( FSYM(  VAR(0,58).nil, 301).FSYM(  VAR(1,58).nil, 301).nil, 313),
FSYM(  VAR(0,58). VAR(1,58).nil, 13),
nil)

 end

RULE(
-1,
428,131,1,1,2,FSYM( FSYM(  VAR(0,58).nil, 301).FSYM(  VAR(1,58).nil, 301).nil, 314),
FSYM(  VAR(0,58). VAR(1,58).nil, 11),
nil)

 end

RULE(
-1,
428,131,1,1,2,FSYM( FSYM(  VAR(0,58).nil, 301).FSYM(  VAR(1,58).nil, 301).nil, 315),
FSYM(  VAR(0,58). VAR(1,58).nil, 10),
nil)

 end

RULE(
-1,
331,131,1,1,2,FSYM(  VAR(0,428).nil, 316),
FSYM(  VAR(1,58).nil, 301),
WHERE(VAR(1,58),-1,FSYM(  VAR(0,428).nil, 25)).
nil)

 end

RULE(
-1,
428,131,1,1,1,FSYM( FSYM(  VAR(0,58).nil, 301).nil, 317),
FSYM(  VAR(0,58).nil, 26),
nil)

 end

RULE(
-1,
58,131,1,1,1,FSYM( FSYM(  VAR(0,58).nil, 301).nil, 318),
 VAR(0,58),
nil)

 end

RULE(
-1,
187,87,1,1,1,FSYM( FSYM( nil, 319). VAR(0,187).nil, 321),
 VAR(0,187),
nil)

 end

RULE(
-1,
187,87,1,1,3,FSYM( FSYM(  VAR(0,59). VAR(1,187).nil, 320). VAR(2,187).nil, 321),
FSYM(  VAR(0,59).FSYM(  VAR(1,187). VAR(2,187).nil, 321).nil, 320),
nil)

 end

RULE(
-1,
59,87,1,1,2,FSYM( FSYM( INT(1).nil, 301).FSYM(  VAR(0,59). VAR(1,187).nil, 320).nil, 323),
 VAR(0,59),
nil)

 end

RULE(
-1,
59,87,1,1,4,FSYM(  VAR(0,331).FSYM(  VAR(1,59). VAR(2,187).nil, 320).nil, 323),
FSYM(  VAR(3,331). VAR(2,187).nil, 323),
WHERE(VAR(3,331),-1,FSYM(  VAR(0,331).FSYM( INT(1).nil, 301).nil, 303)).
nil)

 end

RULE(
-1,
331,87,1,1,1,FSYM( FSYM( nil, 319).nil, 324),
FSYM( INT(0).nil, 301),
nil)

 end

RULE(
-1,
331,87,1,1,2,FSYM( FSYM(  VAR(0,59). VAR(1,187).nil, 320).nil, 324),
FSYM( FSYM( INT(1).nil, 301).FSYM(  VAR(1,187).nil, 324).nil, 302),
nil)

 end

RULE(
-1,
187,87,1,1,1,FSYM( FSYM( INT(0).nil, 301). VAR(0,187).nil, 325),
FSYM( nil, 319),
nil)

 end

RULE(
-1,
187,87,1,1,2,FSYM(  VAR(0,331). VAR(1,187).nil, 325),
FSYM(  VAR(1,187).FSYM( FSYM(  VAR(0,331).FSYM( INT(1).nil, 301).nil, 303). VAR(1,187).nil, 325).nil, 321),
IFF(FSYM(  VAR(0,331).FSYM( INT(0).nil, 301).nil, 312)).
nil)

 end

RULE(
-1,
59,68,1,1,2,FSYM( FSYM(  VAR(0,59). VAR(1,331).nil, 327).nil, 328),
 VAR(0,59),
nil)

 end

RULE(
-1,
331,68,1,1,2,FSYM( FSYM(  VAR(0,59). VAR(1,331).nil, 327).nil, 329),
 VAR(1,331),
nil)

 end

RULE(
-1,
428,68,1,1,2,FSYM( FSYM(  VAR(0,59). VAR(1,331).nil, 327).nil, 330),
FSYM( nil, 1),
nil)

 end

RULE(
-1,
428,68,1,1,1,FSYM(  VAR(0,46).nil, 330),
FSYM( nil, 0),
nil)

 end

RULE(
-1,
174,74,1,1,1,FSYM( FSYM( nil, 331). VAR(0,174).nil, 333),
 VAR(0,174),
nil)

 end

RULE(
-1,
174,74,1,1,3,FSYM( FSYM(  VAR(0,46). VAR(1,174).nil, 332). VAR(2,174).nil, 333),
FSYM(  VAR(0,46).FSYM(  VAR(1,174). VAR(2,174).nil, 333).nil, 332),
nil)

 end

RULE(
-1,
46,74,1,1,2,FSYM( FSYM( INT(1).nil, 301).FSYM(  VAR(0,46). VAR(1,174).nil, 332).nil, 335),
 VAR(0,46),
nil)

 end

RULE(
-1,
46,74,1,1,4,FSYM(  VAR(0,331).FSYM(  VAR(1,46). VAR(2,174).nil, 332).nil, 335),
FSYM(  VAR(3,331). VAR(2,174).nil, 335),
WHERE(VAR(3,331),-1,FSYM(  VAR(0,331).FSYM( INT(1).nil, 301).nil, 303)).
nil)

 end

RULE(
-1,
331,74,1,1,1,FSYM( FSYM( nil, 331).nil, 336),
FSYM( INT(0).nil, 301),
nil)

 end

RULE(
-1,
331,74,1,1,2,FSYM( FSYM(  VAR(0,46). VAR(1,174).nil, 332).nil, 336),
FSYM( FSYM( INT(1).nil, 301).FSYM(  VAR(1,174).nil, 336).nil, 302),
nil)

 end

RULE(
-1,
174,74,1,1,1,FSYM( FSYM( INT(0).nil, 301). VAR(0,174).nil, 337),
FSYM( nil, 331),
nil)

 end

RULE(
-1,
174,74,1,1,2,FSYM(  VAR(0,331). VAR(1,174).nil, 337),
FSYM(  VAR(1,174).FSYM( FSYM(  VAR(0,331).FSYM( INT(1).nil, 301).nil, 303). VAR(1,174).nil, 337).nil, 333),
IFF(FSYM(  VAR(0,331).FSYM( INT(0).nil, 301).nil, 312)).
nil)

 end

RULE(
-1,
187,12,1,1,0,FSYM( nil, 339),
FSYM( FSYM( IDENT(98).nil, 300).FSYM( nil, 319).nil, 320),
nil)

 end

RULE(
-1,
174,106,1,1,0,FSYM( nil, 340),
FSYM( FSYM( FSYM( IDENT(448).nil, 300).FSYM( INT(0).nil, 301).nil, 327).FSYM( FSYM( FSYM( IDENT(734).nil, 300).FSYM( INT(0).nil, 301).nil, 327).FSYM( FSYM( FSYM( IDENT(225).nil, 300).FSYM( INT(2).nil, 301).nil, 327).FSYM( nil, 331).nil, 332).nil, 332).nil, 332),
nil)

 end

RULE(
-1,
459,192,1,1,1,FSYM( FSYM( nil, 344). VAR(0,459).nil, 346),
 VAR(0,459),
nil)

 end

RULE(
-1,
459,192,1,1,3,FSYM( FSYM(  VAR(0,331). VAR(1,459).nil, 345). VAR(2,459).nil, 346),
FSYM(  VAR(0,331).FSYM(  VAR(1,459). VAR(2,459).nil, 346).nil, 345),
nil)

 end

RULE(
-1,
331,192,1,1,2,FSYM( FSYM( INT(1).nil, 301).FSYM(  VAR(0,331). VAR(1,459).nil, 345).nil, 348),
 VAR(0,331),
nil)

 end

RULE(
-1,
331,192,1,1,4,FSYM(  VAR(0,331).FSYM(  VAR(1,331). VAR(2,459).nil, 345).nil, 348),
FSYM(  VAR(3,331). VAR(2,459).nil, 348),
WHERE(VAR(3,331),-1,FSYM(  VAR(0,331).FSYM( INT(1).nil, 301).nil, 303)).
nil)

 end

RULE(
-1,
331,192,1,1,1,FSYM( FSYM( nil, 344).nil, 349),
FSYM( INT(0).nil, 301),
nil)

 end

RULE(
-1,
331,192,1,1,2,FSYM( FSYM(  VAR(0,331). VAR(1,459).nil, 345).nil, 349),
FSYM( FSYM( INT(1).nil, 301).FSYM(  VAR(1,459).nil, 349).nil, 302),
nil)

 end

RULE(
-1,
459,192,1,1,1,FSYM( FSYM( INT(0).nil, 301). VAR(0,459).nil, 350),
FSYM( nil, 344),
nil)

 end

RULE(
-1,
459,192,1,1,2,FSYM(  VAR(0,331). VAR(1,459).nil, 350),
FSYM(  VAR(1,459).FSYM( FSYM(  VAR(0,331).FSYM( INT(1).nil, 301).nil, 303). VAR(1,459).nil, 350).nil, 346),
IFF(FSYM(  VAR(0,331).FSYM( INT(0).nil, 301).nil, 312)).
nil)

 end

RULE(
-1,
466,66,1,1,1,FSYM( FSYM( nil, 352). VAR(0,466).nil, 354),
 VAR(0,466),
nil)

 end

RULE(
-1,
466,66,1,1,3,FSYM( FSYM(  VAR(0,338). VAR(1,466).nil, 353). VAR(2,466).nil, 354),
FSYM(  VAR(0,338).FSYM(  VAR(1,466). VAR(2,466).nil, 354).nil, 353),
nil)

 end

RULE(
-1,
338,66,1,1,2,FSYM( FSYM( INT(1).nil, 301).FSYM(  VAR(0,338). VAR(1,466).nil, 353).nil, 356),
 VAR(0,338),
nil)

 end

RULE(
-1,
338,66,1,1,4,FSYM(  VAR(0,331).FSYM(  VAR(1,338). VAR(2,466).nil, 353).nil, 356),
FSYM(  VAR(3,331). VAR(2,466).nil, 356),
WHERE(VAR(3,331),-1,FSYM(  VAR(0,331).FSYM( INT(1).nil, 301).nil, 303)).
nil)

 end

RULE(
-1,
331,66,1,1,1,FSYM( FSYM( nil, 352).nil, 357),
FSYM( INT(0).nil, 301),
nil)

 end

RULE(
-1,
331,66,1,1,2,FSYM( FSYM(  VAR(0,338). VAR(1,466).nil, 353).nil, 357),
FSYM( FSYM( INT(1).nil, 301).FSYM(  VAR(1,466).nil, 357).nil, 302),
nil)

 end

RULE(
-1,
466,66,1,1,1,FSYM( FSYM( INT(0).nil, 301). VAR(0,466).nil, 358),
FSYM( nil, 352),
nil)

 end

RULE(
-1,
466,66,1,1,2,FSYM(  VAR(0,331). VAR(1,466).nil, 358),
FSYM(  VAR(1,466).FSYM( FSYM(  VAR(0,331).FSYM( INT(1).nil, 301).nil, 303). VAR(1,466).nil, 358).nil, 354),
IFF(FSYM(  VAR(0,331).FSYM( INT(0).nil, 301).nil, 312)).
nil)

 end

RULE(
-1,
59,118,1,1,1,FSYM( FSYM( nil, 369).nil, 362),
FSYM( IDENT(448).nil, 300),
nil)

 end

RULE(
-1,
59,118,1,1,1,FSYM( FSYM( nil, 370).nil, 362),
FSYM( IDENT(734).nil, 300),
nil)

 end

RULE(
-1,
59,118,1,1,2,FSYM( FSYM(  VAR(0,440). VAR(1,440).nil, 371).nil, 362),
FSYM( IDENT(225).nil, 300),
nil)

 end

RULE(
-1,
59,118,1,1,1,FSYM( FSYM(  VAR(0,338).nil, 361).nil, 362),
FSYM( IDENT(329).nil, 300),
nil)

 end

RULE(
-1,
440,118,1,1,2,FSYM( FSYM( INT(1).nil, 301).FSYM(  VAR(0,440). VAR(1,440).nil, 371).nil, 363),
 VAR(0,440),
nil)

 end

RULE(
-1,
440,118,1,1,2,FSYM( FSYM( INT(2).nil, 301).FSYM(  VAR(0,440). VAR(1,440).nil, 371).nil, 363),
 VAR(1,440),
nil)

 end

RULE(
-1,
428,118,1,1,1,FSYM( FSYM(  VAR(0,338).nil, 361).nil, 364),
FSYM( nil, 1),
nil)

 end

RULE(
-1,
428,118,1,1,1,FSYM(  VAR(0,440).nil, 364),
FSYM( nil, 0),
nil)

 end

RULE(
-1,
440,118,1,1,1,FSYM(  VAR(0,440).FSYM( nil, 344).nil, 366),
 VAR(0,440),
nil)

 end

RULE(
-1,
440,118,1,1,3,FSYM(  VAR(0,440).FSYM(  VAR(1,331). VAR(2,459).nil, 345).nil, 366),
FSYM( FSYM(  VAR(1,331). VAR(0,440).nil, 363). VAR(2,459).nil, 366),
nil)

 end

RULE(
-1,
440,118,1,1,4,FSYM( FSYM(  VAR(0,440). VAR(1,440).nil, 371). VAR(2,440).FSYM( FSYM( INT(1).nil, 301). VAR(3,459).nil, 345).nil, 367),
FSYM( FSYM(  VAR(0,440). VAR(2,440). VAR(3,459).nil, 367). VAR(1,440).nil, 371),
nil)

 end

RULE(
-1,
440,118,1,1,4,FSYM( FSYM(  VAR(0,440). VAR(1,440).nil, 371). VAR(2,440).FSYM( FSYM( INT(2).nil, 301). VAR(3,459).nil, 345).nil, 367),
FSYM(  VAR(0,440).FSYM(  VAR(1,440). VAR(2,440). VAR(3,459).nil, 367).nil, 371),
nil)

 end

RULE(
-1,
440,118,1,1,2,FSYM(  VAR(0,440). VAR(1,440).FSYM( nil, 344).nil, 367),
 VAR(1,440),
nil)

 end

RULE(
-1,
341,118,1,1,1,FSYM( FSYM( nil, 352). VAR(0,331).nil, 368),
FSYM( nil, 341),
nil)

 end

RULE(
-1,
341,118,1,1,3,FSYM( FSYM(  VAR(0,338). VAR(1,466).nil, 353). VAR(2,331).nil, 368),
FSYM( FSYM(  VAR(0,338).FSYM( FSYM(  VAR(2,331).nil, 360).nil, 361).nil, 342).FSYM(  VAR(1,466).FSYM(  VAR(2,331).FSYM( INT(1).nil, 301).nil, 302).nil, 368).nil, 343),
nil)

 end

RULE(
-1,
466,118,1,1,1,FSYM( nil, 373),
FSYM( FSYM( nil, 372).FSYM( nil, 352).nil, 353),
nil)

 end

RULE(
-1,
331,118,1,1,1,FSYM( nil, 374),
FSYM( INT(1).nil, 301),
nil)

 end

RULE(
-1,
341,39,1,1,1,FSYM( FSYM( FSYM( nil, 1).nil, 377).nil, 380),
FSYM( nil, 341),
nil)

 end

RULE(
-1,
341,39,1,1,2,FSYM( FSYM( FSYM( FSYM(  VAR(0,338).nil, 361). VAR(1,440).nil, 376).nil, 378).nil, 380),
FSYM(  VAR(0,338). VAR(1,440).nil, 342),
nil)

 end

RULE(
-1,
341,39,1,0,2,FSYM( FSYM(  VAR(0,93). VAR(1,93).nil, 379).nil, 380),
FSYM( FSYM(  VAR(0,93).nil, 380).FSYM(  VAR(1,93).nil, 380).nil, 343),
nil)

 end

RULE(
-1,
93,39,1,1,1,FSYM( FSYM( nil, 341). VAR(0,93).nil, 381),
 VAR(0,93),
nil)

 end

RULE(
-1,
93,39,1,1,3,FSYM( FSYM(  VAR(0,341). VAR(1,341).nil, 343). VAR(2,93).nil, 381),
FSYM(  VAR(1,341).FSYM(  VAR(0,341). VAR(2,93).nil, 381).nil, 381),
nil)

 end

RULE(
-1,
93,39,1,1,3,FSYM( FSYM(  VAR(0,338). VAR(1,440).nil, 342). VAR(2,93).nil, 381),
FSYM( FSYM(  VAR(0,338).nil, 361). VAR(1,440). VAR(2,93).nil, 16),
nil)

 end

RULE(
-1,
93,151,1,1,1,FSYM(  VAR(0,93).nil, 382),
 VAR(0,93),
nil)

 end
EndDef end
STRATEGY(0,46,74,iterate*(one(266.nil)) ; one(265.nil)) 
end
STRATEGY(26,59,87,iterate*(one(292.nil)) ; one(291.nil)) 
end
STRATEGY(70,331,192,iterate*(one(836.nil)) ; one(835.nil)) 
end
STRATEGY(84,338,66,iterate*(one(1850.nil)) ; one(1849.nil)) 
end
STRATEGY(242,459,118,dk(394.270.nil)) 
end
STRATEGY(376,93,123,dc(254.nil) ; repeat*(dc(136.468.359.340.472.473.510.511.nil)) ; dc(380.403.nil)) 
end
STRATEGY(491,93,123,dc(254.nil) ; repeat*(dc(136.468.359.340.472.473.510.511.nil)) ; dc(380.606.nil)) 
end
EndDef end
QUERY(93,93,376, VAR(0,93),FSYM( nil, 1)) end 
