          Hello world
         Hello world
        Hello world
       Hello world
      Hello world
     Hello world
    Hello world
   Hello world
  Hello world
 Hello world
elan end

 end end
end

                    Hello world
                   Hello world
                  Hello world
                 Hello world
                Hello world
               Hello world
              Hello world
             Hello world
            Hello world
           Hello world
          Hello world
         Hello world
        Hello world
       Hello world
      Hello world
     Hello world
    Hello world
   Hello world
  Hello world
 Hello world
elan end

 end end
end

                                                                                                    Hello world
                                                                                                   Hello world
                                                                                                  Hello world
                                                                                                 Hello world
                                                                                                Hello world
                                                                                               Hello world
                                                                                              Hello world
                                                                                             Hello world
                                                                                            Hello world
                                                                                           Hello world
                                                                                          Hello world
                                                                                         Hello world
                                                                                        Hello world
                                                                                       Hello world
                                                                                      Hello world
                                                                                     Hello world
                                                                                    Hello world
                                                                                   Hello world
                                                                                  Hello world
                                                                                 Hello world
                                                                                Hello world
                                                                               Hello world
                                                                              Hello world
                                                                             Hello world
                                                                            Hello world
                                                                           Hello world
                                                                          Hello world
                                                                         Hello world
                                                                        Hello world
                                                                       Hello world
                                                                      Hello world
                                                                     Hello world
                                                                    Hello world
                                                                   Hello world
                                                                  Hello world
                                                                 Hello world
                                                                Hello world
                                                               Hello world
                                                              Hello world
                                                             Hello world
                                                            Hello world
                                                           Hello world
                                                          Hello world
                                                         Hello world
                                                        Hello world
                                                       Hello world
                                                      Hello world
                                                     Hello world
                                                    Hello world
                                                   Hello world
                                                  Hello world
                                                 Hello world
                                                Hello world
                                               Hello world
                                              Hello world
                                             Hello world
                                            Hello world
                                           Hello world
                                          Hello world
                                         Hello world
                                        Hello world
                                       Hello world
                                      Hello world
                                     Hello world
                                    Hello world
                                   Hello world
                                  Hello world
                                 Hello world
                                Hello world
                               Hello world
                              Hello world
                             Hello world
                            Hello world
                           Hello world
                          Hello world
                         Hello world
                        Hello world
                       Hello world
                      Hello world
                     Hello world
                    Hello world
                   Hello world
                  Hello world
                 Hello world
                Hello world
               Hello world
              Hello world
             Hello world
            Hello world
           Hello world
          Hello world
         Hello world
        Hello world
       Hello world
      Hello world
     Hello world
    Hello world
   Hello world
  Hello world
 Hello world
elan end

 end end
end

