[  0]: IDENT(422))
  0 --q(IDENT(945))-->   1
[  1]: |(IDENT(346),|(IDENT(75),|(IDENT(76),IDENT(69))))\IDENT(82))
  1 --p(IDENT(330))-->   2
[  2]: |(IDENT(980),|(+(p(IDENT(362)).IDENT(75),p(IDENT(855)).IDENT(75)),|(IDENT(76),IDENT(69))))\IDENT(82))
  2 --p(IDENT(330))-->   3
  2 --p(IDENT(330))-->   4
[  3]: |(IDENT(980),|(IDENT(75),|(IDENT(76),p(IDENT(317)).p(IDENT(243)).IDENT(635))))\IDENT(82))
  3 --p(IDENT(317))-->   5
[  4]: |(IDENT(980),|(IDENT(75),|(IDENT(76),p(IDENT(244)).IDENT(212))))\IDENT(82))
  4 --p(IDENT(330))-->   6
[  5]: |(IDENT(980),|(IDENT(75),|(IDENT(76),p(IDENT(243)).IDENT(635))))\IDENT(82))
  5 --p(IDENT(330))-->   7
[  6]: |(IDENT(980),|(IDENT(75),|(+(p(IDENT(245)).IDENT(76),p(IDENT(1068)).IDENT(76)),IDENT(212))))\IDENT(82))
  6 --p(IDENT(330))-->   8
[  7]: |(IDENT(980),|(IDENT(75),|(+(p(IDENT(455)).IDENT(76),p(IDENT(1068)).IDENT(76)),IDENT(635))))\IDENT(82))
  7 --p(IDENT(330))-->   9
  7 --p(IDENT(330))-->  10
[  8]: |(IDENT(346),|(IDENT(75),|(IDENT(76),IDENT(212))))\IDENT(82))
  8 --p(IDENT(330))-->  11
[  9]: |(IDENT(227),|(IDENT(75),|(IDENT(76),IDENT(635))))\IDENT(82))
  9 --q(IDENT(945))-->  12
[ 10]: |(IDENT(346),|(IDENT(75),|(IDENT(76),IDENT(635))))\IDENT(82))
 10 --p(IDENT(330))-->  13
[ 11]: |(IDENT(980),|(+(p(IDENT(362)).IDENT(75),p(IDENT(855)).IDENT(75)),|(IDENT(76),IDENT(212))))\IDENT(82))
 11 --p(IDENT(330))-->   3
 11 --p(IDENT(330))-->   4
[ 12]: |(IDENT(347),|(IDENT(75),|(IDENT(76),IDENT(635))))\IDENT(82))
 12 --p(IDENT(330))-->  14
[ 13]: |(IDENT(980),|(+(p(IDENT(362)).IDENT(75),p(IDENT(855)).IDENT(75)),|(IDENT(76),IDENT(635))))\IDENT(82))
 13 --p(IDENT(330))-->   5
[ 14]: |(IDENT(348),|(+(p(IDENT(363)).IDENT(75),p(IDENT(855)).IDENT(75)),|(IDENT(76),IDENT(635))))\IDENT(82))
 14 --p(IDENT(330))-->  15
 14 --p(IDENT(330))-->  16
[ 15]: |(IDENT(348),|(IDENT(75),|(IDENT(76),p(IDENT(317)).p(IDENT(244)).IDENT(212))))\IDENT(82))
 15 --p(IDENT(317))-->  17
[ 16]: |(IDENT(348),|(IDENT(75),|(IDENT(76),p(IDENT(243)).IDENT(635))))\IDENT(82))
 16 --p(IDENT(330))-->  18
[ 17]: |(IDENT(348),|(IDENT(75),|(IDENT(76),p(IDENT(244)).IDENT(212))))\IDENT(82))
 17 --p(IDENT(330))-->  19
[ 18]: |(IDENT(348),|(IDENT(75),|(+(p(IDENT(455)).IDENT(76),p(IDENT(1068)).IDENT(76)),IDENT(635))))\IDENT(82))
 18 --p(IDENT(330))-->  12
[ 19]: |(IDENT(348),|(IDENT(75),|(+(p(IDENT(245)).IDENT(76),p(IDENT(1068)).IDENT(76)),IDENT(212))))\IDENT(82))
 19 --p(IDENT(330))-->  20
 19 --p(IDENT(330))-->  21
[ 20]: |(IDENT(226),|(IDENT(75),|(IDENT(76),IDENT(212))))\IDENT(82))
 20 --q(IDENT(945))-->   8
[ 21]: |(IDENT(347),|(IDENT(75),|(IDENT(76),IDENT(212))))\IDENT(82))
 21 --p(IDENT(330))-->  22
[ 22]: |(IDENT(348),|(+(p(IDENT(363)).IDENT(75),p(IDENT(855)).IDENT(75)),|(IDENT(76),IDENT(212))))\IDENT(82))
 22 --p(IDENT(330))-->  17
