[  0]: IDENT(742))
  0 --p(IDENT(499))-->   1
  0 --p(IDENT(836))-->   2
  0 --p(IDENT(500))-->   3
  0 --p(IDENT(626))-->   4
  0 --p(IDENT(513))-->   5
  0 --p(IDENT(631))-->   5
  0 --p(IDENT(1081))-->   6
  0 --p(IDENT(513))-->   7
  0 --p(IDENT(631))-->   7
  0 --p(IDENT(1081))-->   8
[  1]: |(q(IDENT(830)).q(IDENT(504)).IDENT(125),|(IDENT(77),|(IDENT(252),|(IDENT(253),IDENT(636)))))\IDENT(829))
  1 --p(IDENT(500))-->   9
  1 --p(IDENT(626))-->  10
  1 --p(IDENT(513))-->  11
  1 --p(IDENT(631))-->  11
  1 --p(IDENT(1081))-->  12
  1 --p(IDENT(513))-->  13
  1 --p(IDENT(631))-->  13
  1 --p(IDENT(1081))-->  14
[  2]: |(IDENT(77),|(IDENT(252),|(IDENT(253),IDENT(636))))\IDENT(829))
  2 --p(IDENT(500))-->  15
  2 --p(IDENT(626))-->  16
  2 --p(IDENT(513))-->  17
  2 --p(IDENT(631))-->  17
  2 --p(IDENT(1081))-->  18
  2 --p(IDENT(513))-->  19
  2 --p(IDENT(631))-->  19
  2 --p(IDENT(1081))-->  20
[  3]: |(IDENT(76),|(q(IDENT(831)).q(IDENT(503)).IDENT(1181),|(IDENT(252),|(IDENT(253),IDENT(636)))))\IDENT(829))
  3 --p(IDENT(499))-->   9
  3 --p(IDENT(836))-->  15
  3 --p(IDENT(513))-->  21
  3 --p(IDENT(631))-->  21
  3 --p(IDENT(1081))-->  22
  3 --p(IDENT(513))-->  23
  3 --p(IDENT(631))-->  23
  3 --p(IDENT(1081))-->  24
[  4]: |(IDENT(76),|(IDENT(252),|(IDENT(253),IDENT(636))))\IDENT(829))
  4 --p(IDENT(499))-->  10
  4 --p(IDENT(836))-->  16
  4 --p(IDENT(513))-->  25
  4 --p(IDENT(631))-->  25
  4 --p(IDENT(1081))-->  26
  4 --p(IDENT(513))-->  27
  4 --p(IDENT(631))-->  27
  4 --p(IDENT(1081))-->  28
[  5]: |(IDENT(76),|(IDENT(77),|(IDENT(591)[i(IDENT(684)/IDENT(513),i(IDENT(712)/IDENT(963),i(IDENT(802)/IDENT(631),i(IDENT(830)/IDENT(1081),[]))))],|(IDENT(253),IDENT(636)))))\IDENT(829))
  5 --p(IDENT(499))-->  11
  5 --p(IDENT(836))-->  17
  5 --p(IDENT(500))-->  21
  5 --p(IDENT(626))-->  25
  5 --p(IDENT(513))-->   5
  5 --p(IDENT(631))-->   5
  5 --p(IDENT(1081))-->   6
  5 --p(IDENT(513))-->  29
  5 --p(IDENT(631))-->  29
  5 --p(IDENT(1081))-->  30
[  6]: |(IDENT(76),|(IDENT(77),|(IDENT(408)[i(IDENT(684)/IDENT(513),i(IDENT(712)/IDENT(963),i(IDENT(802)/IDENT(631),i(IDENT(830)/IDENT(1081),[]))))],|(IDENT(253),IDENT(636)))))\IDENT(829))
  6 --p(IDENT(499))-->  12
  6 --p(IDENT(836))-->  18
  6 --p(IDENT(500))-->  22
  6 --p(IDENT(626))-->  26
  6 --p(IDENT(963))-->   6
  6 --p(IDENT(1081))-->   6
  6 --p(IDENT(631))-->   5
  6 --p(IDENT(513))-->  31
  6 --p(IDENT(631))-->  31
  6 --p(IDENT(1081))-->  32
[  7]: |(IDENT(76),|(IDENT(77),|(IDENT(252),|(IDENT(591)[i(IDENT(685)/IDENT(513),i(IDENT(713)/IDENT(963),i(IDENT(803)/IDENT(631),i(IDENT(831)/IDENT(1081),[]))))],IDENT(636)))))\IDENT(829))
  7 --p(IDENT(499))-->  13
  7 --p(IDENT(836))-->  19
  7 --p(IDENT(500))-->  23
  7 --p(IDENT(626))-->  27
  7 --p(IDENT(513))-->  29
  7 --p(IDENT(631))-->  29
  7 --p(IDENT(1081))-->  31
  7 --p(IDENT(513))-->   7
  7 --p(IDENT(631))-->   7
  7 --p(IDENT(1081))-->   8
[  8]: |(IDENT(76),|(IDENT(77),|(IDENT(252),|(IDENT(408)[i(IDENT(685)/IDENT(513),i(IDENT(713)/IDENT(963),i(IDENT(803)/IDENT(631),i(IDENT(831)/IDENT(1081),[]))))],IDENT(636)))))\IDENT(829))
  8 --p(IDENT(499))-->  14
  8 --p(IDENT(836))-->  20
  8 --p(IDENT(500))-->  24
  8 --p(IDENT(626))-->  28
  8 --p(IDENT(513))-->  30
  8 --p(IDENT(631))-->  30
  8 --p(IDENT(1081))-->  32
  8 --p(IDENT(963))-->   8
  8 --p(IDENT(1081))-->   8
  8 --p(IDENT(631))-->   7
[  9]: |(q(IDENT(830)).q(IDENT(504)).IDENT(125),|(q(IDENT(831)).q(IDENT(503)).IDENT(1181),|(IDENT(252),|(IDENT(253),IDENT(636)))))\IDENT(829))
  9 --p(IDENT(513))-->  33
  9 --p(IDENT(631))-->  33
  9 --p(IDENT(1081))-->  34
  9 --p(IDENT(513))-->  35
  9 --p(IDENT(631))-->  35
  9 --p(IDENT(1081))-->  36
[ 10]: |(q(IDENT(830)).q(IDENT(504)).IDENT(125),|(IDENT(252),|(IDENT(253),IDENT(636))))\IDENT(829))
 10 --p(IDENT(513))-->  37
 10 --p(IDENT(631))-->  37
 10 --p(IDENT(1081))-->  38
 10 --p(IDENT(513))-->  39
 10 --p(IDENT(631))-->  39
 10 --p(IDENT(1081))-->  40
[ 11]: |(q(IDENT(830)).q(IDENT(504)).IDENT(125),|(IDENT(77),|(IDENT(591)[i(IDENT(684)/IDENT(513),i(IDENT(712)/IDENT(963),i(IDENT(802)/IDENT(631),i(IDENT(830)/IDENT(1081),[]))))],|(IDENT(253),IDENT(636)))))\IDENT(829))
 11 --p(IDENT(500))-->  33
 11 --p(IDENT(626))-->  37
 11 --p(IDENT(513))-->  11
 11 --p(IDENT(631))-->  11
 11 --p(IDENT(1081))-->  12
 11 --p(IDENT(513))-->  41
 11 --p(IDENT(631))-->  41
 11 --p(IDENT(1081))-->  42
[ 12]: |(q(IDENT(830)).q(IDENT(504)).IDENT(125),|(IDENT(77),|(IDENT(408)[i(IDENT(684)/IDENT(513),i(IDENT(712)/IDENT(963),i(IDENT(802)/IDENT(631),i(IDENT(830)/IDENT(1081),[]))))],|(IDENT(253),IDENT(636)))))\IDENT(829))
 12 --p(IDENT(500))-->  34
 12 --p(IDENT(626))-->  38
 12 --p(IDENT(963))-->  12
 12 --p(IDENT(1081))-->  12
 12 --p(IDENT(631))-->  11
 12 --p(IDENT(513))-->  43
 12 --p(IDENT(631))-->  43
 12 --p(IDENT(1081))-->  44
[ 13]: |(q(IDENT(830)).q(IDENT(504)).IDENT(125),|(IDENT(77),|(IDENT(252),|(IDENT(591)[i(IDENT(685)/IDENT(513),i(IDENT(713)/IDENT(963),i(IDENT(803)/IDENT(631),i(IDENT(831)/IDENT(1081),[]))))],IDENT(636)))))\IDENT(829))
 13 --p(IDENT(500))-->  35
 13 --p(IDENT(626))-->  39
 13 --p(IDENT(513))-->  41
 13 --p(IDENT(631))-->  41
 13 --p(IDENT(1081))-->  43
 13 --p(IDENT(513))-->  13
 13 --p(IDENT(631))-->  13
 13 --p(IDENT(1081))-->  14
[ 14]: |(q(IDENT(830)).q(IDENT(504)).IDENT(125),|(IDENT(77),|(IDENT(252),|(IDENT(408)[i(IDENT(685)/IDENT(513),i(IDENT(713)/IDENT(963),i(IDENT(803)/IDENT(631),i(IDENT(831)/IDENT(1081),[]))))],IDENT(636)))))\IDENT(829))
 14 --p(IDENT(500))-->  36
 14 --p(IDENT(626))-->  40
 14 --p(IDENT(513))-->  42
 14 --p(IDENT(631))-->  42
 14 --p(IDENT(1081))-->  44
 14 --p(IDENT(963))-->  14
 14 --p(IDENT(1081))-->  14
 14 --p(IDENT(631))-->  13
[ 15]: |(q(IDENT(831)).q(IDENT(503)).IDENT(1181),|(IDENT(252),|(IDENT(253),IDENT(636))))\IDENT(829))
 15 --p(IDENT(513))-->  45
 15 --p(IDENT(631))-->  45
 15 --p(IDENT(1081))-->  46
 15 --p(IDENT(513))-->  47
 15 --p(IDENT(631))-->  47
 15 --p(IDENT(1081))-->  48
[ 16]: |(IDENT(252),|(IDENT(253),IDENT(636)))\IDENT(829))
 16 --p(IDENT(513))-->  49
 16 --p(IDENT(631))-->  49
 16 --p(IDENT(1081))-->  50
 16 --p(IDENT(513))-->  51
 16 --p(IDENT(631))-->  51
 16 --p(IDENT(1081))-->  52
[ 17]: |(IDENT(77),|(IDENT(591)[i(IDENT(684)/IDENT(513),i(IDENT(712)/IDENT(963),i(IDENT(802)/IDENT(631),i(IDENT(830)/IDENT(1081),[]))))],|(IDENT(253),IDENT(636))))\IDENT(829))
 17 --p(IDENT(500))-->  45
 17 --p(IDENT(626))-->  49
 17 --p(IDENT(513))-->  17
 17 --p(IDENT(631))-->  17
 17 --p(IDENT(1081))-->  18
 17 --p(IDENT(513))-->  53
 17 --p(IDENT(631))-->  53
 17 --p(IDENT(1081))-->  54
[ 18]: |(IDENT(77),|(IDENT(408)[i(IDENT(684)/IDENT(513),i(IDENT(712)/IDENT(963),i(IDENT(802)/IDENT(631),i(IDENT(830)/IDENT(1081),[]))))],|(IDENT(253),IDENT(636))))\IDENT(829))
 18 --p(IDENT(500))-->  46
 18 --p(IDENT(626))-->  50
 18 --p(IDENT(963))-->  18
 18 --p(IDENT(1081))-->  18
 18 --p(IDENT(631))-->  17
 18 --p(IDENT(513))-->  55
 18 --p(IDENT(631))-->  55
 18 --p(IDENT(1081))-->  56
[ 19]: |(IDENT(77),|(IDENT(252),|(IDENT(591)[i(IDENT(685)/IDENT(513),i(IDENT(713)/IDENT(963),i(IDENT(803)/IDENT(631),i(IDENT(831)/IDENT(1081),[]))))],IDENT(636))))\IDENT(829))
 19 --p(IDENT(500))-->  47
 19 --p(IDENT(626))-->  51
 19 --p(IDENT(513))-->  53
 19 --p(IDENT(631))-->  53
 19 --p(IDENT(1081))-->  55
 19 --p(IDENT(513))-->  19
 19 --p(IDENT(631))-->  19
 19 --p(IDENT(1081))-->  20
[ 20]: |(IDENT(77),|(IDENT(252),|(IDENT(408)[i(IDENT(685)/IDENT(513),i(IDENT(713)/IDENT(963),i(IDENT(803)/IDENT(631),i(IDENT(831)/IDENT(1081),[]))))],IDENT(636))))\IDENT(829))
 20 --p(IDENT(500))-->  48
 20 --p(IDENT(626))-->  52
 20 --p(IDENT(513))-->  54
 20 --p(IDENT(631))-->  54
 20 --p(IDENT(1081))-->  56
 20 --p(IDENT(963))-->  20
 20 --p(IDENT(1081))-->  20
 20 --p(IDENT(631))-->  19
[ 21]: |(IDENT(76),|(q(IDENT(831)).q(IDENT(503)).IDENT(1181),|(IDENT(591)[i(IDENT(684)/IDENT(513),i(IDENT(712)/IDENT(963),i(IDENT(802)/IDENT(631),i(IDENT(830)/IDENT(1081),[]))))],|(IDENT(253),IDENT(636)))))\IDENT(829))
 21 --p(IDENT(499))-->  33
 21 --p(IDENT(836))-->  45
 21 --p(IDENT(513))-->  21
 21 --p(IDENT(631))-->  21
 21 --p(IDENT(1081))-->  22
 21 --p(IDENT(513))-->  57
 21 --p(IDENT(631))-->  57
 21 --p(IDENT(1081))-->  58
[ 22]: |(IDENT(76),|(q(IDENT(831)).q(IDENT(503)).IDENT(1181),|(IDENT(408)[i(IDENT(684)/IDENT(513),i(IDENT(712)/IDENT(963),i(IDENT(802)/IDENT(631),i(IDENT(830)/IDENT(1081),[]))))],|(IDENT(253),IDENT(636)))))\IDENT(829))
 22 --p(IDENT(499))-->  34
 22 --p(IDENT(836))-->  46
 22 --p(IDENT(963))-->  22
 22 --p(IDENT(1081))-->  22
 22 --p(IDENT(631))-->  21
 22 --p(IDENT(513))-->  59
 22 --p(IDENT(631))-->  59
 22 --p(IDENT(1081))-->  60
[ 23]: |(IDENT(76),|(q(IDENT(831)).q(IDENT(503)).IDENT(1181),|(IDENT(252),|(IDENT(591)[i(IDENT(685)/IDENT(513),i(IDENT(713)/IDENT(963),i(IDENT(803)/IDENT(631),i(IDENT(831)/IDENT(1081),[]))))],IDENT(636)))))\IDENT(829))
 23 --p(IDENT(499))-->  35
 23 --p(IDENT(836))-->  47
 23 --p(IDENT(513))-->  57
 23 --p(IDENT(631))-->  57
 23 --p(IDENT(1081))-->  59
 23 --p(IDENT(513))-->  23
 23 --p(IDENT(631))-->  23
 23 --p(IDENT(1081))-->  24
[ 24]: |(IDENT(76),|(q(IDENT(831)).q(IDENT(503)).IDENT(1181),|(IDENT(252),|(IDENT(408)[i(IDENT(685)/IDENT(513),i(IDENT(713)/IDENT(963),i(IDENT(803)/IDENT(631),i(IDENT(831)/IDENT(1081),[]))))],IDENT(636)))))\IDENT(829))
 24 --p(IDENT(499))-->  36
 24 --p(IDENT(836))-->  48
 24 --p(IDENT(513))-->  58
 24 --p(IDENT(631))-->  58
 24 --p(IDENT(1081))-->  60
 24 --p(IDENT(963))-->  24
 24 --p(IDENT(1081))-->  24
 24 --p(IDENT(631))-->  23
[ 25]: |(IDENT(76),|(IDENT(591)[i(IDENT(684)/IDENT(513),i(IDENT(712)/IDENT(963),i(IDENT(802)/IDENT(631),i(IDENT(830)/IDENT(1081),[]))))],|(IDENT(253),IDENT(636))))\IDENT(829))
 25 --p(IDENT(499))-->  37
 25 --p(IDENT(836))-->  49
 25 --p(IDENT(513))-->  25
 25 --p(IDENT(631))-->  25
 25 --p(IDENT(1081))-->  26
 25 --p(IDENT(513))-->  61
 25 --p(IDENT(631))-->  61
 25 --p(IDENT(1081))-->  62
[ 26]: |(IDENT(76),|(IDENT(408)[i(IDENT(684)/IDENT(513),i(IDENT(712)/IDENT(963),i(IDENT(802)/IDENT(631),i(IDENT(830)/IDENT(1081),[]))))],|(IDENT(253),IDENT(636))))\IDENT(829))
 26 --p(IDENT(499))-->  38
 26 --p(IDENT(836))-->  50
 26 --p(IDENT(963))-->  26
 26 --p(IDENT(1081))-->  26
 26 --p(IDENT(631))-->  25
 26 --p(IDENT(513))-->  63
 26 --p(IDENT(631))-->  63
 26 --p(IDENT(1081))-->  64
[ 27]: |(IDENT(76),|(IDENT(252),|(IDENT(591)[i(IDENT(685)/IDENT(513),i(IDENT(713)/IDENT(963),i(IDENT(803)/IDENT(631),i(IDENT(831)/IDENT(1081),[]))))],IDENT(636))))\IDENT(829))
 27 --p(IDENT(499))-->  39
 27 --p(IDENT(836))-->  51
 27 --p(IDENT(513))-->  61
 27 --p(IDENT(631))-->  61
 27 --p(IDENT(1081))-->  63
 27 --p(IDENT(513))-->  27
 27 --p(IDENT(631))-->  27
 27 --p(IDENT(1081))-->  28
[ 28]: |(IDENT(76),|(IDENT(252),|(IDENT(408)[i(IDENT(685)/IDENT(513),i(IDENT(713)/IDENT(963),i(IDENT(803)/IDENT(631),i(IDENT(831)/IDENT(1081),[]))))],IDENT(636))))\IDENT(829))
 28 --p(IDENT(499))-->  40
 28 --p(IDENT(836))-->  52
 28 --p(IDENT(513))-->  62
 28 --p(IDENT(631))-->  62
 28 --p(IDENT(1081))-->  64
 28 --p(IDENT(963))-->  28
 28 --p(IDENT(1081))-->  28
 28 --p(IDENT(631))-->  27
[ 29]: |(IDENT(76),|(IDENT(77),|(IDENT(591)[i(IDENT(684)/IDENT(513),i(IDENT(712)/IDENT(963),i(IDENT(802)/IDENT(631),i(IDENT(830)/IDENT(1081),[]))))],|(IDENT(591)[i(IDENT(685)/IDENT(513),i(IDENT(713)/IDENT(963),i(IDENT(803)/IDENT(631),i(IDENT(831)/IDENT(1081),[]))))],IDENT(636)))))\IDENT(829))
 29 --p(IDENT(499))-->  41
 29 --p(IDENT(836))-->  53
 29 --p(IDENT(500))-->  57
 29 --p(IDENT(626))-->  61
 29 --p(IDENT(513))-->  29
 29 --p(IDENT(631))-->  29
 29 --p(IDENT(1081))-->  31
 29 --p(IDENT(513))-->  29
 29 --p(IDENT(631))-->  29
 29 --p(IDENT(1081))-->  30
[ 30]: |(IDENT(76),|(IDENT(77),|(IDENT(591)[i(IDENT(684)/IDENT(513),i(IDENT(712)/IDENT(963),i(IDENT(802)/IDENT(631),i(IDENT(830)/IDENT(1081),[]))))],|(IDENT(408)[i(IDENT(685)/IDENT(513),i(IDENT(713)/IDENT(963),i(IDENT(803)/IDENT(631),i(IDENT(831)/IDENT(1081),[]))))],IDENT(636)))))\IDENT(829))
 30 --p(IDENT(499))-->  42
 30 --p(IDENT(836))-->  54
 30 --p(IDENT(500))-->  58
 30 --p(IDENT(626))-->  62
 30 --p(IDENT(513))-->  30
 30 --p(IDENT(631))-->  30
 30 --p(IDENT(1081))-->  32
 30 --p(IDENT(963))-->  30
 30 --p(IDENT(1081))-->  30
 30 --p(IDENT(631))-->  29
[ 31]: |(IDENT(76),|(IDENT(77),|(IDENT(408)[i(IDENT(684)/IDENT(513),i(IDENT(712)/IDENT(963),i(IDENT(802)/IDENT(631),i(IDENT(830)/IDENT(1081),[]))))],|(IDENT(591)[i(IDENT(685)/IDENT(513),i(IDENT(713)/IDENT(963),i(IDENT(803)/IDENT(631),i(IDENT(831)/IDENT(1081),[]))))],IDENT(636)))))\IDENT(829))
 31 --p(IDENT(499))-->  43
 31 --p(IDENT(836))-->  55
 31 --p(IDENT(500))-->  59
 31 --p(IDENT(626))-->  63
 31 --p(IDENT(963))-->  31
 31 --p(IDENT(1081))-->  31
 31 --p(IDENT(631))-->  29
 31 --p(IDENT(513))-->  31
 31 --p(IDENT(631))-->  31
 31 --p(IDENT(1081))-->  32
[ 32]: |(IDENT(76),|(IDENT(77),|(IDENT(408)[i(IDENT(684)/IDENT(513),i(IDENT(712)/IDENT(963),i(IDENT(802)/IDENT(631),i(IDENT(830)/IDENT(1081),[]))))],|(IDENT(408)[i(IDENT(685)/IDENT(513),i(IDENT(713)/IDENT(963),i(IDENT(803)/IDENT(631),i(IDENT(831)/IDENT(1081),[]))))],IDENT(636)))))\IDENT(829))
 32 --p(IDENT(499))-->  44
 32 --p(IDENT(836))-->  56
 32 --p(IDENT(500))-->  60
 32 --p(IDENT(626))-->  64
 32 --p(IDENT(963))-->  32
 32 --p(IDENT(1081))-->  32
 32 --p(IDENT(631))-->  30
 32 --p(IDENT(963))-->  32
 32 --p(IDENT(1081))-->  32
 32 --p(IDENT(631))-->  31
[ 33]: |(q(IDENT(830)).q(IDENT(504)).IDENT(125),|(q(IDENT(831)).q(IDENT(503)).IDENT(1181),|(IDENT(591)[i(IDENT(684)/IDENT(513),i(IDENT(712)/IDENT(963),i(IDENT(802)/IDENT(631),i(IDENT(830)/IDENT(1081),[]))))],|(IDENT(253),IDENT(636)))))\IDENT(829))
 33 --p(IDENT(513))-->  33
 33 --p(IDENT(631))-->  33
 33 --p(IDENT(1081))-->  34
 33 --p(IDENT(513))-->  65
 33 --p(IDENT(631))-->  65
 33 --p(IDENT(1081))-->  66
[ 34]: |(q(IDENT(830)).q(IDENT(504)).IDENT(125),|(q(IDENT(831)).q(IDENT(503)).IDENT(1181),|(IDENT(408)[i(IDENT(684)/IDENT(513),i(IDENT(712)/IDENT(963),i(IDENT(802)/IDENT(631),i(IDENT(830)/IDENT(1081),[]))))],|(IDENT(253),IDENT(636)))))\IDENT(829))
 34 --p(IDENT(963))-->  34
 34 --p(IDENT(1081))-->  34
 34 --p(IDENT(631))-->  33
 34 --p(IDENT(513))-->  67
 34 --p(IDENT(631))-->  67
 34 --p(IDENT(1081))-->  68
[ 35]: |(q(IDENT(830)).q(IDENT(504)).IDENT(125),|(q(IDENT(831)).q(IDENT(503)).IDENT(1181),|(IDENT(252),|(IDENT(591)[i(IDENT(685)/IDENT(513),i(IDENT(713)/IDENT(963),i(IDENT(803)/IDENT(631),i(IDENT(831)/IDENT(1081),[]))))],IDENT(636)))))\IDENT(829))
 35 --p(IDENT(513))-->  65
 35 --p(IDENT(631))-->  65
 35 --p(IDENT(1081))-->  67
 35 --p(IDENT(513))-->  35
 35 --p(IDENT(631))-->  35
 35 --p(IDENT(1081))-->  36
[ 36]: |(q(IDENT(830)).q(IDENT(504)).IDENT(125),|(q(IDENT(831)).q(IDENT(503)).IDENT(1181),|(IDENT(252),|(IDENT(408)[i(IDENT(685)/IDENT(513),i(IDENT(713)/IDENT(963),i(IDENT(803)/IDENT(631),i(IDENT(831)/IDENT(1081),[]))))],IDENT(636)))))\IDENT(829))
 36 --p(IDENT(513))-->  66
 36 --p(IDENT(631))-->  66
 36 --p(IDENT(1081))-->  68
 36 --p(IDENT(963))-->  36
 36 --p(IDENT(1081))-->  36
 36 --p(IDENT(631))-->  35
[ 37]: |(q(IDENT(830)).q(IDENT(504)).IDENT(125),|(IDENT(591)[i(IDENT(684)/IDENT(513),i(IDENT(712)/IDENT(963),i(IDENT(802)/IDENT(631),i(IDENT(830)/IDENT(1081),[]))))],|(IDENT(253),IDENT(636))))\IDENT(829))
 37 --p(IDENT(513))-->  37
 37 --p(IDENT(631))-->  37
 37 --p(IDENT(1081))-->  38
 37 --p(IDENT(513))-->  69
 37 --p(IDENT(631))-->  69
 37 --p(IDENT(1081))-->  70
[ 38]: |(q(IDENT(830)).q(IDENT(504)).IDENT(125),|(IDENT(408)[i(IDENT(684)/IDENT(513),i(IDENT(712)/IDENT(963),i(IDENT(802)/IDENT(631),i(IDENT(830)/IDENT(1081),[]))))],|(IDENT(253),IDENT(636))))\IDENT(829))
 38 --p(IDENT(963))-->  38
 38 --p(IDENT(1081))-->  38
 38 --p(IDENT(631))-->  37
 38 --p(IDENT(513))-->  71
 38 --p(IDENT(631))-->  71
 38 --p(IDENT(1081))-->  72
[ 39]: |(q(IDENT(830)).q(IDENT(504)).IDENT(125),|(IDENT(252),|(IDENT(591)[i(IDENT(685)/IDENT(513),i(IDENT(713)/IDENT(963),i(IDENT(803)/IDENT(631),i(IDENT(831)/IDENT(1081),[]))))],IDENT(636))))\IDENT(829))
 39 --p(IDENT(513))-->  69
 39 --p(IDENT(631))-->  69
 39 --p(IDENT(1081))-->  71
 39 --p(IDENT(513))-->  39
 39 --p(IDENT(631))-->  39
 39 --p(IDENT(1081))-->  40
[ 40]: |(q(IDENT(830)).q(IDENT(504)).IDENT(125),|(IDENT(252),|(IDENT(408)[i(IDENT(685)/IDENT(513),i(IDENT(713)/IDENT(963),i(IDENT(803)/IDENT(631),i(IDENT(831)/IDENT(1081),[]))))],IDENT(636))))\IDENT(829))
 40 --p(IDENT(513))-->  70
 40 --p(IDENT(631))-->  70
 40 --p(IDENT(1081))-->  72
 40 --p(IDENT(963))-->  40
 40 --p(IDENT(1081))-->  40
 40 --p(IDENT(631))-->  39
[ 41]: |(q(IDENT(830)).q(IDENT(504)).IDENT(125),|(IDENT(77),|(IDENT(591)[i(IDENT(684)/IDENT(513),i(IDENT(712)/IDENT(963),i(IDENT(802)/IDENT(631),i(IDENT(830)/IDENT(1081),[]))))],|(IDENT(591)[i(IDENT(685)/IDENT(513),i(IDENT(713)/IDENT(963),i(IDENT(803)/IDENT(631),i(IDENT(831)/IDENT(1081),[]))))],IDENT(636)))))\IDENT(829))
 41 --p(IDENT(500))-->  65
 41 --p(IDENT(626))-->  69
 41 --p(IDENT(513))-->  41
 41 --p(IDENT(631))-->  41
 41 --p(IDENT(1081))-->  43
 41 --p(IDENT(513))-->  41
 41 --p(IDENT(631))-->  41
 41 --p(IDENT(1081))-->  42
[ 42]: |(q(IDENT(830)).q(IDENT(504)).IDENT(125),|(IDENT(77),|(IDENT(591)[i(IDENT(684)/IDENT(513),i(IDENT(712)/IDENT(963),i(IDENT(802)/IDENT(631),i(IDENT(830)/IDENT(1081),[]))))],|(IDENT(408)[i(IDENT(685)/IDENT(513),i(IDENT(713)/IDENT(963),i(IDENT(803)/IDENT(631),i(IDENT(831)/IDENT(1081),[]))))],IDENT(636)))))\IDENT(829))
 42 --p(IDENT(500))-->  66
 42 --p(IDENT(626))-->  70
 42 --p(IDENT(513))-->  42
 42 --p(IDENT(631))-->  42
 42 --p(IDENT(1081))-->  44
 42 --p(IDENT(963))-->  42
 42 --p(IDENT(1081))-->  42
 42 --p(IDENT(631))-->  41
[ 43]: |(q(IDENT(830)).q(IDENT(504)).IDENT(125),|(IDENT(77),|(IDENT(408)[i(IDENT(684)/IDENT(513),i(IDENT(712)/IDENT(963),i(IDENT(802)/IDENT(631),i(IDENT(830)/IDENT(1081),[]))))],|(IDENT(591)[i(IDENT(685)/IDENT(513),i(IDENT(713)/IDENT(963),i(IDENT(803)/IDENT(631),i(IDENT(831)/IDENT(1081),[]))))],IDENT(636)))))\IDENT(829))
 43 --p(IDENT(500))-->  67
 43 --p(IDENT(626))-->  71
 43 --p(IDENT(963))-->  43
 43 --p(IDENT(1081))-->  43
 43 --p(IDENT(631))-->  41
 43 --p(IDENT(513))-->  43
 43 --p(IDENT(631))-->  43
 43 --p(IDENT(1081))-->  44
[ 44]: |(q(IDENT(830)).q(IDENT(504)).IDENT(125),|(IDENT(77),|(IDENT(408)[i(IDENT(684)/IDENT(513),i(IDENT(712)/IDENT(963),i(IDENT(802)/IDENT(631),i(IDENT(830)/IDENT(1081),[]))))],|(IDENT(408)[i(IDENT(685)/IDENT(513),i(IDENT(713)/IDENT(963),i(IDENT(803)/IDENT(631),i(IDENT(831)/IDENT(1081),[]))))],IDENT(636)))))\IDENT(829))
 44 --p(IDENT(500))-->  68
 44 --p(IDENT(626))-->  72
 44 --p(IDENT(963))-->  44
 44 --p(IDENT(1081))-->  44
 44 --p(IDENT(631))-->  42
 44 --p(IDENT(963))-->  44
 44 --p(IDENT(1081))-->  44
 44 --p(IDENT(631))-->  43
[ 45]: |(q(IDENT(831)).q(IDENT(503)).IDENT(1181),|(IDENT(591)[i(IDENT(684)/IDENT(513),i(IDENT(712)/IDENT(963),i(IDENT(802)/IDENT(631),i(IDENT(830)/IDENT(1081),[]))))],|(IDENT(253),IDENT(636))))\IDENT(829))
 45 --p(IDENT(513))-->  45
 45 --p(IDENT(631))-->  45
 45 --p(IDENT(1081))-->  46
 45 --p(IDENT(513))-->  73
 45 --p(IDENT(631))-->  73
 45 --p(IDENT(1081))-->  74
[ 46]: |(q(IDENT(831)).q(IDENT(503)).IDENT(1181),|(IDENT(408)[i(IDENT(684)/IDENT(513),i(IDENT(712)/IDENT(963),i(IDENT(802)/IDENT(631),i(IDENT(830)/IDENT(1081),[]))))],|(IDENT(253),IDENT(636))))\IDENT(829))
 46 --p(IDENT(963))-->  46
 46 --p(IDENT(1081))-->  46
 46 --p(IDENT(631))-->  45
 46 --p(IDENT(513))-->  75
 46 --p(IDENT(631))-->  75
 46 --p(IDENT(1081))-->  76
[ 47]: |(q(IDENT(831)).q(IDENT(503)).IDENT(1181),|(IDENT(252),|(IDENT(591)[i(IDENT(685)/IDENT(513),i(IDENT(713)/IDENT(963),i(IDENT(803)/IDENT(631),i(IDENT(831)/IDENT(1081),[]))))],IDENT(636))))\IDENT(829))
 47 --p(IDENT(513))-->  73
 47 --p(IDENT(631))-->  73
 47 --p(IDENT(1081))-->  75
 47 --p(IDENT(513))-->  47
 47 --p(IDENT(631))-->  47
 47 --p(IDENT(1081))-->  48
[ 48]: |(q(IDENT(831)).q(IDENT(503)).IDENT(1181),|(IDENT(252),|(IDENT(408)[i(IDENT(685)/IDENT(513),i(IDENT(713)/IDENT(963),i(IDENT(803)/IDENT(631),i(IDENT(831)/IDENT(1081),[]))))],IDENT(636))))\IDENT(829))
 48 --p(IDENT(513))-->  74
 48 --p(IDENT(631))-->  74
 48 --p(IDENT(1081))-->  76
 48 --p(IDENT(963))-->  48
 48 --p(IDENT(1081))-->  48
 48 --p(IDENT(631))-->  47
[ 49]: |(IDENT(591)[i(IDENT(684)/IDENT(513),i(IDENT(712)/IDENT(963),i(IDENT(802)/IDENT(631),i(IDENT(830)/IDENT(1081),[]))))],|(IDENT(253),IDENT(636)))\IDENT(829))
 49 --p(IDENT(513))-->  49
 49 --p(IDENT(631))-->  49
 49 --p(IDENT(1081))-->  50
 49 --p(IDENT(513))-->  77
 49 --p(IDENT(631))-->  77
 49 --p(IDENT(1081))-->  78
[ 50]: |(IDENT(408)[i(IDENT(684)/IDENT(513),i(IDENT(712)/IDENT(963),i(IDENT(802)/IDENT(631),i(IDENT(830)/IDENT(1081),[]))))],|(IDENT(253),IDENT(636)))\IDENT(829))
 50 --p(IDENT(963))-->  50
 50 --p(IDENT(1081))-->  50
 50 --p(IDENT(631))-->  49
 50 --p(IDENT(513))-->  79
 50 --p(IDENT(631))-->  79
 50 --p(IDENT(1081))-->  80
[ 51]: |(IDENT(252),|(IDENT(591)[i(IDENT(685)/IDENT(513),i(IDENT(713)/IDENT(963),i(IDENT(803)/IDENT(631),i(IDENT(831)/IDENT(1081),[]))))],IDENT(636)))\IDENT(829))
 51 --p(IDENT(513))-->  77
 51 --p(IDENT(631))-->  77
 51 --p(IDENT(1081))-->  79
 51 --p(IDENT(513))-->  51
 51 --p(IDENT(631))-->  51
 51 --p(IDENT(1081))-->  52
[ 52]: |(IDENT(252),|(IDENT(408)[i(IDENT(685)/IDENT(513),i(IDENT(713)/IDENT(963),i(IDENT(803)/IDENT(631),i(IDENT(831)/IDENT(1081),[]))))],IDENT(636)))\IDENT(829))
 52 --p(IDENT(513))-->  78
 52 --p(IDENT(631))-->  78
 52 --p(IDENT(1081))-->  80
 52 --p(IDENT(963))-->  52
 52 --p(IDENT(1081))-->  52
 52 --p(IDENT(631))-->  51
[ 53]: |(IDENT(77),|(IDENT(591)[i(IDENT(684)/IDENT(513),i(IDENT(712)/IDENT(963),i(IDENT(802)/IDENT(631),i(IDENT(830)/IDENT(1081),[]))))],|(IDENT(591)[i(IDENT(685)/IDENT(513),i(IDENT(713)/IDENT(963),i(IDENT(803)/IDENT(631),i(IDENT(831)/IDENT(1081),[]))))],IDENT(636))))\IDENT(829))
 53 --p(IDENT(500))-->  73
 53 --p(IDENT(626))-->  77
 53 --p(IDENT(513))-->  53
 53 --p(IDENT(631))-->  53
 53 --p(IDENT(1081))-->  55
 53 --p(IDENT(513))-->  53
 53 --p(IDENT(631))-->  53
 53 --p(IDENT(1081))-->  54
[ 54]: |(IDENT(77),|(IDENT(591)[i(IDENT(684)/IDENT(513),i(IDENT(712)/IDENT(963),i(IDENT(802)/IDENT(631),i(IDENT(830)/IDENT(1081),[]))))],|(IDENT(408)[i(IDENT(685)/IDENT(513),i(IDENT(713)/IDENT(963),i(IDENT(803)/IDENT(631),i(IDENT(831)/IDENT(1081),[]))))],IDENT(636))))\IDENT(829))
 54 --p(IDENT(500))-->  74
 54 --p(IDENT(626))-->  78
 54 --p(IDENT(513))-->  54
 54 --p(IDENT(631))-->  54
 54 --p(IDENT(1081))-->  56
 54 --p(IDENT(963))-->  54
 54 --p(IDENT(1081))-->  54
 54 --p(IDENT(631))-->  53
[ 55]: |(IDENT(77),|(IDENT(408)[i(IDENT(684)/IDENT(513),i(IDENT(712)/IDENT(963),i(IDENT(802)/IDENT(631),i(IDENT(830)/IDENT(1081),[]))))],|(IDENT(591)[i(IDENT(685)/IDENT(513),i(IDENT(713)/IDENT(963),i(IDENT(803)/IDENT(631),i(IDENT(831)/IDENT(1081),[]))))],IDENT(636))))\IDENT(829))
 55 --p(IDENT(500))-->  75
 55 --p(IDENT(626))-->  79
 55 --p(IDENT(963))-->  55
 55 --p(IDENT(1081))-->  55
 55 --p(IDENT(631))-->  53
 55 --p(IDENT(513))-->  55
 55 --p(IDENT(631))-->  55
 55 --p(IDENT(1081))-->  56
[ 56]: |(IDENT(77),|(IDENT(408)[i(IDENT(684)/IDENT(513),i(IDENT(712)/IDENT(963),i(IDENT(802)/IDENT(631),i(IDENT(830)/IDENT(1081),[]))))],|(IDENT(408)[i(IDENT(685)/IDENT(513),i(IDENT(713)/IDENT(963),i(IDENT(803)/IDENT(631),i(IDENT(831)/IDENT(1081),[]))))],IDENT(636))))\IDENT(829))
 56 --p(IDENT(500))-->  76
 56 --p(IDENT(626))-->  80
 56 --p(IDENT(963))-->  56
 56 --p(IDENT(1081))-->  56
 56 --p(IDENT(631))-->  54
 56 --p(IDENT(963))-->  56
 56 --p(IDENT(1081))-->  56
 56 --p(IDENT(631))-->  55
[ 57]: |(IDENT(76),|(q(IDENT(831)).q(IDENT(503)).IDENT(1181),|(IDENT(591)[i(IDENT(684)/IDENT(513),i(IDENT(712)/IDENT(963),i(IDENT(802)/IDENT(631),i(IDENT(830)/IDENT(1081),[]))))],|(IDENT(591)[i(IDENT(685)/IDENT(513),i(IDENT(713)/IDENT(963),i(IDENT(803)/IDENT(631),i(IDENT(831)/IDENT(1081),[]))))],IDENT(636)))))\IDENT(829))
 57 --p(IDENT(499))-->  65
 57 --p(IDENT(836))-->  73
 57 --p(IDENT(513))-->  57
 57 --p(IDENT(631))-->  57
 57 --p(IDENT(1081))-->  59
 57 --p(IDENT(513))-->  57
 57 --p(IDENT(631))-->  57
 57 --p(IDENT(1081))-->  58
[ 58]: |(IDENT(76),|(q(IDENT(831)).q(IDENT(503)).IDENT(1181),|(IDENT(591)[i(IDENT(684)/IDENT(513),i(IDENT(712)/IDENT(963),i(IDENT(802)/IDENT(631),i(IDENT(830)/IDENT(1081),[]))))],|(IDENT(408)[i(IDENT(685)/IDENT(513),i(IDENT(713)/IDENT(963),i(IDENT(803)/IDENT(631),i(IDENT(831)/IDENT(1081),[]))))],IDENT(636)))))\IDENT(829))
 58 --p(IDENT(499))-->  66
 58 --p(IDENT(836))-->  74
 58 --p(IDENT(513))-->  58
 58 --p(IDENT(631))-->  58
 58 --p(IDENT(1081))-->  60
 58 --p(IDENT(963))-->  58
 58 --p(IDENT(1081))-->  58
 58 --p(IDENT(631))-->  57
[ 59]: |(IDENT(76),|(q(IDENT(831)).q(IDENT(503)).IDENT(1181),|(IDENT(408)[i(IDENT(684)/IDENT(513),i(IDENT(712)/IDENT(963),i(IDENT(802)/IDENT(631),i(IDENT(830)/IDENT(1081),[]))))],|(IDENT(591)[i(IDENT(685)/IDENT(513),i(IDENT(713)/IDENT(963),i(IDENT(803)/IDENT(631),i(IDENT(831)/IDENT(1081),[]))))],IDENT(636)))))\IDENT(829))
 59 --p(IDENT(499))-->  67
 59 --p(IDENT(836))-->  75
 59 --p(IDENT(963))-->  59
 59 --p(IDENT(1081))-->  59
 59 --p(IDENT(631))-->  57
 59 --p(IDENT(513))-->  59
 59 --p(IDENT(631))-->  59
 59 --p(IDENT(1081))-->  60
[ 60]: |(IDENT(76),|(q(IDENT(831)).q(IDENT(503)).IDENT(1181),|(IDENT(408)[i(IDENT(684)/IDENT(513),i(IDENT(712)/IDENT(963),i(IDENT(802)/IDENT(631),i(IDENT(830)/IDENT(1081),[]))))],|(IDENT(408)[i(IDENT(685)/IDENT(513),i(IDENT(713)/IDENT(963),i(IDENT(803)/IDENT(631),i(IDENT(831)/IDENT(1081),[]))))],IDENT(636)))))\IDENT(829))
 60 --p(IDENT(499))-->  68
 60 --p(IDENT(836))-->  76
 60 --p(IDENT(963))-->  60
 60 --p(IDENT(1081))-->  60
 60 --p(IDENT(631))-->  58
 60 --p(IDENT(963))-->  60
 60 --p(IDENT(1081))-->  60
 60 --p(IDENT(631))-->  59
[ 61]: |(IDENT(76),|(IDENT(591)[i(IDENT(684)/IDENT(513),i(IDENT(712)/IDENT(963),i(IDENT(802)/IDENT(631),i(IDENT(830)/IDENT(1081),[]))))],|(IDENT(591)[i(IDENT(685)/IDENT(513),i(IDENT(713)/IDENT(963),i(IDENT(803)/IDENT(631),i(IDENT(831)/IDENT(1081),[]))))],IDENT(636))))\IDENT(829))
 61 --p(IDENT(499))-->  69
 61 --p(IDENT(836))-->  77
 61 --p(IDENT(513))-->  61
 61 --p(IDENT(631))-->  61
 61 --p(IDENT(1081))-->  63
 61 --p(IDENT(513))-->  61
 61 --p(IDENT(631))-->  61
 61 --p(IDENT(1081))-->  62
[ 62]: |(IDENT(76),|(IDENT(591)[i(IDENT(684)/IDENT(513),i(IDENT(712)/IDENT(963),i(IDENT(802)/IDENT(631),i(IDENT(830)/IDENT(1081),[]))))],|(IDENT(408)[i(IDENT(685)/IDENT(513),i(IDENT(713)/IDENT(963),i(IDENT(803)/IDENT(631),i(IDENT(831)/IDENT(1081),[]))))],IDENT(636))))\IDENT(829))
 62 --p(IDENT(499))-->  70
 62 --p(IDENT(836))-->  78
 62 --p(IDENT(513))-->  62
 62 --p(IDENT(631))-->  62
 62 --p(IDENT(1081))-->  64
 62 --p(IDENT(963))-->  62
 62 --p(IDENT(1081))-->  62
 62 --p(IDENT(631))-->  61
[ 63]: |(IDENT(76),|(IDENT(408)[i(IDENT(684)/IDENT(513),i(IDENT(712)/IDENT(963),i(IDENT(802)/IDENT(631),i(IDENT(830)/IDENT(1081),[]))))],|(IDENT(591)[i(IDENT(685)/IDENT(513),i(IDENT(713)/IDENT(963),i(IDENT(803)/IDENT(631),i(IDENT(831)/IDENT(1081),[]))))],IDENT(636))))\IDENT(829))
 63 --p(IDENT(499))-->  71
 63 --p(IDENT(836))-->  79
 63 --p(IDENT(963))-->  63
 63 --p(IDENT(1081))-->  63
 63 --p(IDENT(631))-->  61
 63 --p(IDENT(513))-->  63
 63 --p(IDENT(631))-->  63
 63 --p(IDENT(1081))-->  64
[ 64]: |(IDENT(76),|(IDENT(408)[i(IDENT(684)/IDENT(513),i(IDENT(712)/IDENT(963),i(IDENT(802)/IDENT(631),i(IDENT(830)/IDENT(1081),[]))))],|(IDENT(408)[i(IDENT(685)/IDENT(513),i(IDENT(713)/IDENT(963),i(IDENT(803)/IDENT(631),i(IDENT(831)/IDENT(1081),[]))))],IDENT(636))))\IDENT(829))
 64 --p(IDENT(499))-->  72
 64 --p(IDENT(836))-->  80
 64 --p(IDENT(963))-->  64
 64 --p(IDENT(1081))-->  64
 64 --p(IDENT(631))-->  62
 64 --p(IDENT(963))-->  64
 64 --p(IDENT(1081))-->  64
 64 --p(IDENT(631))-->  63
[ 65]: |(q(IDENT(830)).q(IDENT(504)).IDENT(125),|(q(IDENT(831)).q(IDENT(503)).IDENT(1181),|(IDENT(591)[i(IDENT(684)/IDENT(513),i(IDENT(712)/IDENT(963),i(IDENT(802)/IDENT(631),i(IDENT(830)/IDENT(1081),[]))))],|(IDENT(591)[i(IDENT(685)/IDENT(513),i(IDENT(713)/IDENT(963),i(IDENT(803)/IDENT(631),i(IDENT(831)/IDENT(1081),[]))))],IDENT(636)))))\IDENT(829))
 65 --p(IDENT(513))-->  65
 65 --p(IDENT(631))-->  65
 65 --p(IDENT(1081))-->  67
 65 --p(IDENT(513))-->  65
 65 --p(IDENT(631))-->  65
 65 --p(IDENT(1081))-->  66
[ 66]: |(q(IDENT(830)).q(IDENT(504)).IDENT(125),|(q(IDENT(831)).q(IDENT(503)).IDENT(1181),|(IDENT(591)[i(IDENT(684)/IDENT(513),i(IDENT(712)/IDENT(963),i(IDENT(802)/IDENT(631),i(IDENT(830)/IDENT(1081),[]))))],|(IDENT(408)[i(IDENT(685)/IDENT(513),i(IDENT(713)/IDENT(963),i(IDENT(803)/IDENT(631),i(IDENT(831)/IDENT(1081),[]))))],IDENT(636)))))\IDENT(829))
 66 --p(IDENT(513))-->  66
 66 --p(IDENT(631))-->  66
 66 --p(IDENT(1081))-->  68
 66 --p(IDENT(963))-->  66
 66 --p(IDENT(1081))-->  66
 66 --p(IDENT(631))-->  65
[ 67]: |(q(IDENT(830)).q(IDENT(504)).IDENT(125),|(q(IDENT(831)).q(IDENT(503)).IDENT(1181),|(IDENT(408)[i(IDENT(684)/IDENT(513),i(IDENT(712)/IDENT(963),i(IDENT(802)/IDENT(631),i(IDENT(830)/IDENT(1081),[]))))],|(IDENT(591)[i(IDENT(685)/IDENT(513),i(IDENT(713)/IDENT(963),i(IDENT(803)/IDENT(631),i(IDENT(831)/IDENT(1081),[]))))],IDENT(636)))))\IDENT(829))
 67 --p(IDENT(963))-->  67
 67 --p(IDENT(1081))-->  67
 67 --p(IDENT(631))-->  65
 67 --p(IDENT(513))-->  67
 67 --p(IDENT(631))-->  67
 67 --p(IDENT(1081))-->  68
[ 68]: |(q(IDENT(830)).q(IDENT(504)).IDENT(125),|(q(IDENT(831)).q(IDENT(503)).IDENT(1181),|(IDENT(408)[i(IDENT(684)/IDENT(513),i(IDENT(712)/IDENT(963),i(IDENT(802)/IDENT(631),i(IDENT(830)/IDENT(1081),[]))))],|(IDENT(408)[i(IDENT(685)/IDENT(513),i(IDENT(713)/IDENT(963),i(IDENT(803)/IDENT(631),i(IDENT(831)/IDENT(1081),[]))))],IDENT(636)))))\IDENT(829))
 68 --p(IDENT(963))-->  68
 68 --p(IDENT(1081))-->  68
 68 --p(IDENT(631))-->  66
 68 --p(IDENT(963))-->  68
 68 --p(IDENT(1081))-->  68
 68 --p(IDENT(631))-->  67
[ 69]: |(q(IDENT(830)).q(IDENT(504)).IDENT(125),|(IDENT(591)[i(IDENT(684)/IDENT(513),i(IDENT(712)/IDENT(963),i(IDENT(802)/IDENT(631),i(IDENT(830)/IDENT(1081),[]))))],|(IDENT(591)[i(IDENT(685)/IDENT(513),i(IDENT(713)/IDENT(963),i(IDENT(803)/IDENT(631),i(IDENT(831)/IDENT(1081),[]))))],IDENT(636))))\IDENT(829))
 69 --p(IDENT(513))-->  69
 69 --p(IDENT(631))-->  69
 69 --p(IDENT(1081))-->  71
 69 --p(IDENT(513))-->  69
 69 --p(IDENT(631))-->  69
 69 --p(IDENT(1081))-->  70
[ 70]: |(q(IDENT(830)).q(IDENT(504)).IDENT(125),|(IDENT(591)[i(IDENT(684)/IDENT(513),i(IDENT(712)/IDENT(963),i(IDENT(802)/IDENT(631),i(IDENT(830)/IDENT(1081),[]))))],|(IDENT(408)[i(IDENT(685)/IDENT(513),i(IDENT(713)/IDENT(963),i(IDENT(803)/IDENT(631),i(IDENT(831)/IDENT(1081),[]))))],IDENT(636))))\IDENT(829))
 70 --p(IDENT(513))-->  70
 70 --p(IDENT(631))-->  70
 70 --p(IDENT(1081))-->  72
 70 --p(IDENT(963))-->  70
 70 --p(IDENT(1081))-->  70
 70 --p(IDENT(631))-->  69
[ 71]: |(q(IDENT(830)).q(IDENT(504)).IDENT(125),|(IDENT(408)[i(IDENT(684)/IDENT(513),i(IDENT(712)/IDENT(963),i(IDENT(802)/IDENT(631),i(IDENT(830)/IDENT(1081),[]))))],|(IDENT(591)[i(IDENT(685)/IDENT(513),i(IDENT(713)/IDENT(963),i(IDENT(803)/IDENT(631),i(IDENT(831)/IDENT(1081),[]))))],IDENT(636))))\IDENT(829))
 71 --p(IDENT(963))-->  71
 71 --p(IDENT(1081))-->  71
 71 --p(IDENT(631))-->  69
 71 --p(IDENT(513))-->  71
 71 --p(IDENT(631))-->  71
 71 --p(IDENT(1081))-->  72
[ 72]: |(q(IDENT(830)).q(IDENT(504)).IDENT(125),|(IDENT(408)[i(IDENT(684)/IDENT(513),i(IDENT(712)/IDENT(963),i(IDENT(802)/IDENT(631),i(IDENT(830)/IDENT(1081),[]))))],|(IDENT(408)[i(IDENT(685)/IDENT(513),i(IDENT(713)/IDENT(963),i(IDENT(803)/IDENT(631),i(IDENT(831)/IDENT(1081),[]))))],IDENT(636))))\IDENT(829))
 72 --p(IDENT(963))-->  72
 72 --p(IDENT(1081))-->  72
 72 --p(IDENT(631))-->  70
 72 --p(IDENT(963))-->  72
 72 --p(IDENT(1081))-->  72
 72 --p(IDENT(631))-->  71
[ 73]: |(q(IDENT(831)).q(IDENT(503)).IDENT(1181),|(IDENT(591)[i(IDENT(684)/IDENT(513),i(IDENT(712)/IDENT(963),i(IDENT(802)/IDENT(631),i(IDENT(830)/IDENT(1081),[]))))],|(IDENT(591)[i(IDENT(685)/IDENT(513),i(IDENT(713)/IDENT(963),i(IDENT(803)/IDENT(631),i(IDENT(831)/IDENT(1081),[]))))],IDENT(636))))\IDENT(829))
 73 --p(IDENT(513))-->  73
 73 --p(IDENT(631))-->  73
 73 --p(IDENT(1081))-->  75
 73 --p(IDENT(513))-->  73
 73 --p(IDENT(631))-->  73
 73 --p(IDENT(1081))-->  74
[ 74]: |(q(IDENT(831)).q(IDENT(503)).IDENT(1181),|(IDENT(591)[i(IDENT(684)/IDENT(513),i(IDENT(712)/IDENT(963),i(IDENT(802)/IDENT(631),i(IDENT(830)/IDENT(1081),[]))))],|(IDENT(408)[i(IDENT(685)/IDENT(513),i(IDENT(713)/IDENT(963),i(IDENT(803)/IDENT(631),i(IDENT(831)/IDENT(1081),[]))))],IDENT(636))))\IDENT(829))
 74 --p(IDENT(513))-->  74
 74 --p(IDENT(631))-->  74
 74 --p(IDENT(1081))-->  76
 74 --p(IDENT(963))-->  74
 74 --p(IDENT(1081))-->  74
 74 --p(IDENT(631))-->  73
[ 75]: |(q(IDENT(831)).q(IDENT(503)).IDENT(1181),|(IDENT(408)[i(IDENT(684)/IDENT(513),i(IDENT(712)/IDENT(963),i(IDENT(802)/IDENT(631),i(IDENT(830)/IDENT(1081),[]))))],|(IDENT(591)[i(IDENT(685)/IDENT(513),i(IDENT(713)/IDENT(963),i(IDENT(803)/IDENT(631),i(IDENT(831)/IDENT(1081),[]))))],IDENT(636))))\IDENT(829))
 75 --p(IDENT(963))-->  75
 75 --p(IDENT(1081))-->  75
 75 --p(IDENT(631))-->  73
 75 --p(IDENT(513))-->  75
 75 --p(IDENT(631))-->  75
 75 --p(IDENT(1081))-->  76
[ 76]: |(q(IDENT(831)).q(IDENT(503)).IDENT(1181),|(IDENT(408)[i(IDENT(684)/IDENT(513),i(IDENT(712)/IDENT(963),i(IDENT(802)/IDENT(631),i(IDENT(830)/IDENT(1081),[]))))],|(IDENT(408)[i(IDENT(685)/IDENT(513),i(IDENT(713)/IDENT(963),i(IDENT(803)/IDENT(631),i(IDENT(831)/IDENT(1081),[]))))],IDENT(636))))\IDENT(829))
 76 --p(IDENT(963))-->  76
 76 --p(IDENT(1081))-->  76
 76 --p(IDENT(631))-->  74
 76 --p(IDENT(963))-->  76
 76 --p(IDENT(1081))-->  76
 76 --p(IDENT(631))-->  75
[ 77]: |(IDENT(591)[i(IDENT(684)/IDENT(513),i(IDENT(712)/IDENT(963),i(IDENT(802)/IDENT(631),i(IDENT(830)/IDENT(1081),[]))))],|(IDENT(591)[i(IDENT(685)/IDENT(513),i(IDENT(713)/IDENT(963),i(IDENT(803)/IDENT(631),i(IDENT(831)/IDENT(1081),[]))))],IDENT(636)))\IDENT(829))
 77 --p(IDENT(513))-->  77
 77 --p(IDENT(631))-->  77
 77 --p(IDENT(1081))-->  79
 77 --p(IDENT(513))-->  77
 77 --p(IDENT(631))-->  77
 77 --p(IDENT(1081))-->  78
[ 78]: |(IDENT(591)[i(IDENT(684)/IDENT(513),i(IDENT(712)/IDENT(963),i(IDENT(802)/IDENT(631),i(IDENT(830)/IDENT(1081),[]))))],|(IDENT(408)[i(IDENT(685)/IDENT(513),i(IDENT(713)/IDENT(963),i(IDENT(803)/IDENT(631),i(IDENT(831)/IDENT(1081),[]))))],IDENT(636)))\IDENT(829))
 78 --p(IDENT(513))-->  78
 78 --p(IDENT(631))-->  78
 78 --p(IDENT(1081))-->  80
 78 --p(IDENT(963))-->  78
 78 --p(IDENT(1081))-->  78
 78 --p(IDENT(631))-->  77
[ 79]: |(IDENT(408)[i(IDENT(684)/IDENT(513),i(IDENT(712)/IDENT(963),i(IDENT(802)/IDENT(631),i(IDENT(830)/IDENT(1081),[]))))],|(IDENT(591)[i(IDENT(685)/IDENT(513),i(IDENT(713)/IDENT(963),i(IDENT(803)/IDENT(631),i(IDENT(831)/IDENT(1081),[]))))],IDENT(636)))\IDENT(829))
 79 --p(IDENT(963))-->  79
 79 --p(IDENT(1081))-->  79
 79 --p(IDENT(631))-->  77
 79 --p(IDENT(513))-->  79
 79 --p(IDENT(631))-->  79
 79 --p(IDENT(1081))-->  80
[ 80]: |(IDENT(408)[i(IDENT(684)/IDENT(513),i(IDENT(712)/IDENT(963),i(IDENT(802)/IDENT(631),i(IDENT(830)/IDENT(1081),[]))))],|(IDENT(408)[i(IDENT(685)/IDENT(513),i(IDENT(713)/IDENT(963),i(IDENT(803)/IDENT(631),i(IDENT(831)/IDENT(1081),[]))))],IDENT(636)))\IDENT(829))
 80 --p(IDENT(963))-->  80
 80 --p(IDENT(1081))-->  80
 80 --p(IDENT(631))-->  78
 80 --p(IDENT(963))-->  80
 80 --p(IDENT(1081))-->  80
 80 --p(IDENT(631))-->  79
